******************************************************************************
                  TI ARM Linker PC v5.1.6                      
******************************************************************************
>> Linked Mon Jul 28 07:57:04 2014

OUTPUT FILE NAME:   <helloWorld_TivaTM4C1233H6PM.out>
ENTRY POINT SYMBOL: "_c_int00"  address: 00003b41


MEMORY CONFIGURATION

         name            origin    length      used     unused   attr    fill
----------------------  --------  ---------  --------  --------  ----  --------
  FLASH                 00000000   00040000  000074ec  00038b14  R  X
  SRAM                  20000000   00008000  00003c74  0000438c  RW X


SEGMENT ALLOCATION MAP

run origin  load origin   length   init length attrs members
----------  ----------- ---------- ----------- ----- -------
00000000    00000000    000074f0   000074f0    r-x
  00000000    00000000    0000003c   0000003c    r-- .resetVecs
  0000003c    0000003c    00004dd6   00004dd6    r-x .text
  00004e14    00004e14    0000238a   0000238a    r-- .const
  000071a0    000071a0    00000350   00000350    r-- .cinit
20000000    20000000    00000360   00000000    rw-
  20000000    20000000    00000360   00000000    rw- .vecs
20000380    20000380    00003914   00000000    rw-
  20000380    20000380    00002430   00000000    rw- .bss
  200027b0    200027b0    00001000   00000000    rw- .stack
  200037b0    200037b0    000004e4   00000000    rw- .data


SECTION ALLOCATION MAP

 output                                  attributes/
section   page    origin      length       input sections
--------  ----  ----------  ----------   ----------------
.bootVecs 
*          0    00000000    00000008     DSECT
                  00000000    00000008     boot.aem4f : boot.oem4f (.bootVecs)

.resetVecs 
*          0    00000000    0000003c     
                  00000000    0000003c     helloWorld_pem4f.oem4f (.resetVecs)

xdc.meta   0    00000000    00000111     COPY SECTION
                  00000000    00000111     helloWorld_pem4f.oem4f (xdc.meta)

.init_array 
*          0    00000000    00000000     UNINITIALIZED

.text      0    0000003c    00004dd6     
                  0000003c    0000042c     sysbios.aem4f : BIOS.obj (.text:ti_sysbios_family_arm_m3_Hwi_excDumpRegs__I)
                  00000468    0000033c     ti.targets.arm.rtsarm.aem4f : System.oem4f (.text:xdc_runtime_System_doPrint__I)
                  000007a4    000002d4     rtsv7M4_T_le_v4SPD16_eabi.lib : trgdrv.obj (.text)
                  00000a78    0000024c     sysbios.aem4f : BIOS.obj (.text:ti_sysbios_family_arm_lm4_Timer_start__E)
                  00000cc4    00000248                   : BIOS.obj (.text:ti_sysbios_heaps_HeapMem_free__E)
                  00000f0c    00000234                   : BIOS.obj (.text:ti_sysbios_heaps_HeapMem_alloc__E)
                  00001140    000001e0                   : BIOS.obj (.text:ti_sysbios_family_arm_m3_Hwi_excHandlerMax__I)
                  00001320    00000168                   : BIOS.obj (.text:ti_sysbios_family_arm_m3_Hwi_excBusFault__I)
                  00001488    00000154                   : BIOS.obj (.text:ti_sysbios_family_arm_m3_Hwi_excUsageFault__I)
                  000015dc    00000140                   : BIOS.obj (.text:ti_sysbios_family_arm_lm4_TimestampProvider_get64__E)
                  0000171c    00000140                   : BIOS.obj (.text:ti_sysbios_family_arm_m3_Hwi_excMemFault__I)
                  0000185c    00000138                   : BIOS.obj (.text:ti_sysbios_heaps_HeapMem_Instance_init__E)
                  00001994    00000138     helloWorld_pem4f.oem4f (.text:ti_uia_loggers_LoggerStopMode_writeMemoryRange__E)
                  00001acc    0000012c     sysbios.aem4f : BIOS.obj (.text:ti_sysbios_knl_Clock_workFunc__E)
                  00001bf8    00000124                   : BIOS.obj (.text:ti_sysbios_family_arm_m3_Hwi_dispatchC__I)
                  00001d1c    00000120                   : BIOS.obj (.text:ti_sysbios_knl_Swi_run__I)
                  00001e3c    00000120     ti.targets.arm.rtsarm.aem4f : Error.oem4f (.text:xdc_runtime_Error_policyDefault__E)
                  00001f5c    0000011c     helloWorld_pem4f.oem4f (.text:ti_uia_loggers_LoggerStopMode_write8__E)
                  00002078    00000104     helloWorld_pem4f.oem4f (.text:ti_uia_loggers_LoggerStopMode_write4__E)
                  0000217c    00000104     ti.targets.arm.rtsarm.aem4f : Core-mem.oem4f (.text:xdc_runtime_Core_createObject__I)
                  00002280    00000104     helloWorld_pem4f.oem4f (.text:xdc_runtime_System_printfExtend__I)
                  00002384    00000100     Boot.aem4f : Boot_sysctl.oem4f (.text:ti_catalog_arm_cortexm4_tiva_ce_Boot_sysCtlClockSetI__I)
                  00002484    000000fc     ti.targets.arm.rtsarm.aem4f : Startup.oem4f (.text:xdc_runtime_Startup_startMods__I)
                  00002580    000000f8     helloWorld_pem4f.oem4f (.text:ti_uia_loggers_LoggerStopMode_write2__E)
                  00002678    000000f4     sysbios.aem4f : m3_Hwi_asm.obj (.text:ti_sysbios_family_arm_m3_Hwi_dispatch__I)
                  0000276c    000000f4     helloWorld_pem4f.oem4f (.text:ti_uia_loggers_LoggerStopMode_write1__E)
                  00002860    000000e8     helloWorld_pem4f.oem4f (.text:ti_uia_loggers_LoggerStopMode_write0__E)
                  00002948    000000c4     sysbios.aem4f : BIOS.obj (.text:ti_sysbios_family_arm_m3_Hwi_Module_startup__E)
                  00002a0c    000000c0                   : BIOS.obj (.text:ti_sysbios_family_arm_lm4_TimestampProvider_get32__E)
                  00002acc    000000b4                   : BIOS.obj (.text:ti_sysbios_family_arm_m3_Hwi_excHardFault__I)
                  00002b80    000000b0                   : BIOS.obj (.text:ti_sysbios_family_arm_m3_Hwi_excDebugMon__I)
                  00002c30    000000b0                   : BIOS.obj (.text:ti_sysbios_utils_Load_idleFxn__E)
                  00002ce0    000000ac                   : BIOS.obj (.text:ti_sysbios_family_arm_lm4_Timer_enableTiva__I)
                  00002d8c    000000a8                   : BIOS.obj (.text:ti_sysbios_family_arm_lm4_Timer_enableTimers__I)
                  00002e34    000000a8                   : BIOS.obj (.text:ti_sysbios_knl_Swi_post__E)
                  00002edc    000000a8                   : BIOS.obj (.text:ti_sysbios_utils_Load_updateLoads__E)
                  00002f84    000000a0     auto_init.aem4f : auto_init.oem4f (.text)
                  00003024    0000009c     rtsv7M4_T_le_v4SPD16_eabi.lib : memcpy_t2.obj (.text)
                  000030c0    0000009a     ti.targets.arm.rtsarm.aem4f : Text.oem4f (.text:xdc_runtime_Text_putSite__E)
                  0000315a    00000002     helloWorld_pem4f.oem4f (.text:ti_sysbios_BIOS_nullFunc__I)
                  0000315c    00000098     sysbios.aem4f : BIOS.obj (.text:ti_sysbios_gates_GateSwi_enter__E)
                  000031f4    00000094     Boot.aem4f : Boot.oem4f (.text:ti_catalog_arm_cortexm4_tiva_ce_Boot_sysCtlClockSet__E)
                  00003288    00000094     ti.targets.arm.rtsarm.aem4f : Text.oem4f (.text:xdc_runtime_Text_putMod__E)
                  0000331c    00000090     main.obj (.text)
                  000033ac    00000090     ti.uia.loggers.aem4f : LoggerStopMode.oem4f (.text:ti_uia_loggers_LoggerStopMode_initQueueDescriptor__E)
                  0000343c    0000008c     sysbios.aem4f : BIOS.obj (.text:ti_sysbios_family_arm_m3_Hwi_initNVIC__E)
                  000034c8    0000007c                   : BIOS.obj (.text:ti_sysbios_utils_Load_logLoads__I)
                  00003544    00000078     rtsv7M4_T_le_v4SPD16_eabi.lib : memset_t2.obj (.text)
                  000035bc    00000070     ti.uia.runtime.aem4f : QueueDescriptor.oem4f (.text:ti_uia_runtime_QueueDescriptor_addToList__E)
                  0000362c    00000070     ti.targets.arm.rtsarm.aem4f : Memory.oem4f (.text:xdc_runtime_Memory_alloc__E)
                  0000369c    0000006c     sysbios.aem4f : BIOS.obj (.text:ti_sysbios_utils_Load_updateThreadContexts__E)
                  00003708    0000006c     ti.targets.arm.rtsarm.aem4f : Error.oem4f (.text:xdc_runtime_Error_print__E)
                  00003774    0000006a     ti.uia.loggers.aem4f : LoggerStopMode.oem4f (.text:ti_uia_loggers_LoggerStopMode_flush__E)
                  000037de    00000066     ti.targets.arm.rtsarm.aem4f : Core-mem.oem4f (.text:xdc_runtime_Core_deleteObject__I)
                  00003844    00000064     sysbios.aem4f : BIOS.obj (.text:ti_sysbios_utils_Load_logCPULoad__I)
                  000038a8    00000060     rtsv7M4_T_le_v4SPD16_eabi.lib : trgmsg.obj (.text)
                  00003908    00000060     sysbios.aem4f : BIOS.obj (.text:ti_sysbios_family_arm_lm4_Timer_isrStub__E)
                  00003968    00000060                   : BIOS.obj (.text:ti_sysbios_knl_Clock_logTick__E)
                  000039c8    00000060     ti.targets.arm.rtsarm.aem4f : System.oem4f (.text:xdc_runtime_System_formatNum__I)
                  00003a28    0000005e     rtsv7M4_T_le_v4SPD16_eabi.lib : copy_decompress_rle.obj (.text)
                  00003a86    00000002     sysbios.aem4f : BIOS.obj (.text:ti_sysbios_family_arm_m3_Hwi_doTaskRestore__I)
                  00003a88    0000005c                   : BIOS.obj (.text:ti_sysbios_family_arm_lm4_Timer_Module_startup__E)
                  00003ae4    0000005b     ti.targets.arm.rtsarm.aem4f : Text.oem4f (.text:xdc_runtime_Text_putLab__E)
                  00003b3f    00000001     --HOLE-- [fill = 0]
                  00003b40    00000058     boot.aem4f : boot.oem4f (.text)
                  00003b98    00000058     sysbios.aem4f : BIOS.obj (.text:ti_sysbios_knl_Swi_restoreHwi__E)
                  00003bf0    00000050                   : BIOS.obj (.text:ti_sysbios_utils_Load_updateCurrentThreadTime__E)
                  00003c40    00000050     ti.targets.arm.rtsarm.aem4f : Startup.oem4f (.text:xdc_runtime_Startup_exec__E)
                  00003c90    00000050                                 : Text.oem4f (.text:xdc_runtime_Text_visitRope2__I)
                  00003ce0    0000004c     sysbios.aem4f : BIOS.obj (.text:ti_sysbios_knl_Swi_runLoop__I)
                  00003d2c    0000004c     ti.uia.loggers.aem4f : LoggerStopMode.oem4f (.text:ti_uia_loggers_LoggerStopMode_Module_startup__E)
                  00003d78    00000048     sysbios.aem4f : BIOS.obj (.text:ti_sysbios_family_arm_m3_Hwi_excReserved__I)
                  00003dc0    00000048                   : BIOS.obj (.text:ti_sysbios_heaps_HeapMem_getStats__E)
                  00003e08    00000048     ti.uia.loggers.aem4f : LoggerStopMode.oem4f (.text:ti_uia_loggers_LoggerStopMode_initBuffer__I)
                  00003e50    00000048     ti.targets.arm.rtsarm.aem4f : Assert.oem4f (.text:xdc_runtime_Assert_raise__I)
                  00003e98    00000046                                 : Core-params.oem4f (.text:xdc_runtime_Core_assignParams__I)
                  00003ede    00000002     sysbios.aem4f : BIOS.obj (.text:ti_sysbios_gates_GateHwi_Instance_init__E)
                  00003ee0    00000044     rtsv7M4_T_le_v4SPD16_eabi.lib : cpy_tbl.obj (.text)
                  00003f24    00000044                                   : exit.obj (.text)
                  00003f68    00000044     sysbios.aem4f : BIOS.obj (.text:ti_sysbios_family_arm_lm4_Timer_stop__E)
                  00003fac    00000044                   : BIOS.obj (.text:ti_sysbios_family_arm_m3_Hwi_disableInterrupt__E)
                  00003ff0    00000044                   : BIOS.obj (.text:ti_sysbios_family_arm_m3_Hwi_enableInterrupt__E)
                  00004034    00000044     ti.targets.arm.rtsarm.aem4f : Error.oem4f (.text:xdc_runtime_Error_setX__E)
                  00004078    00000044                                 : SysMin.oem4f (.text:xdc_runtime_SysMin_flush__E)
                  000040bc    00000042     rtsv7M4_T_le_v4SPD16_eabi.lib : u_divt2.obj (.text)
                  000040fe    00000002     sysbios.aem4f : BIOS.obj (.text:ti_sysbios_gates_GateSwi_Instance_init__E)
                  00004100    00000040                   : BIOS.obj (.text:ti_sysbios_family_arm_lm4_Timer_startup__E)
                  00004140    0000003c                   : BIOS.obj (.text:ti_sysbios_family_arm_m3_Hwi_excSvCall__I)
                  0000417c    0000003c                   : BIOS.obj (.text:ti_sysbios_family_arm_m3_Hwi_getStackInfo__E)
                  000041b8    0000003c                   : BIOS.obj (.text:ti_sysbios_heaps_HeapMem_init__I)
                  000041f4    0000003c     ti.targets.arm.rtsarm.aem4f : Text.oem4f (.text:xdc_runtime_Text_xprintf__I)
                  00004230    00000038     sysbios.aem4f : BIOS.obj (.text:ti_sysbios_family_arm_m3_Hwi_excNoIsr__I)
                  00004268    00000038                   : BIOS.obj (.text:ti_sysbios_knl_Swi_schedule__I)
                  000042a0    00000038     ti.targets.arm.rtsarm.aem4f : SysMin.oem4f (.text:xdc_runtime_SysMin_putch__E)
                  000042d8    00000038                                 : System.oem4f (.text:xdc_runtime_System_atexit__E)
                  00004310    00000034     sysbios.aem4f : BIOS.obj (.text:ti_sysbios_family_arm_m3_Hwi_excNmi__I)
                  00004344    00000034                   : BIOS.obj (.text:ti_sysbios_hal_Hwi_checkStack)
                  00004378    00000034     ti.uia.loggers.aem4f : LoggerStopMode.oem4f (.text:ti_uia_loggers_LoggerStopMode_reset__E)
                  000043ac    00000034     ti.targets.arm.rtsarm.aem4f : Core-label.oem4f (.text:xdc_runtime_Core_assignLabel__I)
                  000043e0    00000033                                 : Text.oem4f (.text:xdc_runtime_Text_printVisFxn__I)
                  00004413    00000001     --HOLE-- [fill = 0]
                  00004414    00000030     helloWorld_pem4f.oem4f (.text:ti_sysbios_gates_GateHwi_Object__create__S)
                  00004444    00000030     helloWorld_pem4f.oem4f (.text:ti_sysbios_gates_GateSwi_Object__create__S)
                  00004474    00000030     helloWorld_pem4f.oem4f (.text:ti_sysbios_heaps_HeapMem_Object__create__S)
                  000044a4    00000030     helloWorld_pem4f.oem4f (.text:ti_uia_loggers_LoggerStopMode_Object__create__S)
                  000044d4    00000030     ti.targets.arm.rtsarm.aem4f : SysMin.oem4f (.text:xdc_runtime_SysMin_abort__E)
                  00004504    00000030                                 : System.oem4f (.text:xdc_runtime_System_processAtExit__E)
                  00004534    0000002c     helloWorld_pem4f.oem4f (.text:ti_sysbios_BIOS_atExitFunc__I)
                  00004560    0000002c     sysbios.aem4f : BIOS.obj (.text:ti_sysbios_gates_GateSwi_leave__E)
                  0000458c    0000002c                   : BIOS.obj (.text:ti_sysbios_hal_Hwi_initStack)
                  000045b8    0000002c     helloWorld_pem4f.oem4f (.text:ti_sysbios_knl_Clock_doTick__I)
                  000045e4    0000002c     ti.targets.arm.rtsarm.aem4f : Text.oem4f (.text:xdc_runtime_Text_cordText__E)
                  00004610    0000002a                                 : System.oem4f (.text:xdc_runtime_System_putchar__I)
                  0000463a    00000002     helloWorld_pem4f.oem4f (.text:ti_uia_loggers_LoggerStopMode_setFilterLevel__E)
                  0000463c    00000028     helloWorld_pem4f.oem4f (.text:ti_sysbios_BIOS_startFunc__I)
                  00004664    00000028     sysbios.aem4f : BIOS.obj (.text:ti_sysbios_knl_Swi_startup__E)
                  0000468c    00000026                   : m3_Hwi_asm.obj (.text:ti_sysbios_family_arm_m3_Hwi_pendSV__I)
                  000046b2    00000026     ti.targets.arm.rtsarm.aem4f : System.oem4f (.text:xdc_runtime_System_avprintf__E)
                  000046d8    00000024     helloWorld_pem4f.oem4f (.text:ti_sysbios_BIOS_errorRaiseHook__I)
                  000046fc    00000024     helloWorld_pem4f.oem4f (.text:ti_sysbios_BIOS_registerRTSLock__I)
                  00004720    00000024     helloWorld_pem4f.oem4f (.text:ti_sysbios_BIOS_removeRTSLock__I)
                  00004744    00000024     sysbios.aem4f : BIOS.obj (.text:ti_sysbios_knl_Clock_Module_startup__E)
                  00004768    00000024                   : BIOS.obj (.text:ti_sysbios_knl_Swi_Module_startup__E)
                  0000478c    00000024     ti.targets.arm.rtsarm.aem4f : System.oem4f (.text:xdc_runtime_System_vprintf__E)
                  000047b0    00000022     helloWorld_pem4f.oem4f (.text:xdc_runtime_SysMin_output__I)
                  000047d2    00000002     ti.uia.loggers.aem4f : LoggerStopMode.oem4f (.text:ti_uia_loggers_LoggerStopMode_setPriority__E)
                  000047d4    00000020     sysbios.aem4f : m3_Hwi_asm.obj (.text:ti_sysbios_family_arm_m3_Hwi_excHandlerAsm__I)
                  000047f4    00000020                   : BIOS.obj (.text:ti_sysbios_family_arm_m3_Hwi_excHandler__I)
                  00004814    00000020     helloWorld_pem4f.oem4f (.text:ti_sysbios_gates_GateHwi_Object__delete__S)
                  00004834    00000020     helloWorld_pem4f.oem4f (.text:ti_sysbios_gates_GateSwi_Object__delete__S)
                  00004854    00000020     helloWorld_pem4f.oem4f (.text:ti_sysbios_heaps_HeapMem_Object__delete__S)
                  00004874    00000020     sysbios.aem4f : BIOS.obj (.text:ti_sysbios_knl_Idle_run__E)
                  00004894    00000020     helloWorld_pem4f.oem4f (.text:ti_uia_loggers_LoggerStopMode_Object__delete__S)
                  000048b4    00000020     ti.targets.arm.rtsarm.aem4f : Registry.oem4f (.text:xdc_runtime_Registry_findById__E)
                  000048d4    00000020                                 : SysMin.oem4f (.text:xdc_runtime_SysMin_Module_startup__E)
                  000048f4    0000001c     helloWorld_pem4f.oem4f (.text:ti_sysbios_BIOS_rtsLock__I)
                  00004910    0000001c     ti.targets.arm.rtsarm.aem4f : Error.oem4f (.text:xdc_runtime_Error_raiseX__E)
                  0000492c    0000001c                                 : Memory.oem4f (.text:xdc_runtime_Memory_valloc__E)
                  00004948    0000001c                                 : SysMin.oem4f (.text:xdc_runtime_SysMin_exit__E)
                  00004964    0000001c                                 : System.oem4f (.text:xdc_runtime_System_abort__E)
                  00004980    0000001a     helloWorld_pem4f.oem4f (.text:ti_sysbios_family_arm_m3_Hwi_Handle__label__S)
                  0000499a    0000001a     helloWorld_pem4f.oem4f (.text:ti_sysbios_gates_GateHwi_Handle__label__S)
                  000049b4    0000001a     helloWorld_pem4f.oem4f (.text:ti_sysbios_gates_GateSwi_Handle__label__S)
                  000049ce    0000001a     helloWorld_pem4f.oem4f (.text:ti_sysbios_heaps_HeapMem_Handle__label__S)
                  000049e8    0000001a     helloWorld_pem4f.oem4f (.text:ti_sysbios_knl_Swi_Handle__label__S)
                  00004a02    0000001a     helloWorld_pem4f.oem4f (.text:ti_uia_loggers_LoggerStopMode_Handle__label__S)
                  00004a1c    0000001a     ti.uia.loggers.aem4f : LoggerStopMode.oem4f (.text:ti_uia_loggers_LoggerStopMode_Instance_init__E)
                  00004a36    0000001a     helloWorld_pem4f.oem4f (.text:xdc_runtime_System_aprintf__E)
                  00004a50    0000001a     helloWorld_pem4f.oem4f (.text:xdc_runtime_System_printf__E)
                  00004a6a    00000002     helloWorld_pem4f.oem4f (.text:xdc_runtime_Startup_reset__I)
                  00004a6c    00000018     rtsv7M4_T_le_v4SPD16_eabi.lib : args_main.obj (.text)
                  00004a84    00000018     helloWorld_pem4f.oem4f (.text:ti_sysbios_BIOS_rtsUnlock__I)
                  00004a9c    00000018     helloWorld_pem4f.oem4f (.text:ti_sysbios_family_arm_lm4_Timer_Module__startupDone__F)
                  00004ab4    00000018     helloWorld_pem4f.oem4f (.text:ti_sysbios_family_arm_m3_Hwi_Module__startupDone__F)
                  00004acc    00000018     ti.targets.arm.rtsarm.aem4f : Error.oem4f (.text:xdc_runtime_Error_check__E)
                  00004ae4    00000018                                 : System.oem4f (.text:xdc_runtime_System_exit__E)
                  00004afc    00000018                                 : Text.oem4f (.text:xdc_runtime_Text_ropeText__E)
                  00004b14    00000016     helloWorld_pem4f.oem4f (.text:ti_sysbios_BIOS_exitFunc__I)
                  00004b2a    00000016     ti.uia.loggers.aem4f : LoggerStopMode.oem4f (.text:ti_uia_loggers_LoggerStopMode_disable__E)
                  00004b40    00000016                          : LoggerStopMode.oem4f (.text:ti_uia_loggers_LoggerStopMode_enable__E)
                  00004b56    00000002     --HOLE-- [fill = 0]
                  00004b58    00000014     rtsv7M4_T_le_v4SPD16_eabi.lib : _lock.obj (.text)
                  00004b6c    00000014                                   : strlen.obj (.text)
                  00004b80    00000014     helloWorld_pem4f.oem4f (.text:ti_sysbios_family_arm_m3_Hwi_Object__get__S)
                  00004b94    00000014     helloWorld_pem4f.oem4f (.text:ti_sysbios_heaps_HeapMem_Object__get__S)
                  00004ba8    00000014     helloWorld_pem4f.oem4f (.text:ti_sysbios_knl_Swi_Object__get__S)
                  00004bbc    00000012     rtsv7M4_T_le_v4SPD16_eabi.lib : copy_zero_init.obj (.text:decompress:ZI)
                  00004bce    00000012     sysbios.aem4f : BIOS.obj (.text:ti_sysbios_hal_Hwi_Module_startup__E)
                  00004be0    00000012     helloWorld_pem4f.oem4f (.text:xdc_runtime_Startup_exec__I)
                  00004bf2    00000010     rtsv7M4_T_le_v4SPD16_eabi.lib : strcpy.obj (.text)
                  00004c02    00000002     --HOLE-- [fill = 0]
                  00004c04    00000010     sysbios.aem4f : BIOS.obj (.text:ti_sysbios_BIOS_getCpuFreq__E)
                  00004c14    00000010                   : BIOS.obj (.text:ti_sysbios_BIOS_setThreadType__E)
                  00004c24    00000010                   : BIOS.obj (.text:ti_sysbios_family_arm_lm4_TimestampProvider_rolloverFunc__E)
                  00004c34    00000010                   : BIOS.obj (.text:ti_sysbios_knl_Swi_disable__E)
                  00004c44    00000010     helloWorld_pem4f.oem4f (.text:ti_uia_loggers_LoggerStopMode_Object__get__S)
                  00004c54    00000010     ti.uia.loggers.aem4f : LoggerStopMode.oem4f (.text:ti_uia_loggers_LoggerStopMode_isEmpty__E)
                  00004c64    00000010     ti.targets.arm.rtsarm.aem4f : Gate.oem4f (.text:xdc_runtime_Gate_leaveSystem__E)
                  00004c74    00000010                                 : Memory.oem4f (.text:xdc_runtime_Memory_free__E)
                  00004c84    00000010                                 : SysMin.oem4f (.text:xdc_runtime_SysMin_ready__E)
                  00004c94    00000010                                 : System.oem4f (.text:xdc_runtime_System_vsnprintf__E)
                  00004ca4    00000010     helloWorld_pem4f.oem4f (.text:xdc_runtime_Text_visitRope__I)
                  00004cb4    0000000e     rtsv7M4_T_le_v4SPD16_eabi.lib : copy_decompress_none.obj (.text:decompress:none)
                  00004cc2    0000000e     sysbios.aem4f : BIOS.obj (.text:ti_sysbios_knl_Queue_empty__E)
                  00004cd0    0000000c     helloWorld_pem4f.oem4f (.text:.bootCodeSection:ti_catalog_arm_cortexm4_tiva_ce_Boot_init__I)
                  00004cdc    0000000c     sysbios.aem4f : BIOS.obj (.text:ti_sysbios_family_arm_lm4_Timer_getMaxTicks__E)
                  00004ce8    0000000c                   : BIOS.obj (.text:ti_sysbios_family_arm_lm4_TimestampProvider_startTimer__E)
                  00004cf4    0000000c                   : BIOS.obj (.text:ti_sysbios_family_arm_m3_Hwi_disableFxn__E)
                  00004d00    0000000c                   : BIOS.obj (.text:ti_sysbios_gates_GateHwi_enter__E)
                  00004d0c    0000000c                   : BIOS.obj (.text:ti_sysbios_gates_GateSwi_query__E)
                  00004d18    0000000c     ti.targets.arm.rtsarm.aem4f : Error.oem4f (.text:xdc_runtime_Error_init__E)
                  00004d24    0000000c                                 : Gate.oem4f (.text:xdc_runtime_Gate_enterSystem__E)
                  00004d30    0000000c                                 : Memory.oem4f (.text:xdc_runtime_Memory_calloc__E)
                  00004d3c    0000000c                                 : Memory.oem4f (.text:xdc_runtime_Memory_getMaxDefaultTypeAlign__E)
                  00004d48    0000000a     helloWorld_pem4f.oem4f (.text:xdc_runtime_IHeap_alloc)
                  00004d52    0000000a     helloWorld_pem4f.oem4f (.text:xdc_runtime_IHeap_free)
                  00004d5c    00000008     sysbios.aem4f : BIOS.obj (.text:ti_sysbios_family_arm_lm4_Timer_masterDisable__I)
                  00004d64    00000008                   : BIOS.obj (.text:ti_sysbios_family_arm_m3_Hwi_doSwiRestore__I)
                  00004d6c    00000008                   : BIOS.obj (.text:ti_sysbios_family_arm_m3_Hwi_startup__E)
                  00004d74    00000008                   : BIOS.obj (.text:ti_sysbios_knl_Idle_loop__E)
                  00004d7c    00000006     ti.targets.arm.rtsarm.aem4f : xdc_noinit.oem4f (.text:__xdc__init)
                  00004d82    00000006     rtsv7M4_T_le_v4SPD16_eabi.lib : copy_decompress_rle.obj (.text:decompress:rle24)
                  00004d88    00000006     Boot.aem4f : Boot_sysctl.oem4f (.text:ti_catalog_arm_cortexm4_tiva_ce_Boot_sysCtlDelayI__I)
                  00004d8e    00000006     sysbios.aem4f : BIOS.obj (.text:ti_sysbios_family_arm_lm4_TimestampProvider_Module_startup__E)
                  00004d94    00000006                   : BIOS.obj (.text:ti_sysbios_family_arm_m3_Hwi_restoreFxn__E)
                  00004d9a    00000006                   : BIOS.obj (.text:ti_sysbios_gates_GateHwi_leave__E)
                  00004da0    00000006                   : BIOS.obj (.text:ti_sysbios_heaps_HeapMem_isBlocking__E)
                  00004da6    00000006                   : BIOS.obj (.text:ti_sysbios_knl_Task_Module_startup__E)
                  00004dac    00000006     ti.targets.arm.rtsarm.aem4f : System.oem4f (.text:xdc_runtime_System_Module_startup__E)
                  00004db2    00000004     helloWorld_pem4f.oem4f (.text:ti_sysbios_BIOS_RtsGateProxy_enter__E)
                  00004db6    00000004     helloWorld_pem4f.oem4f (.text:ti_sysbios_BIOS_RtsGateProxy_leave__E)
                  00004dba    00000004     sysbios.aem4f : BIOS.obj (.text:ti_sysbios_family_arm_lm4_Timer_getPeriod__E)
                  00004dbe    00000004                   : BIOS.obj (.text:ti_sysbios_family_arm_lm4_Timer_masterEnable__I)
                  00004dc2    00000004                   : BIOS.obj (.text:ti_sysbios_gates_GateHwi_query__E)
                  00004dc6    00000004     helloWorld_pem4f.oem4f (.text:ti_sysbios_hal_Hwi_HwiProxy_Module__startupDone__S)
                  00004dca    00000004     helloWorld_pem4f.oem4f (.text:ti_sysbios_heaps_HeapMem_Module_GateProxy_enter__E)
                  00004dce    00000004     helloWorld_pem4f.oem4f (.text:ti_sysbios_heaps_HeapMem_Module_GateProxy_leave__E)
                  00004dd2    00000004     helloWorld_pem4f.oem4f (.text:ti_sysbios_knl_Clock_TimerProxy_Module__startupDone__S)
                  00004dd6    00000004     helloWorld_pem4f.oem4f (.text:ti_sysbios_knl_Clock_TimerProxy_getMaxTicks__E)
                  00004dda    00000004     helloWorld_pem4f.oem4f (.text:ti_sysbios_knl_Clock_TimerProxy_getPeriod__E)
                  00004dde    00000004     ti.uia.loggers.aem4f : LoggerStopMode.oem4f (.text:ti_uia_loggers_LoggerStopMode_getContents__E)
                  00004de2    00000004     helloWorld_pem4f.oem4f (.text:ti_uia_loggers_LoggerStopMode_getFilterLevel__E)
                  00004de6    00000004     ti.uia.loggers.aem4f : LoggerStopMode.oem4f (.text:ti_uia_loggers_LoggerStopMode_getInstanceId__E)
                  00004dea    00000004                          : LoggerStopMode.oem4f (.text:ti_uia_loggers_LoggerStopMode_getMaxLength__E)
                  00004dee    00000004                          : LoggerStopMode.oem4f (.text:ti_uia_loggers_LoggerStopMode_getPriority__E)
                  00004df2    00000004                          : LoggerStopMode.oem4f (.text:ti_uia_loggers_LoggerStopMode_getTransferType__E)
                  00004df6    00000004     ti.targets.arm.rtsarm.aem4f : Error.oem4f (.text:xdc_runtime_Error_getSite__E)
                  00004dfa    00000004     helloWorld_pem4f.oem4f (.text:xdc_runtime_Memory_HeapProxy_alloc__E)
                  00004dfe    00000004     helloWorld_pem4f.oem4f (.text:xdc_runtime_Memory_HeapProxy_free__E)
                  00004e02    00000004     helloWorld_pem4f.oem4f (.text:xdc_runtime_System_Module_GateProxy_enter__E)
                  00004e06    00000004     helloWorld_pem4f.oem4f (.text:xdc_runtime_System_Module_GateProxy_leave__E)
                  00004e0a    00000004     ti.targets.arm.rtsarm.aem4f : System.oem4f (.text:xdc_runtime_System_aprintf_va__F)
                  00004e0e    00000004                                 : System.oem4f (.text:xdc_runtime_System_printf_va__F)

.const     0    00004e14    0000238a     
                  00004e14    00001dbc     helloWorld_pem4f.oem4f (.const:xdc_runtime_Text_charTab__A)
                  00006bd0    000000fc     helloWorld_pem4f.oem4f (.const:xdc_runtime_Text_nodeTab__A)
                  00006ccc    00000060     helloWorld_pem4f.oem4f (.const:ti_uia_loggers_LoggerStopMode_Module__FXNS__C)
                  00006d2c    00000048     helloWorld_pem4f.oem4f (.const:.string)
                  00006d74    00000028     helloWorld_pem4f.oem4f (.const:ti_sysbios_heaps_HeapMem_Module__FXNS__C)
                  00006d9c    00000028     helloWorld_pem4f.oem4f (.const:ti_uia_loggers_LoggerStopMode_Object__PARAMS__C)
                  00006dc4    00000028     helloWorld_pem4f.oem4f (.const:xdc_runtime_Startup_sfxnTab__A)
                  00006dec    00000024     helloWorld_pem4f.oem4f (.const:ti_sysbios_gates_GateHwi_Module__FXNS__C)
                  00006e10    00000024     helloWorld_pem4f.oem4f (.const:ti_sysbios_gates_GateSwi_Module__FXNS__C)
                  00006e34    00000024     helloWorld_pem4f.oem4f (.const:ti_sysbios_heaps_HeapMem_Object__PARAMS__C)
                  00006e58    00000020     helloWorld_pem4f.oem4f (.const:ti_sysbios_gates_GateHwi_Object__DESC__C)
                  00006e78    00000020     helloWorld_pem4f.oem4f (.const:ti_sysbios_gates_GateSwi_Object__DESC__C)
                  00006e98    00000020     helloWorld_pem4f.oem4f (.const:ti_sysbios_heaps_HeapMem_Object__DESC__C)
                  00006eb8    00000020     helloWorld_pem4f.oem4f (.const:ti_uia_loggers_LoggerStopMode_Object__DESC__C)
                  00006ed8    00000018     helloWorld_pem4f.oem4f (.const:ti_sysbios_gates_GateHwi_Object__PARAMS__C)
                  00006ef0    00000018     helloWorld_pem4f.oem4f (.const:ti_sysbios_gates_GateSwi_Object__PARAMS__C)
                  00006f08    00000014     helloWorld_pem4f.oem4f (.const:xdc_runtime_Startup_firstFxns__A)
                  00006f1c    00000014     helloWorld_pem4f.oem4f (.const:xdc_runtime_Startup_sfxnRts__A)
                  00006f30    00000011     ti.targets.arm.rtsarm.aem4f : System.oem4f (.const:.string)
                  00006f41    00000001     helloWorld_pem4f.oem4f (.const:xdc_runtime_Error_policy__C)
                  00006f42    00000002     helloWorld_pem4f.oem4f (.const:ti_catalog_arm_cortexm4_tiva_ce_Boot_Module__id__C)
                  00006f44    00000008     helloWorld_pem4f.oem4f (.const:ti_sysbios_family_arm_m3_Hwi_excHookFuncs__A)
                  00006f4c    00000008     helloWorld_pem4f.oem4f (.const:ti_sysbios_knl_Idle_funcList__A)
                  00006f54    00000008     helloWorld_pem4f.oem4f (.const:ti_sysbios_knl_Idle_funcList__C)
                  00006f5c    00000008     helloWorld_pem4f.oem4f (.const:xdc_runtime_Startup_firstFxns__C)
                  00006f64    00000008     helloWorld_pem4f.oem4f (.const:xdc_runtime_Startup_lastFxns__C)
                  00006f6c    00000004     helloWorld_pem4f.oem4f (.const:ti_catalog_arm_cortexm4_tiva_ce_Boot_A_mustUseEnhancedClockMode__C)
                  00006f70    00000004     helloWorld_pem4f.oem4f (.const:ti_catalog_arm_cortexm4_tiva_ce_Boot_Module__diagsEnabled__C)
                  00006f74    00000004     helloWorld_pem4f.oem4f (.const:ti_catalog_arm_cortexm4_tiva_ce_Boot_Module__diagsIncluded__C)
                  00006f78    00000004     helloWorld_pem4f.oem4f (.const:ti_catalog_arm_cortexm4_tiva_ce_Boot_Module__diagsMask__C)
                  00006f7c    00000004     helloWorld_pem4f.oem4f (.const:ti_sysbios_family_arm_lm4_Timer_enableFunc__C)
                  00006f80    00000004     helloWorld_pem4f.oem4f (.const:ti_sysbios_family_arm_lm4_Timer_numTimerDevices__C)
                  00006f84    00000004     helloWorld_pem4f.oem4f (.const:ti_sysbios_family_arm_lm4_Timer_startupNeeded__C)
                  00006f88    00000004     helloWorld_pem4f.oem4f (.const:ti_sysbios_family_arm_m3_Hwi_E_NMI__C)
                  00006f8c    00000004     helloWorld_pem4f.oem4f (.const:ti_sysbios_family_arm_m3_Hwi_E_busFault__C)
                  00006f90    00000004     helloWorld_pem4f.oem4f (.const:ti_sysbios_family_arm_m3_Hwi_E_debugMon__C)
                  00006f94    00000004     helloWorld_pem4f.oem4f (.const:ti_sysbios_family_arm_m3_Hwi_E_hardFault__C)
                  00006f98    00000004     helloWorld_pem4f.oem4f (.const:ti_sysbios_family_arm_m3_Hwi_E_memFault__C)
                  00006f9c    00000004     helloWorld_pem4f.oem4f (.const:ti_sysbios_family_arm_m3_Hwi_E_noIsr__C)
                  00006fa0    00000004     helloWorld_pem4f.oem4f (.const:ti_sysbios_family_arm_m3_Hwi_E_reserved__C)
                  00006fa4    00000004     helloWorld_pem4f.oem4f (.const:ti_sysbios_family_arm_m3_Hwi_E_svCall__C)
                  00006fa8    00000004     helloWorld_pem4f.oem4f (.const:ti_sysbios_family_arm_m3_Hwi_E_usageFault__C)
                  00006fac    00000004     helloWorld_pem4f.oem4f (.const:ti_sysbios_family_arm_m3_Hwi_LD_end__C)
                  00006fb0    00000004     helloWorld_pem4f.oem4f (.const:ti_sysbios_family_arm_m3_Hwi_LM_begin__C)
                  00006fb4    00000004     helloWorld_pem4f.oem4f (.const:ti_sysbios_family_arm_m3_Hwi_Module__diagsEnabled__C)
                  00006fb8    00000004     helloWorld_pem4f.oem4f (.const:ti_sysbios_family_arm_m3_Hwi_Module__diagsIncluded__C)
                  00006fbc    00000004     helloWorld_pem4f.oem4f (.const:ti_sysbios_family_arm_m3_Hwi_Module__diagsMask__C)
                  00006fc0    00000004     helloWorld_pem4f.oem4f (.const:ti_sysbios_family_arm_m3_Hwi_Module__loggerFxn1__C)
                  00006fc4    00000004     helloWorld_pem4f.oem4f (.const:ti_sysbios_family_arm_m3_Hwi_Module__loggerFxn8__C)
                  00006fc8    00000004     helloWorld_pem4f.oem4f (.const:ti_sysbios_family_arm_m3_Hwi_Module__loggerObj__C)
                  00006fcc    00000004     helloWorld_pem4f.oem4f (.const:ti_sysbios_family_arm_m3_Hwi_NUM_INTERRUPTS__C)
                  00006fd0    00000004     helloWorld_pem4f.oem4f (.const:ti_sysbios_family_arm_m3_Hwi_Object__count__C)
                  00006fd4    00000004     helloWorld_pem4f.oem4f (.const:ti_sysbios_family_arm_m3_Hwi_ccr__C)
                  00006fd8    00000004     helloWorld_pem4f.oem4f (.const:ti_sysbios_family_arm_m3_Hwi_excHandlerFunc__C)
                  00006fdc    00000004     helloWorld_pem4f.oem4f (.const:ti_sysbios_family_arm_m3_Hwi_excHookFuncs__C)
                  00006fe0    00000004     helloWorld_pem4f.oem4f (.const:ti_sysbios_family_arm_m3_Hwi_nullIsrFunc__C)
                  00006fe4    00000004     helloWorld_pem4f.oem4f (.const:ti_sysbios_family_arm_m3_Hwi_priGroup__C)
                  00006fe8    00000004     helloWorld_pem4f.oem4f (.const:ti_sysbios_gates_GateSwi_A_badContext__C)
                  00006fec    00000004     helloWorld_pem4f.oem4f (.const:ti_sysbios_gates_GateSwi_Module__diagsEnabled__C)
                  00006ff0    00000004     helloWorld_pem4f.oem4f (.const:ti_sysbios_gates_GateSwi_Module__diagsIncluded__C)
                  00006ff4    00000004     helloWorld_pem4f.oem4f (.const:ti_sysbios_gates_GateSwi_Module__diagsMask__C)
                  00006ff8    00000004     helloWorld_pem4f.oem4f (.const:ti_sysbios_hal_Hwi_E_stackOverflow__C)
                  00006ffc    00000004     helloWorld_pem4f.oem4f (.const:ti_sysbios_heaps_HeapMem_A_align__C)
                  00007000    00000004     helloWorld_pem4f.oem4f (.const:ti_sysbios_heaps_HeapMem_A_heapSize__C)
                  00007004    00000004     helloWorld_pem4f.oem4f (.const:ti_sysbios_heaps_HeapMem_A_invalidFree__C)
                  00007008    00000004     helloWorld_pem4f.oem4f (.const:ti_sysbios_heaps_HeapMem_A_zeroBlock__C)
                  0000700c    00000004     helloWorld_pem4f.oem4f (.const:ti_sysbios_heaps_HeapMem_E_memory__C)
                  00007010    00000004     helloWorld_pem4f.oem4f (.const:ti_sysbios_heaps_HeapMem_Module__diagsEnabled__C)
                  00007014    00000004     helloWorld_pem4f.oem4f (.const:ti_sysbios_heaps_HeapMem_Module__diagsIncluded__C)
                  00007018    00000004     helloWorld_pem4f.oem4f (.const:ti_sysbios_heaps_HeapMem_Module__diagsMask__C)
                  0000701c    00000004     helloWorld_pem4f.oem4f (.const:ti_sysbios_heaps_HeapMem_Module__gateObj__C)
                  00007020    00000004     helloWorld_pem4f.oem4f (.const:ti_sysbios_heaps_HeapMem_Object__count__C)
                  00007024    00000004     helloWorld_pem4f.oem4f (.const:ti_sysbios_heaps_HeapMem_reqAlign__C)
                  00007028    00000004     helloWorld_pem4f.oem4f (.const:ti_sysbios_knl_Clock_LM_begin__C)
                  0000702c    00000004     helloWorld_pem4f.oem4f (.const:ti_sysbios_knl_Clock_LM_tick__C)
                  00007030    00000004     helloWorld_pem4f.oem4f (.const:ti_sysbios_knl_Clock_LW_delayed__C)
                  00007034    00000004     helloWorld_pem4f.oem4f (.const:ti_sysbios_knl_Clock_Module_State_clockQ__O)
                  00007038    00000004     helloWorld_pem4f.oem4f (.const:ti_sysbios_knl_Clock_Module__diagsEnabled__C)
                  0000703c    00000004     helloWorld_pem4f.oem4f (.const:ti_sysbios_knl_Clock_Module__diagsIncluded__C)
                  00007040    00000004     helloWorld_pem4f.oem4f (.const:ti_sysbios_knl_Clock_Module__diagsMask__C)
                  00007044    00000004     helloWorld_pem4f.oem4f (.const:ti_sysbios_knl_Clock_Module__loggerFxn1__C)
                  00007048    00000004     helloWorld_pem4f.oem4f (.const:ti_sysbios_knl_Clock_Module__loggerFxn2__C)
                  0000704c    00000004     helloWorld_pem4f.oem4f (.const:ti_sysbios_knl_Clock_Module__loggerObj__C)
                  00007050    00000004     helloWorld_pem4f.oem4f (.const:ti_sysbios_knl_Swi_LD_end__C)
                  00007054    00000004     helloWorld_pem4f.oem4f (.const:ti_sysbios_knl_Swi_LM_begin__C)
                  00007058    00000004     helloWorld_pem4f.oem4f (.const:ti_sysbios_knl_Swi_LM_post__C)
                  0000705c    00000004     helloWorld_pem4f.oem4f (.const:ti_sysbios_knl_Swi_Module__diagsEnabled__C)
                  00007060    00000004     helloWorld_pem4f.oem4f (.const:ti_sysbios_knl_Swi_Module__diagsIncluded__C)
                  00007064    00000004     helloWorld_pem4f.oem4f (.const:ti_sysbios_knl_Swi_Module__diagsMask__C)
                  00007068    00000004     helloWorld_pem4f.oem4f (.const:ti_sysbios_knl_Swi_Module__loggerFxn1__C)
                  0000706c    00000004     helloWorld_pem4f.oem4f (.const:ti_sysbios_knl_Swi_Module__loggerFxn4__C)
                  00007070    00000004     helloWorld_pem4f.oem4f (.const:ti_sysbios_knl_Swi_Module__loggerObj__C)
                  00007074    00000004     helloWorld_pem4f.oem4f (.const:ti_sysbios_knl_Swi_Object__count__C)
                  00007078    00000004     helloWorld_pem4f.oem4f (.const:ti_sysbios_utils_Load_LS_cpuLoad__C)
                  0000707c    00000004     helloWorld_pem4f.oem4f (.const:ti_sysbios_utils_Load_LS_hwiLoad__C)
                  00007080    00000004     helloWorld_pem4f.oem4f (.const:ti_sysbios_utils_Load_Module__diagsEnabled__C)
                  00007084    00000004     helloWorld_pem4f.oem4f (.const:ti_sysbios_utils_Load_Module__diagsIncluded__C)
                  00007088    00000004     helloWorld_pem4f.oem4f (.const:ti_sysbios_utils_Load_Module__diagsMask__C)
                  0000708c    00000004     helloWorld_pem4f.oem4f (.const:ti_sysbios_utils_Load_Module__loggerFxn1__C)
                  00007090    00000004     helloWorld_pem4f.oem4f (.const:ti_sysbios_utils_Load_Module__loggerFxn2__C)
                  00007094    00000004     helloWorld_pem4f.oem4f (.const:ti_sysbios_utils_Load_Module__loggerObj__C)
                  00007098    00000004     helloWorld_pem4f.oem4f (.const:ti_sysbios_utils_Load_postUpdate__C)
                  0000709c    00000004     helloWorld_pem4f.oem4f (.const:ti_sysbios_utils_Load_windowInMs__C)
                  000070a0    00000004     helloWorld_pem4f.oem4f (.const:ti_uia_loggers_LoggerStopMode_Module__diagsEnabled__C)
                  000070a4    00000004     helloWorld_pem4f.oem4f (.const:ti_uia_loggers_LoggerStopMode_Module__diagsIncluded__C)
                  000070a8    00000004     helloWorld_pem4f.oem4f (.const:ti_uia_loggers_LoggerStopMode_Module__diagsMask__C)
                  000070ac    00000004     helloWorld_pem4f.oem4f (.const:ti_uia_loggers_LoggerStopMode_Object__count__C)
                  000070b0    00000004     helloWorld_pem4f.oem4f (.const:ti_uia_runtime_ILoggerSnapshot_Interface__BASE__C)
                  000070b4    00000004     helloWorld_pem4f.oem4f (.const:ti_uia_runtime_IUIATransfer_Interface__BASE__C)
                  000070b8    00000004     helloWorld_pem4f.oem4f (.const:xdc_runtime_Assert_E_assertFailed__C)
                  000070bc    00000004     helloWorld_pem4f.oem4f (.const:xdc_runtime_Core_A_initializedParams__C)
                  000070c0    00000004     helloWorld_pem4f.oem4f (.const:xdc_runtime_Core_Module__diagsEnabled__C)
                  000070c4    00000004     helloWorld_pem4f.oem4f (.const:xdc_runtime_Core_Module__diagsIncluded__C)
                  000070c8    00000004     helloWorld_pem4f.oem4f (.const:xdc_runtime_Core_Module__diagsMask__C)
                  000070cc    00000004     helloWorld_pem4f.oem4f (.const:xdc_runtime_Error_E_memory__C)
                  000070d0    00000004     helloWorld_pem4f.oem4f (.const:xdc_runtime_Error_Module__diagsEnabled__C)
                  000070d4    00000004     helloWorld_pem4f.oem4f (.const:xdc_runtime_Error_Module__diagsIncluded__C)
                  000070d8    00000004     helloWorld_pem4f.oem4f (.const:xdc_runtime_Error_Module__diagsMask__C)
                  000070dc    00000004     helloWorld_pem4f.oem4f (.const:xdc_runtime_Error_Module__loggerFxn8__C)
                  000070e0    00000004     helloWorld_pem4f.oem4f (.const:xdc_runtime_Error_Module__loggerObj__C)
                  000070e4    00000004     helloWorld_pem4f.oem4f (.const:xdc_runtime_Error_policyFxn__C)
                  000070e8    00000004     helloWorld_pem4f.oem4f (.const:xdc_runtime_Error_raiseHook__C)
                  000070ec    00000004     helloWorld_pem4f.oem4f (.const:xdc_runtime_IFilterLogger_Interface__BASE__C)
                  000070f0    00000004     helloWorld_pem4f.oem4f (.const:xdc_runtime_IGateProvider_Interface__BASE__C)
                  000070f4    00000004     helloWorld_pem4f.oem4f (.const:xdc_runtime_IHeap_Interface__BASE__C)
                  000070f8    00000004     helloWorld_pem4f.oem4f (.const:xdc_runtime_ILogger_Interface__BASE__C)
                  000070fc    00000004     helloWorld_pem4f.oem4f (.const:xdc_runtime_IModule_Interface__BASE__C)
                  00007100    00000004     helloWorld_pem4f.oem4f (.const:xdc_runtime_Log_L_error__C)
                  00007104    00000004     helloWorld_pem4f.oem4f (.const:xdc_runtime_Log_L_info__C)
                  00007108    00000004     helloWorld_pem4f.oem4f (.const:xdc_runtime_Main_Module__diagsEnabled__C)
                  0000710c    00000004     helloWorld_pem4f.oem4f (.const:xdc_runtime_Main_Module__diagsIncluded__C)
                  00007110    00000004     helloWorld_pem4f.oem4f (.const:xdc_runtime_Main_Module__diagsMask__C)
                  00007114    00000004     helloWorld_pem4f.oem4f (.const:xdc_runtime_Main_Module__loggerFxn4__C)
                  00007118    00000004     helloWorld_pem4f.oem4f (.const:xdc_runtime_Main_Module__loggerObj__C)
                  0000711c    00000004     helloWorld_pem4f.oem4f (.const:xdc_runtime_Memory_defaultHeapInstance__C)
                  00007120    00000004     helloWorld_pem4f.oem4f (.const:xdc_runtime_Startup_execImpl__C)
                  00007124    00000004     helloWorld_pem4f.oem4f (.const:xdc_runtime_Startup_lastFxns__A)
                  00007128    00000004     helloWorld_pem4f.oem4f (.const:xdc_runtime_Startup_maxPasses__C)
                  0000712c    00000004     helloWorld_pem4f.oem4f (.const:xdc_runtime_Startup_sfxnRts__C)
                  00007130    00000004     helloWorld_pem4f.oem4f (.const:xdc_runtime_Startup_sfxnTab__C)
                  00007134    00000004     helloWorld_pem4f.oem4f (.const:xdc_runtime_SysMin_bufSize__C)
                  00007138    00000004     helloWorld_pem4f.oem4f (.const:xdc_runtime_SysMin_outputFunc__C)
                  0000713c    00000004     helloWorld_pem4f.oem4f (.const:xdc_runtime_System_Module__gateObj__C)
                  00007140    00000004     helloWorld_pem4f.oem4f (.const:xdc_runtime_System_abortFxn__C)
                  00007144    00000004     helloWorld_pem4f.oem4f (.const:xdc_runtime_System_exitFxn__C)
                  00007148    00000004     helloWorld_pem4f.oem4f (.const:xdc_runtime_System_extendFxn__C)
                  0000714c    00000004     helloWorld_pem4f.oem4f (.const:xdc_runtime_System_maxAtexitHandlers__C)
                  00007150    00000004     helloWorld_pem4f.oem4f (.const:xdc_runtime_Text_charTab__C)
                  00007154    00000004     helloWorld_pem4f.oem4f (.const:xdc_runtime_Text_nameEmpty__C)
                  00007158    00000004     helloWorld_pem4f.oem4f (.const:xdc_runtime_Text_nameStatic__C)
                  0000715c    00000004     helloWorld_pem4f.oem4f (.const:xdc_runtime_Text_nameUnknown__C)
                  00007160    00000004     helloWorld_pem4f.oem4f (.const:xdc_runtime_Text_nodeTab__C)
                  00007164    00000004     helloWorld_pem4f.oem4f (.const:xdc_runtime_Text_visitRopeFxn__C)
                  00007168    00000002     helloWorld_pem4f.oem4f (.const:ti_sysbios_family_arm_lm4_TimestampProvider_useClockTimer__C)
                  0000716a    00000002     helloWorld_pem4f.oem4f (.const:ti_sysbios_family_arm_m3_Hwi_Module__id__C)
                  0000716c    00000002     helloWorld_pem4f.oem4f (.const:ti_sysbios_family_arm_m3_Hwi_Module__loggerDefined__C)
                  0000716e    00000002     helloWorld_pem4f.oem4f (.const:ti_sysbios_gates_GateSwi_Module__id__C)
                  00007170    00000002     helloWorld_pem4f.oem4f (.const:ti_sysbios_hal_Hwi_Module__id__C)
                  00007172    00000002     helloWorld_pem4f.oem4f (.const:ti_sysbios_heaps_HeapMem_Module__id__C)
                  00007174    00000002     helloWorld_pem4f.oem4f (.const:ti_sysbios_knl_Clock_Module__id__C)
                  00007176    00000002     helloWorld_pem4f.oem4f (.const:ti_sysbios_knl_Clock_Module__loggerDefined__C)
                  00007178    00000002     helloWorld_pem4f.oem4f (.const:ti_sysbios_knl_Swi_Module__id__C)
                  0000717a    00000002     helloWorld_pem4f.oem4f (.const:ti_sysbios_knl_Swi_Module__loggerDefined__C)
                  0000717c    00000002     helloWorld_pem4f.oem4f (.const:ti_sysbios_utils_Load_Module__id__C)
                  0000717e    00000002     helloWorld_pem4f.oem4f (.const:ti_sysbios_utils_Load_Module__loggerDefined__C)
                  00007180    00000002     helloWorld_pem4f.oem4f (.const:ti_sysbios_utils_Load_hwiEnabled__C)
                  00007182    00000002     helloWorld_pem4f.oem4f (.const:ti_sysbios_utils_Load_updateInIdle__C)
                  00007184    00000002     helloWorld_pem4f.oem4f (.const:ti_uia_loggers_LoggerStopMode_Module__id__C)
                  00007186    00000002     helloWorld_pem4f.oem4f (.const:ti_uia_loggers_LoggerStopMode_isTimestampEnabled__C)
                  00007188    00000002     helloWorld_pem4f.oem4f (.const:xdc_runtime_Core_Module__id__C)
                  0000718a    00000002     helloWorld_pem4f.oem4f (.const:xdc_runtime_Error_Module__loggerDefined__C)
                  0000718c    00000002     helloWorld_pem4f.oem4f (.const:xdc_runtime_Error_maxDepth__C)
                  0000718e    00000002     helloWorld_pem4f.oem4f (.const:xdc_runtime_Main_Module__id__C)
                  00007190    00000002     helloWorld_pem4f.oem4f (.const:xdc_runtime_Main_Module__loggerDefined__C)
                  00007192    00000002     helloWorld_pem4f.oem4f (.const:xdc_runtime_Memory_Module__id__C)
                  00007194    00000002     helloWorld_pem4f.oem4f (.const:xdc_runtime_SysMin_flushAtExit__C)
                  00007196    00000002     helloWorld_pem4f.oem4f (.const:xdc_runtime_Text_charCnt__C)
                  00007198    00000002     helloWorld_pem4f.oem4f (.const:xdc_runtime_Text_isLoaded__C)
                  0000719a    00000002     helloWorld_pem4f.oem4f (.const:xdc_runtime_Text_registryModsLastId__C)
                  0000719c    00000002     helloWorld_pem4f.oem4f (.const:xdc_runtime_Text_unnamedModsLastId__C)

.cinit     0    000071a0    00000350     
                  000071a0    00000319     (.cinit..data.load) [load image, compression = rle]
                  000074b9    00000003     --HOLE-- [fill = 0]
                  000074bc    0000000c     (__TI_handler_table)
                  000074c8    00000008     (.cinit..bss.load) [load image, compression = zero_init]
                  000074d0    00000008     (.cinit..vecs.load) [load image, compression = zero_init]
                  000074d8    00000018     (__TI_cinit_table)

.vecs      0    20000000    00000360     UNINITIALIZED
                  20000000    00000360     helloWorld_pem4f.oem4f (.vecs)

.bss       0    20000380    00002430     UNINITIALIZED
                  20000380    00001000     helloWorld_pem4f.oem4f (.bss:ti_sysbios_heaps_HeapMem_Instance_State_0_buf__A)
                  20001380    00000400     helloWorld_pem4f.oem4f (.bss:ti_uia_loggers_LoggerStopMode_Instance_State_1_packetArray__A)
                  20001780    00000400     helloWorld_pem4f.oem4f (.bss:ti_uia_loggers_LoggerStopMode_Instance_State_2_packetArray__A)
                  20001b80    00000400     helloWorld_pem4f.oem4f (.bss:xdc_runtime_SysMin_Module_State_0_outbuf__A)
                  20001f80    00000360     helloWorld_pem4f.oem4f (.bss:ti_sysbios_family_arm_m3_Hwi_dispatchTable)
                  200022e0    00000008     (.common:parmbuf)
                  200022e8    00000018     --HOLE--
                  20002300    00000200     helloWorld_pem4f.oem4f (.bss:ti_uia_loggers_LoggerStopMode_Instance_State_0_packetArray__A)
                  20002500    00000120     rtsv7M4_T_le_v4SPD16_eabi.lib : trgmsg.obj (.bss:__CIOBUF_)
                  20002620    00000060     --HOLE--
                  20002680    00000030     helloWorld_pem4f.oem4f (.bss:ti_uia_loggers_LoggerStopMode_Instance_State_0_hdr__A)
                  200026b0    00000050     --HOLE--
                  20002700    00000030     helloWorld_pem4f.oem4f (.bss:ti_uia_loggers_LoggerStopMode_Instance_State_1_hdr__A)
                  20002730    00000050     --HOLE--
                  20002780    00000030     helloWorld_pem4f.oem4f (.bss:ti_uia_loggers_LoggerStopMode_Instance_State_2_hdr__A)

.stack     0    200027b0    00001000     UNINITIALIZED
                  200027b0    00001000     --HOLE--

.data      0    200037b0    000004e4     UNINITIALIZED
                  200037b0    00000180     helloWorld_pem4f.oem4f (.data)
                  20003930    0000009c     helloWorld_pem4f.oem4f (.data:ti_uia_loggers_LoggerStopMode_Object__table__V)
                  200039cc    00000098     helloWorld_pem4f.oem4f (.data:ti_sysbios_utils_Load_Module__state__V)
                  20003a64    00000080     helloWorld_pem4f.oem4f (.data:ti_sysbios_family_arm_lm4_Timer_Object__table__V)
                  20003ae4    00000080     helloWorld_pem4f.oem4f (.data:ti_sysbios_knl_Swi_Module_State_0_readyQ__A)
                  20003b64    00000034     helloWorld_pem4f.oem4f (.data:ti_sysbios_family_arm_m3_Hwi_Module__state__V)
                  20003b98    00000030     helloWorld_pem4f.oem4f (.data:ti_sysbios_family_arm_lm4_Timer_Module_State_0_device__A)
                  20003bc8    00000030     helloWorld_pem4f.oem4f (.data:ti_sysbios_family_arm_m3_Hwi_Object__table__V)
                  20003bf8    00000030     helloWorld_pem4f.oem4f (.data:ti_sysbios_knl_Swi_Object__table__V)
                  20003c28    0000002c     helloWorld_pem4f.oem4f (.data:ti_sysbios_knl_Clock_Module__state__V)
                  20003c54    00000024     helloWorld_pem4f.oem4f (.data:ti_sysbios_BIOS_Module__state__V)
                  20003c78    00000008     rtsv7M4_T_le_v4SPD16_eabi.lib : _lock.obj (.data)
                  20003c80    00000008                                   : exit.obj (.data)
                  20003c88    00000008     ti.uia.runtime.aem4f : QueueDescriptor.oem4f (.data)
                  20003c90    00000004     rtsv7M4_T_le_v4SPD16_eabi.lib : stkdepth_vars.obj (.data)


LINKER GENERATED COPY TABLES

__TI_cinit_table @ 000074d8 records: 3, size/record: 8, table size: 24
	.data: load addr=000071a0, load size=00000319 bytes, run addr=200037b0, run size=000004e4 bytes, compression=rle
	.bss: load addr=000074c8, load size=00000008 bytes, run addr=20000380, run size=00002430 bytes, compression=zero_init
	.vecs: load addr=000074d0, load size=00000008 bytes, run addr=20000000, run size=00000360 bytes, compression=zero_init


LINKER GENERATED HANDLER TABLE

__TI_handler_table @ 000074bc records: 3, size/record: 4, table size: 12
	index: 0, handler: __TI_zero_init
	index: 1, handler: __TI_decompress_rle24
	index: 2, handler: __TI_decompress_none


GLOBAL SYMBOLS: SORTED ALPHABETICALLY BY Name 

address    name
--------   ----
00003f25   C$$EXIT
000038d3   C$$IO$$
00000a31   HOSTclock
000009f9   HOSTclose
000009bb   HOSTgetenv
0000095f   HOSTlseek
0000090d   HOSTopen
000008c1   HOSTread
00000863   HOSTrename
00000829   HOSTtime
000007f1   HOSTunlink
000007a5   HOSTwrite
UNDEFED    SHT$$INIT_ARRAY$$Base
UNDEFED    SHT$$INIT_ARRAY$$Limit
00000000   __ASM__
20002500   __CIOBUF_
0000008f   __ISA__
000000a2   __PLAT__
200037b0   __STACK_END
00001000   __STACK_SIZE
200029b0   __STACK_TOP
000000c3   __TARG__
000074d8   __TI_CINIT_Base
000074f0   __TI_CINIT_Limit
000074bc   __TI_Handler_Table_Base
000074c8   __TI_Handler_Table_Limit
00000001   __TI_args_main
00002f85   __TI_auto_init
20003c80   __TI_cleanup_ptr
00004cb5   __TI_decompress_none
00004d83   __TI_decompress_rle24
20003c84   __TI_dtors_ptr
000038d7   __TI_readmsg
00000000   __TI_static_base__
000038a9   __TI_writemsg
00004bbd   __TI_zero_init
000000e9   __TRDR__
00003545   __aeabi_memclr
00003545   __aeabi_memclr4
00003545   __aeabi_memclr8
00003025   __aeabi_memcpy
00003025   __aeabi_memcpy4
00003025   __aeabi_memcpy8
00003547   __aeabi_memset
00003547   __aeabi_memset4
00003547   __aeabi_memset8
000040bd   __aeabi_uidivmod
ffffffff   __binit__
ffffffff   __c_args__
200027b0   __stack
00004d7d   __xdc__init
2000392c   __xdc__init__addr
00004a6d   _args_main
00003b41   _c_int00
20003c78   _lock
00004b67   _nop
00004b5f   _register_lock
00004b59   _register_unlock
20003c7c   _unlock
00003f29   abort
ffffffff   binit
00003ee1   copy_in
00003f31   exit
0000331d   main
20003c90   main_func_sp
00003025   memcpy
0000354d   memset
00004bf3   strcpy
00004b6d   strlen
00006f6c   ti_catalog_arm_cortexm4_tiva_ce_Boot_A_mustUseEnhancedClockMode__C
00006f70   ti_catalog_arm_cortexm4_tiva_ce_Boot_Module__diagsEnabled__C
00006f74   ti_catalog_arm_cortexm4_tiva_ce_Boot_Module__diagsIncluded__C
00006f78   ti_catalog_arm_cortexm4_tiva_ce_Boot_Module__diagsMask__C
00006f42   ti_catalog_arm_cortexm4_tiva_ce_Boot_Module__id__C
00004cd1   ti_catalog_arm_cortexm4_tiva_ce_Boot_init__I
00002385   ti_catalog_arm_cortexm4_tiva_ce_Boot_sysCtlClockSetI__I
000031f5   ti_catalog_arm_cortexm4_tiva_ce_Boot_sysCtlClockSet__E
00004d89   ti_catalog_arm_cortexm4_tiva_ce_Boot_sysCtlDelayI__I
20003c54   ti_sysbios_BIOS_Module__state__V
00004db3   ti_sysbios_BIOS_RtsGateProxy_enter__E
00004db7   ti_sysbios_BIOS_RtsGateProxy_leave__E
00004d0d   ti_sysbios_BIOS_RtsGateProxy_query__E
00004535   ti_sysbios_BIOS_atExitFunc__I
000046d9   ti_sysbios_BIOS_errorRaiseHook__I
00004b15   ti_sysbios_BIOS_exitFunc__I
00004c05   ti_sysbios_BIOS_getCpuFreq__E
0000315b   ti_sysbios_BIOS_nullFunc__I
000046fd   ti_sysbios_BIOS_registerRTSLock__I
00004721   ti_sysbios_BIOS_removeRTSLock__I
000048f5   ti_sysbios_BIOS_rtsLock__I
00004a85   ti_sysbios_BIOS_rtsUnlock__I
00004c15   ti_sysbios_BIOS_setThreadType__E
0000463d   ti_sysbios_BIOS_startFunc__I
20003b98   ti_sysbios_family_arm_lm4_Timer_Module_State_0_device__A
200037d8   ti_sysbios_family_arm_lm4_Timer_Module_State_0_handles__A
200037d0   ti_sysbios_family_arm_lm4_Timer_Module__root__V
00004a9d   ti_sysbios_family_arm_lm4_Timer_Module__startupDone__F
00004a9d   ti_sysbios_family_arm_lm4_Timer_Module__startupDone__S
200037f0   ti_sysbios_family_arm_lm4_Timer_Module__state__V
00003a89   ti_sysbios_family_arm_lm4_Timer_Module_startup__E
20003a64   ti_sysbios_family_arm_lm4_Timer_Object__table__V
00006f7c   ti_sysbios_family_arm_lm4_Timer_enableFunc__C
00002d8d   ti_sysbios_family_arm_lm4_Timer_enableTimers__I
00002ce1   ti_sysbios_family_arm_lm4_Timer_enableTiva__I
00004cdd   ti_sysbios_family_arm_lm4_Timer_getMaxTicks__E
00004dbb   ti_sysbios_family_arm_lm4_Timer_getPeriod__E
00003909   ti_sysbios_family_arm_lm4_Timer_isrStub__E
00004d5d   ti_sysbios_family_arm_lm4_Timer_masterDisable__I
00004dbf   ti_sysbios_family_arm_lm4_Timer_masterEnable__I
00006f80   ti_sysbios_family_arm_lm4_Timer_numTimerDevices__C
00000a79   ti_sysbios_family_arm_lm4_Timer_start__E
00006f84   ti_sysbios_family_arm_lm4_Timer_startupNeeded__C
00004101   ti_sysbios_family_arm_lm4_Timer_startup__E
00003f69   ti_sysbios_family_arm_lm4_Timer_stop__E
200037fc   ti_sysbios_family_arm_lm4_TimestampProvider_Module__state__V
00004d8f   ti_sysbios_family_arm_lm4_TimestampProvider_Module_startup__E
00002a0d   ti_sysbios_family_arm_lm4_TimestampProvider_get32__E
000015dd   ti_sysbios_family_arm_lm4_TimestampProvider_get64__E
00004c05   ti_sysbios_family_arm_lm4_TimestampProvider_getFreq__E
00004c25   ti_sysbios_family_arm_lm4_TimestampProvider_rolloverFunc__E
00004ce9   ti_sysbios_family_arm_lm4_TimestampProvider_startTimer__E
00007168   ti_sysbios_family_arm_lm4_TimestampProvider_useClockTimer__C
00006f88   ti_sysbios_family_arm_m3_Hwi_E_NMI__C
00006f8c   ti_sysbios_family_arm_m3_Hwi_E_busFault__C
00006f90   ti_sysbios_family_arm_m3_Hwi_E_debugMon__C
00006f94   ti_sysbios_family_arm_m3_Hwi_E_hardFault__C
00006f98   ti_sysbios_family_arm_m3_Hwi_E_memFault__C
00006f9c   ti_sysbios_family_arm_m3_Hwi_E_noIsr__C
00006fa0   ti_sysbios_family_arm_m3_Hwi_E_reserved__C
00006fa4   ti_sysbios_family_arm_m3_Hwi_E_svCall__C
00006fa8   ti_sysbios_family_arm_m3_Hwi_E_usageFault__C
00004981   ti_sysbios_family_arm_m3_Hwi_Handle__label__S
00006fac   ti_sysbios_family_arm_m3_Hwi_LD_end__C
00006fb0   ti_sysbios_family_arm_m3_Hwi_LM_begin__C
2000380c   ti_sysbios_family_arm_m3_Hwi_Module_State_0_excActive__A
20003810   ti_sysbios_family_arm_m3_Hwi_Module_State_0_excContext__A
20003814   ti_sysbios_family_arm_m3_Hwi_Module_State_0_excStack__A
00006fb4   ti_sysbios_family_arm_m3_Hwi_Module__diagsEnabled__C
00006fb8   ti_sysbios_family_arm_m3_Hwi_Module__diagsIncluded__C
00006fbc   ti_sysbios_family_arm_m3_Hwi_Module__diagsMask__C
0000716a   ti_sysbios_family_arm_m3_Hwi_Module__id__C
0000716c   ti_sysbios_family_arm_m3_Hwi_Module__loggerDefined__C
00006fc0   ti_sysbios_family_arm_m3_Hwi_Module__loggerFxn1__C
00006fc4   ti_sysbios_family_arm_m3_Hwi_Module__loggerFxn8__C
00006fc8   ti_sysbios_family_arm_m3_Hwi_Module__loggerObj__C
20003804   ti_sysbios_family_arm_m3_Hwi_Module__root__V
00004ab5   ti_sysbios_family_arm_m3_Hwi_Module__startupDone__F
00004ab5   ti_sysbios_family_arm_m3_Hwi_Module__startupDone__S
20003b64   ti_sysbios_family_arm_m3_Hwi_Module__state__V
00002949   ti_sysbios_family_arm_m3_Hwi_Module_startup__E
00006fcc   ti_sysbios_family_arm_m3_Hwi_NUM_INTERRUPTS__C
00006fd0   ti_sysbios_family_arm_m3_Hwi_Object__count__C
00004b81   ti_sysbios_family_arm_m3_Hwi_Object__get__S
20003bc8   ti_sysbios_family_arm_m3_Hwi_Object__table__V
00006fd4   ti_sysbios_family_arm_m3_Hwi_ccr__C
00004cf5   ti_sysbios_family_arm_m3_Hwi_disableFxn__E
00003fad   ti_sysbios_family_arm_m3_Hwi_disableInterrupt__E
00001bf9   ti_sysbios_family_arm_m3_Hwi_dispatchC__I
20001f80   ti_sysbios_family_arm_m3_Hwi_dispatchTable
00002679   ti_sysbios_family_arm_m3_Hwi_dispatch__I
00004d65   ti_sysbios_family_arm_m3_Hwi_doSwiRestore__I
00003a87   ti_sysbios_family_arm_m3_Hwi_doTaskRestore__I
00003ff1   ti_sysbios_family_arm_m3_Hwi_enableInterrupt__E
00001321   ti_sysbios_family_arm_m3_Hwi_excBusFault__I
00002b81   ti_sysbios_family_arm_m3_Hwi_excDebugMon__I
0000003d   ti_sysbios_family_arm_m3_Hwi_excDumpRegs__I
000047d5   ti_sysbios_family_arm_m3_Hwi_excHandlerAsm__I
00006fd8   ti_sysbios_family_arm_m3_Hwi_excHandlerFunc__C
00001141   ti_sysbios_family_arm_m3_Hwi_excHandlerMax__I
000047f5   ti_sysbios_family_arm_m3_Hwi_excHandler__I
00002acd   ti_sysbios_family_arm_m3_Hwi_excHardFault__I
00006f44   ti_sysbios_family_arm_m3_Hwi_excHookFuncs__A
00006fdc   ti_sysbios_family_arm_m3_Hwi_excHookFuncs__C
0000171d   ti_sysbios_family_arm_m3_Hwi_excMemFault__I
00004311   ti_sysbios_family_arm_m3_Hwi_excNmi__I
00004231   ti_sysbios_family_arm_m3_Hwi_excNoIsr__I
00003d79   ti_sysbios_family_arm_m3_Hwi_excReserved__I
00004141   ti_sysbios_family_arm_m3_Hwi_excSvCall__I
00001489   ti_sysbios_family_arm_m3_Hwi_excUsageFault__I
0000417d   ti_sysbios_family_arm_m3_Hwi_getStackInfo__E
0000343d   ti_sysbios_family_arm_m3_Hwi_initNVIC__E
00006fe0   ti_sysbios_family_arm_m3_Hwi_nullIsrFunc__C
e000e000   ti_sysbios_family_arm_m3_Hwi_nvic
0000468d   ti_sysbios_family_arm_m3_Hwi_pendSV__I
00006fe4   ti_sysbios_family_arm_m3_Hwi_priGroup__C
20000000   ti_sysbios_family_arm_m3_Hwi_ramVectors
00000000   ti_sysbios_family_arm_m3_Hwi_resetVectors
00004d95   ti_sysbios_family_arm_m3_Hwi_restoreFxn__E
000046b1   ti_sysbios_family_arm_m3_Hwi_return
00004d6d   ti_sysbios_family_arm_m3_Hwi_startup__E
0000499b   ti_sysbios_gates_GateHwi_Handle__label__S
00003edf   ti_sysbios_gates_GateHwi_Instance_init__E
00006dec   ti_sysbios_gates_GateHwi_Module__FXNS__C
20003818   ti_sysbios_gates_GateHwi_Module__root__V
00006e58   ti_sysbios_gates_GateHwi_Object__DESC__C
00006ed8   ti_sysbios_gates_GateHwi_Object__PARAMS__C
00004415   ti_sysbios_gates_GateHwi_Object__create__S
00004815   ti_sysbios_gates_GateHwi_Object__delete__S
20003820   ti_sysbios_gates_GateHwi_Object__table__V
00004d01   ti_sysbios_gates_GateHwi_enter__E
00004d9b   ti_sysbios_gates_GateHwi_leave__E
00004dc3   ti_sysbios_gates_GateHwi_query__E
00006fe8   ti_sysbios_gates_GateSwi_A_badContext__C
000049b5   ti_sysbios_gates_GateSwi_Handle__label__S
000040ff   ti_sysbios_gates_GateSwi_Instance_init__E
00006e10   ti_sysbios_gates_GateSwi_Module__FXNS__C
00006fec   ti_sysbios_gates_GateSwi_Module__diagsEnabled__C
00006ff0   ti_sysbios_gates_GateSwi_Module__diagsIncluded__C
00006ff4   ti_sysbios_gates_GateSwi_Module__diagsMask__C
0000716e   ti_sysbios_gates_GateSwi_Module__id__C
20003824   ti_sysbios_gates_GateSwi_Module__root__V
00006e78   ti_sysbios_gates_GateSwi_Object__DESC__C
00006ef0   ti_sysbios_gates_GateSwi_Object__PARAMS__C
00004445   ti_sysbios_gates_GateSwi_Object__create__S
00004835   ti_sysbios_gates_GateSwi_Object__delete__S
2000382c   ti_sysbios_gates_GateSwi_Object__table__V
0000315d   ti_sysbios_gates_GateSwi_enter__E
00004561   ti_sysbios_gates_GateSwi_leave__E
00004d0d   ti_sysbios_gates_GateSwi_query__E
00006ff8   ti_sysbios_hal_Hwi_E_stackOverflow__C
00004dc7   ti_sysbios_hal_Hwi_HwiProxy_Module__startupDone__S
00003fad   ti_sysbios_hal_Hwi_HwiProxy_disableInterrupt__E
00004cf5   ti_sysbios_hal_Hwi_HwiProxy_disable__E
00003ff1   ti_sysbios_hal_Hwi_HwiProxy_enableInterrupt__E
0000417d   ti_sysbios_hal_Hwi_HwiProxy_getStackInfo__E
00004d95   ti_sysbios_hal_Hwi_HwiProxy_restore__E
00004d6d   ti_sysbios_hal_Hwi_HwiProxy_startup__E
00007170   ti_sysbios_hal_Hwi_Module__id__C
20003834   ti_sysbios_hal_Hwi_Module__root__V
00004bcf   ti_sysbios_hal_Hwi_Module_startup__E
00004345   ti_sysbios_hal_Hwi_checkStack
00003fad   ti_sysbios_hal_Hwi_disableInterrupt__E
00004cf5   ti_sysbios_hal_Hwi_disable__E
00003ff1   ti_sysbios_hal_Hwi_enableInterrupt__E
0000417d   ti_sysbios_hal_Hwi_getStackInfo__E
0000458d   ti_sysbios_hal_Hwi_initStack
00004d95   ti_sysbios_hal_Hwi_restore__E
00004d6d   ti_sysbios_hal_Hwi_startup__E
00006ffc   ti_sysbios_heaps_HeapMem_A_align__C
00007000   ti_sysbios_heaps_HeapMem_A_heapSize__C
00007004   ti_sysbios_heaps_HeapMem_A_invalidFree__C
00007008   ti_sysbios_heaps_HeapMem_A_zeroBlock__C
0000700c   ti_sysbios_heaps_HeapMem_E_memory__C
000049cf   ti_sysbios_heaps_HeapMem_Handle__label__S
20000380   ti_sysbios_heaps_HeapMem_Instance_State_0_buf__A
0000185d   ti_sysbios_heaps_HeapMem_Instance_init__E
00004dcb   ti_sysbios_heaps_HeapMem_Module_GateProxy_enter__E
00004dcf   ti_sysbios_heaps_HeapMem_Module_GateProxy_leave__E
00004d0d   ti_sysbios_heaps_HeapMem_Module_GateProxy_query__E
00006d74   ti_sysbios_heaps_HeapMem_Module__FXNS__C
00007010   ti_sysbios_heaps_HeapMem_Module__diagsEnabled__C
00007014   ti_sysbios_heaps_HeapMem_Module__diagsIncluded__C
00007018   ti_sysbios_heaps_HeapMem_Module__diagsMask__C
0000701c   ti_sysbios_heaps_HeapMem_Module__gateObj__C
00007172   ti_sysbios_heaps_HeapMem_Module__id__C
2000383c   ti_sysbios_heaps_HeapMem_Module__root__V
00006e98   ti_sysbios_heaps_HeapMem_Object__DESC__C
00006e34   ti_sysbios_heaps_HeapMem_Object__PARAMS__C
00007020   ti_sysbios_heaps_HeapMem_Object__count__C
00004475   ti_sysbios_heaps_HeapMem_Object__create__S
00004855   ti_sysbios_heaps_HeapMem_Object__delete__S
00004b95   ti_sysbios_heaps_HeapMem_Object__get__S
20003844   ti_sysbios_heaps_HeapMem_Object__table__V
00000f0d   ti_sysbios_heaps_HeapMem_alloc__E
00000cc5   ti_sysbios_heaps_HeapMem_free__E
00003dc1   ti_sysbios_heaps_HeapMem_getStats__E
000041b9   ti_sysbios_heaps_HeapMem_init__I
00004da1   ti_sysbios_heaps_HeapMem_isBlocking__E
00007024   ti_sysbios_heaps_HeapMem_reqAlign__C
00007028   ti_sysbios_knl_Clock_LM_begin__C
0000702c   ti_sysbios_knl_Clock_LM_tick__C
00007030   ti_sysbios_knl_Clock_LW_delayed__C
00007034   ti_sysbios_knl_Clock_Module_State_clockQ__O
00007038   ti_sysbios_knl_Clock_Module__diagsEnabled__C
0000703c   ti_sysbios_knl_Clock_Module__diagsIncluded__C
00007040   ti_sysbios_knl_Clock_Module__diagsMask__C
00007174   ti_sysbios_knl_Clock_Module__id__C
00007176   ti_sysbios_knl_Clock_Module__loggerDefined__C
00007044   ti_sysbios_knl_Clock_Module__loggerFxn1__C
00007048   ti_sysbios_knl_Clock_Module__loggerFxn2__C
0000704c   ti_sysbios_knl_Clock_Module__loggerObj__C
2000385c   ti_sysbios_knl_Clock_Module__root__V
20003c28   ti_sysbios_knl_Clock_Module__state__V
00004745   ti_sysbios_knl_Clock_Module_startup__E
00004dd3   ti_sysbios_knl_Clock_TimerProxy_Module__startupDone__S
00004dd7   ti_sysbios_knl_Clock_TimerProxy_getMaxTicks__E
00004ddb   ti_sysbios_knl_Clock_TimerProxy_getPeriod__E
00004101   ti_sysbios_knl_Clock_TimerProxy_startup__E
000045b9   ti_sysbios_knl_Clock_doTick__I
00003969   ti_sysbios_knl_Clock_logTick__E
00001acd   ti_sysbios_knl_Clock_workFunc__E
20003864   ti_sysbios_knl_Event_Module__root__V
00006f4c   ti_sysbios_knl_Idle_funcList__A
00006f54   ti_sysbios_knl_Idle_funcList__C
00004d75   ti_sysbios_knl_Idle_loop__E
00004875   ti_sysbios_knl_Idle_run__E
20003870   ti_sysbios_knl_Queue_Module__root__V
00004cc3   ti_sysbios_knl_Queue_empty__E
000049e9   ti_sysbios_knl_Swi_Handle__label__S
00007050   ti_sysbios_knl_Swi_LD_end__C
00007054   ti_sysbios_knl_Swi_LM_begin__C
00007058   ti_sysbios_knl_Swi_LM_post__C
20003ae4   ti_sysbios_knl_Swi_Module_State_0_readyQ__A
0000705c   ti_sysbios_knl_Swi_Module__diagsEnabled__C
00007060   ti_sysbios_knl_Swi_Module__diagsIncluded__C
00007064   ti_sysbios_knl_Swi_Module__diagsMask__C
00007178   ti_sysbios_knl_Swi_Module__id__C
0000717a   ti_sysbios_knl_Swi_Module__loggerDefined__C
00007068   ti_sysbios_knl_Swi_Module__loggerFxn1__C
0000706c   ti_sysbios_knl_Swi_Module__loggerFxn4__C
00007070   ti_sysbios_knl_Swi_Module__loggerObj__C
20003878   ti_sysbios_knl_Swi_Module__root__V
20003880   ti_sysbios_knl_Swi_Module__state__V
00004769   ti_sysbios_knl_Swi_Module_startup__E
00007074   ti_sysbios_knl_Swi_Object__count__C
00004ba9   ti_sysbios_knl_Swi_Object__get__S
20003bf8   ti_sysbios_knl_Swi_Object__table__V
00004c35   ti_sysbios_knl_Swi_disable__E
00002e35   ti_sysbios_knl_Swi_post__E
00003b99   ti_sysbios_knl_Swi_restoreHwi__E
00003ce1   ti_sysbios_knl_Swi_runLoop__I
00001d1d   ti_sysbios_knl_Swi_run__I
00004269   ti_sysbios_knl_Swi_schedule__I
00004665   ti_sysbios_knl_Swi_startup__E
200038b0   ti_sysbios_knl_Task_Module_State_0_idleTask__A
200038a8   ti_sysbios_knl_Task_Module_State_0_readyQ__A
2000389c   ti_sysbios_knl_Task_Module__root__V
00004da7   ti_sysbios_knl_Task_Module_startup__E
00007078   ti_sysbios_utils_Load_LS_cpuLoad__C
0000707c   ti_sysbios_utils_Load_LS_hwiLoad__C
200038b8   ti_sysbios_utils_Load_Module_State_0_runningTask__A
200038b4   ti_sysbios_utils_Load_Module_State_0_taskStartTime__A
00007080   ti_sysbios_utils_Load_Module__diagsEnabled__C
00007084   ti_sysbios_utils_Load_Module__diagsIncluded__C
00007088   ti_sysbios_utils_Load_Module__diagsMask__C
0000717c   ti_sysbios_utils_Load_Module__id__C
0000717e   ti_sysbios_utils_Load_Module__loggerDefined__C
0000708c   ti_sysbios_utils_Load_Module__loggerFxn1__C
00007090   ti_sysbios_utils_Load_Module__loggerFxn2__C
00007094   ti_sysbios_utils_Load_Module__loggerObj__C
200039cc   ti_sysbios_utils_Load_Module__state__V
00007180   ti_sysbios_utils_Load_hwiEnabled__C
00002c31   ti_sysbios_utils_Load_idleFxn__E
00003845   ti_sysbios_utils_Load_logCPULoad__I
000034c9   ti_sysbios_utils_Load_logLoads__I
00007098   ti_sysbios_utils_Load_postUpdate__C
00003bf1   ti_sysbios_utils_Load_updateCurrentThreadTime__E
00007182   ti_sysbios_utils_Load_updateInIdle__C
00002edd   ti_sysbios_utils_Load_updateLoads__E
0000369d   ti_sysbios_utils_Load_updateThreadContexts__E
00002edd   ti_sysbios_utils_Load_update__E
0000709c   ti_sysbios_utils_Load_windowInMs__C
00004a03   ti_uia_loggers_LoggerStopMode_Handle__label__S
20002680   ti_uia_loggers_LoggerStopMode_Instance_State_0_hdr__A
20002300   ti_uia_loggers_LoggerStopMode_Instance_State_0_packetArray__A
20002700   ti_uia_loggers_LoggerStopMode_Instance_State_1_hdr__A
20001380   ti_uia_loggers_LoggerStopMode_Instance_State_1_packetArray__A
20002780   ti_uia_loggers_LoggerStopMode_Instance_State_2_hdr__A
20001780   ti_uia_loggers_LoggerStopMode_Instance_State_2_packetArray__A
00004a1d   ti_uia_loggers_LoggerStopMode_Instance_init__E
00006ccc   ti_uia_loggers_LoggerStopMode_Module__FXNS__C
000070a0   ti_uia_loggers_LoggerStopMode_Module__diagsEnabled__C
000070a4   ti_uia_loggers_LoggerStopMode_Module__diagsIncluded__C
000070a8   ti_uia_loggers_LoggerStopMode_Module__diagsMask__C
00007184   ti_uia_loggers_LoggerStopMode_Module__id__C
200038bc   ti_uia_loggers_LoggerStopMode_Module__root__V
200038c4   ti_uia_loggers_LoggerStopMode_Module__state__V
00003d2d   ti_uia_loggers_LoggerStopMode_Module_startup__E
00006eb8   ti_uia_loggers_LoggerStopMode_Object__DESC__C
00006d9c   ti_uia_loggers_LoggerStopMode_Object__PARAMS__C
000070ac   ti_uia_loggers_LoggerStopMode_Object__count__C
000044a5   ti_uia_loggers_LoggerStopMode_Object__create__S
00004895   ti_uia_loggers_LoggerStopMode_Object__delete__S
00004c45   ti_uia_loggers_LoggerStopMode_Object__get__S
20003930   ti_uia_loggers_LoggerStopMode_Object__table__V
00004b2b   ti_uia_loggers_LoggerStopMode_disable__E
00004b41   ti_uia_loggers_LoggerStopMode_enable__E
00003775   ti_uia_loggers_LoggerStopMode_flush__E
00004ddf   ti_uia_loggers_LoggerStopMode_getContents__E
00004de3   ti_uia_loggers_LoggerStopMode_getFilterLevel__E
00004de7   ti_uia_loggers_LoggerStopMode_getInstanceId__E
00004deb   ti_uia_loggers_LoggerStopMode_getMaxLength__E
00004def   ti_uia_loggers_LoggerStopMode_getPriority__E
00004df3   ti_uia_loggers_LoggerStopMode_getTransferType__E
00003e09   ti_uia_loggers_LoggerStopMode_initBuffer__I
000033ad   ti_uia_loggers_LoggerStopMode_initQueueDescriptor__E
00004c55   ti_uia_loggers_LoggerStopMode_isEmpty__E
00007186   ti_uia_loggers_LoggerStopMode_isTimestampEnabled__C
00004379   ti_uia_loggers_LoggerStopMode_reset__E
0000463b   ti_uia_loggers_LoggerStopMode_setFilterLevel__E
000047d3   ti_uia_loggers_LoggerStopMode_setPriority__E
00002861   ti_uia_loggers_LoggerStopMode_write0__E
0000276d   ti_uia_loggers_LoggerStopMode_write1__E
00002581   ti_uia_loggers_LoggerStopMode_write2__E
00002079   ti_uia_loggers_LoggerStopMode_write4__E
00001f5d   ti_uia_loggers_LoggerStopMode_write8__E
00001995   ti_uia_loggers_LoggerStopMode_writeMemoryRange__E
000070b0   ti_uia_runtime_ILoggerSnapshot_Interface__BASE__C
000070b4   ti_uia_runtime_IUIATransfer_Interface__BASE__C
200038cc   ti_uia_runtime_QueueDescriptor_Module__state__V
000035bd   ti_uia_runtime_QueueDescriptor_addToList__E
20003c88   ti_uia_runtime_QueueDescriptor_gPtrToFirstDescriptor
20003c8c   ti_uia_runtime_QueueDescriptor_gUpdateCount
000070b8   xdc_runtime_Assert_E_assertFailed__C
00003e51   xdc_runtime_Assert_raise__I
000070bc   xdc_runtime_Core_A_initializedParams__C
000070c0   xdc_runtime_Core_Module__diagsEnabled__C
000070c4   xdc_runtime_Core_Module__diagsIncluded__C
000070c8   xdc_runtime_Core_Module__diagsMask__C
00007188   xdc_runtime_Core_Module__id__C
000043ad   xdc_runtime_Core_assignLabel__I
00003e99   xdc_runtime_Core_assignParams__I
0000217d   xdc_runtime_Core_createObject__I
000037df   xdc_runtime_Core_deleteObject__I
200037b0   xdc_runtime_Diags_dictElems
000070cc   xdc_runtime_Error_E_memory__C
000070d0   xdc_runtime_Error_Module__diagsEnabled__C
000070d4   xdc_runtime_Error_Module__diagsIncluded__C
000070d8   xdc_runtime_Error_Module__diagsMask__C
0000718a   xdc_runtime_Error_Module__loggerDefined__C
000070dc   xdc_runtime_Error_Module__loggerFxn8__C
000070e0   xdc_runtime_Error_Module__loggerObj__C
200038d8   xdc_runtime_Error_Module__state__V
00004acd   xdc_runtime_Error_check__E
00004df7   xdc_runtime_Error_getSite__E
00004d19   xdc_runtime_Error_init__E
0000718c   xdc_runtime_Error_maxDepth__C
00001e3d   xdc_runtime_Error_policyDefault__E
000070e4   xdc_runtime_Error_policyFxn__C
00006f41   xdc_runtime_Error_policy__C
00003709   xdc_runtime_Error_print__E
000070e8   xdc_runtime_Error_raiseHook__C
00004911   xdc_runtime_Error_raiseX__E
00004035   xdc_runtime_Error_setX__E
00004d25   xdc_runtime_Gate_enterSystem__E
00004c65   xdc_runtime_Gate_leaveSystem__E
000070ec   xdc_runtime_IFilterLogger_Interface__BASE__C
000070f0   xdc_runtime_IGateProvider_Interface__BASE__C
000070f4   xdc_runtime_IHeap_Interface__BASE__C
000070f8   xdc_runtime_ILogger_Interface__BASE__C
000070fc   xdc_runtime_IModule_Interface__BASE__C
00007100   xdc_runtime_Log_L_error__C
00007104   xdc_runtime_Log_L_info__C
00004dc3   xdc_runtime_Main_Module_GateProxy_query__E
00007108   xdc_runtime_Main_Module__diagsEnabled__C
0000710c   xdc_runtime_Main_Module__diagsIncluded__C
00007110   xdc_runtime_Main_Module__diagsMask__C
0000718e   xdc_runtime_Main_Module__id__C
00007190   xdc_runtime_Main_Module__loggerDefined__C
00007114   xdc_runtime_Main_Module__loggerFxn4__C
00007118   xdc_runtime_Main_Module__loggerObj__C
200038da   xdc_runtime_Main_Module__root__V
00004dfb   xdc_runtime_Memory_HeapProxy_alloc__E
00004dff   xdc_runtime_Memory_HeapProxy_free__E
00007192   xdc_runtime_Memory_Module__id__C
200038dc   xdc_runtime_Memory_Module__state__V
0000362d   xdc_runtime_Memory_alloc__E
00004d31   xdc_runtime_Memory_calloc__E
0000711c   xdc_runtime_Memory_defaultHeapInstance__C
00004c75   xdc_runtime_Memory_free__E
00004d3d   xdc_runtime_Memory_getMaxDefaultTypeAlign__E
0000492d   xdc_runtime_Memory_valloc__E
200038e0   xdc_runtime_Registry_Module__state__V
000048b5   xdc_runtime_Registry_findById__E
200038e8   xdc_runtime_Startup_Module__state__V
00000001   xdc_runtime_Startup__EXECFXN__C
00000001   xdc_runtime_Startup__RESETFXN__C
00007120   xdc_runtime_Startup_execImpl__C
00003c41   xdc_runtime_Startup_exec__E
00004be1   xdc_runtime_Startup_exec__I
00006f08   xdc_runtime_Startup_firstFxns__A
00006f5c   xdc_runtime_Startup_firstFxns__C
00007124   xdc_runtime_Startup_lastFxns__A
00006f64   xdc_runtime_Startup_lastFxns__C
00007128   xdc_runtime_Startup_maxPasses__C
00004a6b   xdc_runtime_Startup_reset__I
00006f1c   xdc_runtime_Startup_sfxnRts__A
0000712c   xdc_runtime_Startup_sfxnRts__C
00006dc4   xdc_runtime_Startup_sfxnTab__A
00007130   xdc_runtime_Startup_sfxnTab__C
00002485   xdc_runtime_Startup_startMods__I
20001b80   xdc_runtime_SysMin_Module_State_0_outbuf__A
200038f0   xdc_runtime_SysMin_Module__state__V
000048d5   xdc_runtime_SysMin_Module_startup__E
000044d5   xdc_runtime_SysMin_abort__E
00007134   xdc_runtime_SysMin_bufSize__C
00004949   xdc_runtime_SysMin_exit__E
00007194   xdc_runtime_SysMin_flushAtExit__C
00004079   xdc_runtime_SysMin_flush__E
00007138   xdc_runtime_SysMin_outputFunc__C
000047b1   xdc_runtime_SysMin_output__I
000042a1   xdc_runtime_SysMin_putch__E
00004c85   xdc_runtime_SysMin_ready__E
00004e03   xdc_runtime_System_Module_GateProxy_enter__E
00004e07   xdc_runtime_System_Module_GateProxy_leave__E
00004dc3   xdc_runtime_System_Module_GateProxy_query__E
200038fc   xdc_runtime_System_Module_State_0_atexitHandlers__A
0000713c   xdc_runtime_System_Module__gateObj__C
2000391c   xdc_runtime_System_Module__state__V
00004dad   xdc_runtime_System_Module_startup__E
000044d5   xdc_runtime_System_SupportProxy_abort__E
00004949   xdc_runtime_System_SupportProxy_exit__E
00004079   xdc_runtime_System_SupportProxy_flush__E
000042a1   xdc_runtime_System_SupportProxy_putch__E
00004c85   xdc_runtime_System_SupportProxy_ready__E
00007140   xdc_runtime_System_abortFxn__C
00003f29   xdc_runtime_System_abortStd__E
00004965   xdc_runtime_System_abort__E
00004a37   xdc_runtime_System_aprintf__E
00004e0b   xdc_runtime_System_aprintf_va__F
000042d9   xdc_runtime_System_atexit__E
000046b3   xdc_runtime_System_avprintf__E
00000469   xdc_runtime_System_doPrint__I
00007144   xdc_runtime_System_exitFxn__C
00003f31   xdc_runtime_System_exitStd__E
00004ae5   xdc_runtime_System_exit__E
00007148   xdc_runtime_System_extendFxn__C
00004079   xdc_runtime_System_flush__E
000039c9   xdc_runtime_System_formatNum__I
0000714c   xdc_runtime_System_maxAtexitHandlers__C
00002281   xdc_runtime_System_printfExtend__I
00004a51   xdc_runtime_System_printf__E
00004e0f   xdc_runtime_System_printf_va__F
00004505   xdc_runtime_System_processAtExit__E
[...]
000044d5   xdc_runtime_SysMin_abort__E
000044d5   xdc_runtime_System_SupportProxy_abort__E
00004505   xdc_runtime_System_processAtExit__E
00004535   ti_sysbios_BIOS_atExitFunc__I
00004561   ti_sysbios_gates_GateSwi_leave__E
0000458d   ti_sysbios_hal_Hwi_initStack
000045b9   ti_sysbios_knl_Clock_doTick__I
000045e5   xdc_runtime_Text_cordText__E
00004611   xdc_runtime_System_putchar__I
0000463b   ti_uia_loggers_LoggerStopMode_setFilterLevel__E
0000463d   ti_sysbios_BIOS_startFunc__I
00004665   ti_sysbios_knl_Swi_startup__E
0000468d   ti_sysbios_family_arm_m3_Hwi_pendSV__I
000046b1   ti_sysbios_family_arm_m3_Hwi_return
000046b3   xdc_runtime_System_avprintf__E
000046d9   ti_sysbios_BIOS_errorRaiseHook__I
000046fd   ti_sysbios_BIOS_registerRTSLock__I
00004721   ti_sysbios_BIOS_removeRTSLock__I
00004745   ti_sysbios_knl_Clock_Module_startup__E
00004769   ti_sysbios_knl_Swi_Module_startup__E
0000478d   xdc_runtime_System_vprintf__E
000047b1   xdc_runtime_SysMin_output__I
000047d3   ti_uia_loggers_LoggerStopMode_setPriority__E
000047d5   ti_sysbios_family_arm_m3_Hwi_excHandlerAsm__I
000047f5   ti_sysbios_family_arm_m3_Hwi_excHandler__I
00004815   ti_sysbios_gates_GateHwi_Object__delete__S
00004835   ti_sysbios_gates_GateSwi_Object__delete__S
00004855   ti_sysbios_heaps_HeapMem_Object__delete__S
00004875   ti_sysbios_knl_Idle_run__E
00004895   ti_uia_loggers_LoggerStopMode_Object__delete__S
000048b5   xdc_runtime_Registry_findById__E
000048d5   xdc_runtime_SysMin_Module_startup__E
000048f5   ti_sysbios_BIOS_rtsLock__I
00004911   xdc_runtime_Error_raiseX__E
0000492d   xdc_runtime_Memory_valloc__E
00004949   xdc_runtime_SysMin_exit__E
00004949   xdc_runtime_System_SupportProxy_exit__E
00004965   xdc_runtime_System_abort__E
00004981   ti_sysbios_family_arm_m3_Hwi_Handle__label__S
0000499b   ti_sysbios_gates_GateHwi_Handle__label__S
000049b5   ti_sysbios_gates_GateSwi_Handle__label__S
000049cf   ti_sysbios_heaps_HeapMem_Handle__label__S
000049e9   ti_sysbios_knl_Swi_Handle__label__S
00004a03   ti_uia_loggers_LoggerStopMode_Handle__label__S
00004a1d   ti_uia_loggers_LoggerStopMode_Instance_init__E
00004a37   xdc_runtime_System_aprintf__E
00004a51   xdc_runtime_System_printf__E
00004a6b   xdc_runtime_Startup_reset__I
00004a6d   _args_main
00004a85   ti_sysbios_BIOS_rtsUnlock__I
00004a9d   ti_sysbios_family_arm_lm4_Timer_Module__startupDone__F
00004a9d   ti_sysbios_family_arm_lm4_Timer_Module__startupDone__S
00004ab5   ti_sysbios_family_arm_m3_Hwi_Module__startupDone__F
00004ab5   ti_sysbios_family_arm_m3_Hwi_Module__startupDone__S
00004acd   xdc_runtime_Error_check__E
00004ae5   xdc_runtime_System_exit__E
00004afd   xdc_runtime_Text_ropeText__E
00004b15   ti_sysbios_BIOS_exitFunc__I
00004b2b   ti_uia_loggers_LoggerStopMode_disable__E
00004b41   ti_uia_loggers_LoggerStopMode_enable__E
00004b59   _register_unlock
00004b5f   _register_lock
00004b67   _nop
00004b6d   strlen
00004b81   ti_sysbios_family_arm_m3_Hwi_Object__get__S
00004b95   ti_sysbios_heaps_HeapMem_Object__get__S
00004ba9   ti_sysbios_knl_Swi_Object__get__S
00004bbd   __TI_zero_init
00004bcf   ti_sysbios_hal_Hwi_Module_startup__E
00004be1   xdc_runtime_Startup_exec__I
00004bf3   strcpy
00004c05   ti_sysbios_BIOS_getCpuFreq__E
00004c05   ti_sysbios_family_arm_lm4_TimestampProvider_getFreq__E
00004c05   xdc_runtime_Timestamp_SupportProxy_getFreq__E
00004c05   xdc_runtime_Timestamp_getFreq__E
00004c15   ti_sysbios_BIOS_setThreadType__E
00004c25   ti_sysbios_family_arm_lm4_TimestampProvider_rolloverFunc__E
00004c35   ti_sysbios_knl_Swi_disable__E
00004c45   ti_uia_loggers_LoggerStopMode_Object__get__S
00004c55   ti_uia_loggers_LoggerStopMode_isEmpty__E
00004c65   xdc_runtime_Gate_leaveSystem__E
00004c75   xdc_runtime_Memory_free__E
00004c85   xdc_runtime_SysMin_ready__E
00004c85   xdc_runtime_System_SupportProxy_ready__E
00004c95   xdc_runtime_System_vsnprintf__E
00004ca5   xdc_runtime_Text_visitRope__I
00004cb5   __TI_decompress_none
00004cc3   ti_sysbios_knl_Queue_empty__E
00004cd1   ti_catalog_arm_cortexm4_tiva_ce_Boot_init__I
00004cdd   ti_sysbios_family_arm_lm4_Timer_getMaxTicks__E
00004ce9   ti_sysbios_family_arm_lm4_TimestampProvider_startTimer__E
00004cf5   ti_sysbios_family_arm_m3_Hwi_disableFxn__E
00004cf5   ti_sysbios_hal_Hwi_HwiProxy_disable__E
00004cf5   ti_sysbios_hal_Hwi_disable__E
00004d01   ti_sysbios_gates_GateHwi_enter__E
00004d0d   ti_sysbios_BIOS_RtsGateProxy_query__E
00004d0d   ti_sysbios_gates_GateSwi_query__E
00004d0d   ti_sysbios_heaps_HeapMem_Module_GateProxy_query__E
00004d19   xdc_runtime_Error_init__E
00004d25   xdc_runtime_Gate_enterSystem__E
00004d31   xdc_runtime_Memory_calloc__E
00004d3d   xdc_runtime_Memory_getMaxDefaultTypeAlign__E
00004d5d   ti_sysbios_family_arm_lm4_Timer_masterDisable__I
00004d65   ti_sysbios_family_arm_m3_Hwi_doSwiRestore__I
00004d6d   ti_sysbios_family_arm_m3_Hwi_startup__E
00004d6d   ti_sysbios_hal_Hwi_HwiProxy_startup__E
00004d6d   ti_sysbios_hal_Hwi_startup__E
00004d75   ti_sysbios_knl_Idle_loop__E
00004d7d   __xdc__init
00004d83   __TI_decompress_rle24
00004d89   ti_catalog_arm_cortexm4_tiva_ce_Boot_sysCtlDelayI__I
00004d8f   ti_sysbios_family_arm_lm4_TimestampProvider_Module_startup__E
00004d95   ti_sysbios_family_arm_m3_Hwi_restoreFxn__E
00004d95   ti_sysbios_hal_Hwi_HwiProxy_restore__E
00004d95   ti_sysbios_hal_Hwi_restore__E
00004d9b   ti_sysbios_gates_GateHwi_leave__E
00004da1   ti_sysbios_heaps_HeapMem_isBlocking__E
00004da7   ti_sysbios_knl_Task_Module_startup__E
00004dad   xdc_runtime_System_Module_startup__E
00004db3   ti_sysbios_BIOS_RtsGateProxy_enter__E
00004db7   ti_sysbios_BIOS_RtsGateProxy_leave__E
00004dbb   ti_sysbios_family_arm_lm4_Timer_getPeriod__E
00004dbf   ti_sysbios_family_arm_lm4_Timer_masterEnable__I
00004dc3   ti_sysbios_gates_GateHwi_query__E
00004dc3   xdc_runtime_Main_Module_GateProxy_query__E
00004dc3   xdc_runtime_System_Module_GateProxy_query__E
00004dc7   ti_sysbios_hal_Hwi_HwiProxy_Module__startupDone__S
00004dcb   ti_sysbios_heaps_HeapMem_Module_GateProxy_enter__E
00004dcf   ti_sysbios_heaps_HeapMem_Module_GateProxy_leave__E
00004dd3   ti_sysbios_knl_Clock_TimerProxy_Module__startupDone__S
00004dd7   ti_sysbios_knl_Clock_TimerProxy_getMaxTicks__E
00004ddb   ti_sysbios_knl_Clock_TimerProxy_getPeriod__E
00004ddf   ti_uia_loggers_LoggerStopMode_getContents__E
00004de3   ti_uia_loggers_LoggerStopMode_getFilterLevel__E
00004de7   ti_uia_loggers_LoggerStopMode_getInstanceId__E
00004deb   ti_uia_loggers_LoggerStopMode_getMaxLength__E
00004def   ti_uia_loggers_LoggerStopMode_getPriority__E
00004df3   ti_uia_loggers_LoggerStopMode_getTransferType__E
00004df7   xdc_runtime_Error_getSite__E
00004dfb   xdc_runtime_Memory_HeapProxy_alloc__E
00004dff   xdc_runtime_Memory_HeapProxy_free__E
00004e03   xdc_runtime_System_Module_GateProxy_enter__E
00004e07   xdc_runtime_System_Module_GateProxy_leave__E
00004e0b   xdc_runtime_System_aprintf_va__F
00004e0f   xdc_runtime_System_printf_va__F
00004e14   xdc_runtime_Text_charTab__A
00006bd0   xdc_runtime_Text_nodeTab__A
00006ccc   ti_uia_loggers_LoggerStopMode_Module__FXNS__C
00006d74   ti_sysbios_heaps_HeapMem_Module__FXNS__C
00006d9c   ti_uia_loggers_LoggerStopMode_Object__PARAMS__C
00006dc4   xdc_runtime_Startup_sfxnTab__A
00006dec   ti_sysbios_gates_GateHwi_Module__FXNS__C
00006e10   ti_sysbios_gates_GateSwi_Module__FXNS__C
00006e34   ti_sysbios_heaps_HeapMem_Object__PARAMS__C
00006e58   ti_sysbios_gates_GateHwi_Object__DESC__C
00006e78   ti_sysbios_gates_GateSwi_Object__DESC__C
00006e98   ti_sysbios_heaps_HeapMem_Object__DESC__C
00006eb8   ti_uia_loggers_LoggerStopMode_Object__DESC__C
00006ed8   ti_sysbios_gates_GateHwi_Object__PARAMS__C
00006ef0   ti_sysbios_gates_GateSwi_Object__PARAMS__C
00006f08   xdc_runtime_Startup_firstFxns__A
00006f1c   xdc_runtime_Startup_sfxnRts__A
00006f41   xdc_runtime_Error_policy__C
00006f42   ti_catalog_arm_cortexm4_tiva_ce_Boot_Module__id__C
00006f44   ti_sysbios_family_arm_m3_Hwi_excHookFuncs__A
00006f4c   ti_sysbios_knl_Idle_funcList__A
00006f54   ti_sysbios_knl_Idle_funcList__C
00006f5c   xdc_runtime_Startup_firstFxns__C
00006f64   xdc_runtime_Startup_lastFxns__C
00006f6c   ti_catalog_arm_cortexm4_tiva_ce_Boot_A_mustUseEnhancedClockMode__C
00006f70   ti_catalog_arm_cortexm4_tiva_ce_Boot_Module__diagsEnabled__C
00006f74   ti_catalog_arm_cortexm4_tiva_ce_Boot_Module__diagsIncluded__C
00006f78   ti_catalog_arm_cortexm4_tiva_ce_Boot_Module__diagsMask__C
00006f7c   ti_sysbios_family_arm_lm4_Timer_enableFunc__C
00006f80   ti_sysbios_family_arm_lm4_Timer_numTimerDevices__C
00006f84   ti_sysbios_family_arm_lm4_Timer_startupNeeded__C
00006f88   ti_sysbios_family_arm_m3_Hwi_E_NMI__C
00006f8c   ti_sysbios_family_arm_m3_Hwi_E_busFault__C
00006f90   ti_sysbios_family_arm_m3_Hwi_E_debugMon__C
00006f94   ti_sysbios_family_arm_m3_Hwi_E_hardFault__C
00006f98   ti_sysbios_family_arm_m3_Hwi_E_memFault__C
00006f9c   ti_sysbios_family_arm_m3_Hwi_E_noIsr__C
00006fa0   ti_sysbios_family_arm_m3_Hwi_E_reserved__C
00006fa4   ti_sysbios_family_arm_m3_Hwi_E_svCall__C
00006fa8   ti_sysbios_family_arm_m3_Hwi_E_usageFault__C
00006fac   ti_sysbios_family_arm_m3_Hwi_LD_end__C
00006fb0   ti_sysbios_family_arm_m3_Hwi_LM_begin__C
00006fb4   ti_sysbios_family_arm_m3_Hwi_Module__diagsEnabled__C
00006fb8   ti_sysbios_family_arm_m3_Hwi_Module__diagsIncluded__C
00006fbc   ti_sysbios_family_arm_m3_Hwi_Module__diagsMask__C
00006fc0   ti_sysbios_family_arm_m3_Hwi_Module__loggerFxn1__C
00006fc4   ti_sysbios_family_arm_m3_Hwi_Module__loggerFxn8__C
00006fc8   ti_sysbios_family_arm_m3_Hwi_Module__loggerObj__C
00006fcc   ti_sysbios_family_arm_m3_Hwi_NUM_INTERRUPTS__C
00006fd0   ti_sysbios_family_arm_m3_Hwi_Object__count__C
00006fd4   ti_sysbios_family_arm_m3_Hwi_ccr__C
00006fd8   ti_sysbios_family_arm_m3_Hwi_excHandlerFunc__C
00006fdc   ti_sysbios_family_arm_m3_Hwi_excHookFuncs__C
00006fe0   ti_sysbios_family_arm_m3_Hwi_nullIsrFunc__C
00006fe4   ti_sysbios_family_arm_m3_Hwi_priGroup__C
00006fe8   ti_sysbios_gates_GateSwi_A_badContext__C
00006fec   ti_sysbios_gates_GateSwi_Module__diagsEnabled__C
00006ff0   ti_sysbios_gates_GateSwi_Module__diagsIncluded__C
00006ff4   ti_sysbios_gates_GateSwi_Module__diagsMask__C
00006ff8   ti_sysbios_hal_Hwi_E_stackOverflow__C
00006ffc   ti_sysbios_heaps_HeapMem_A_align__C
00007000   ti_sysbios_heaps_HeapMem_A_heapSize__C
00007004   ti_sysbios_heaps_HeapMem_A_invalidFree__C
00007008   ti_sysbios_heaps_HeapMem_A_zeroBlock__C
0000700c   ti_sysbios_heaps_HeapMem_E_memory__C
00007010   ti_sysbios_heaps_HeapMem_Module__diagsEnabled__C
00007014   ti_sysbios_heaps_HeapMem_Module__diagsIncluded__C
00007018   ti_sysbios_heaps_HeapMem_Module__diagsMask__C
0000701c   ti_sysbios_heaps_HeapMem_Module__gateObj__C
00007020   ti_sysbios_heaps_HeapMem_Object__count__C
00007024   ti_sysbios_heaps_HeapMem_reqAlign__C
00007028   ti_sysbios_knl_Clock_LM_begin__C
0000702c   ti_sysbios_knl_Clock_LM_tick__C
00007030   ti_sysbios_knl_Clock_LW_delayed__C
00007034   ti_sysbios_knl_Clock_Module_State_clockQ__O
00007038   ti_sysbios_knl_Clock_Module__diagsEnabled__C
0000703c   ti_sysbios_knl_Clock_Module__diagsIncluded__C
00007040   ti_sysbios_knl_Clock_Module__diagsMask__C
00007044   ti_sysbios_knl_Clock_Module__loggerFxn1__C
00007048   ti_sysbios_knl_Clock_Module__loggerFxn2__C
0000704c   ti_sysbios_knl_Clock_Module__loggerObj__C
00007050   ti_sysbios_knl_Swi_LD_end__C
00007054   ti_sysbios_knl_Swi_LM_begin__C
00007058   ti_sysbios_knl_Swi_LM_post__C
0000705c   ti_sysbios_knl_Swi_Module__diagsEnabled__C
00007060   ti_sysbios_knl_Swi_Module__diagsIncluded__C
00007064   ti_sysbios_knl_Swi_Module__diagsMask__C
00007068   ti_sysbios_knl_Swi_Module__loggerFxn1__C
0000706c   ti_sysbios_knl_Swi_Module__loggerFxn4__C
00007070   ti_sysbios_knl_Swi_Module__loggerObj__C
00007074   ti_sysbios_knl_Swi_Object__count__C
00007078   ti_sysbios_utils_Load_LS_cpuLoad__C
0000707c   ti_sysbios_utils_Load_LS_hwiLoad__C
00007080   ti_sysbios_utils_Load_Module__diagsEnabled__C
00007084   ti_sysbios_utils_Load_Module__diagsIncluded__C
00007088   ti_sysbios_utils_Load_Module__diagsMask__C
0000708c   ti_sysbios_utils_Load_Module__loggerFxn1__C
00007090   ti_sysbios_utils_Load_Module__loggerFxn2__C
00007094   ti_sysbios_utils_Load_Module__loggerObj__C
00007098   ti_sysbios_utils_Load_postUpdate__C
0000709c   ti_sysbios_utils_Load_windowInMs__C
000070a0   ti_uia_loggers_LoggerStopMode_Module__diagsEnabled__C
000070a4   ti_uia_loggers_LoggerStopMode_Module__diagsIncluded__C
000070a8   ti_uia_loggers_LoggerStopMode_Module__diagsMask__C
000070ac   ti_uia_loggers_LoggerStopMode_Object__count__C
000070b0   ti_uia_runtime_ILoggerSnapshot_Interface__BASE__C
000070b4   ti_uia_runtime_IUIATransfer_Interface__BASE__C
000070b8   xdc_runtime_Assert_E_assertFailed__C
000070bc   xdc_runtime_Core_A_initializedParams__C
000070c0   xdc_runtime_Core_Module__diagsEnabled__C
000070c4   xdc_runtime_Core_Module__diagsIncluded__C
000070c8   xdc_runtime_Core_Module__diagsMask__C
000070cc   xdc_runtime_Error_E_memory__C
000070d0   xdc_runtime_Error_Module__diagsEnabled__C
000070d4   xdc_runtime_Error_Module__diagsIncluded__C
000070d8   xdc_runtime_Error_Module__diagsMask__C
000070dc   xdc_runtime_Error_Module__loggerFxn8__C
000070e0   xdc_runtime_Error_Module__loggerObj__C
000070e4   xdc_runtime_Error_policyFxn__C
000070e8   xdc_runtime_Error_raiseHook__C
000070ec   xdc_runtime_IFilterLogger_Interface__BASE__C
000070f0   xdc_runtime_IGateProvider_Interface__BASE__C
000070f4   xdc_runtime_IHeap_Interface__BASE__C
000070f8   xdc_runtime_ILogger_Interface__BASE__C
000070fc   xdc_runtime_IModule_Interface__BASE__C
00007100   xdc_runtime_Log_L_error__C
00007104   xdc_runtime_Log_L_info__C
00007108   xdc_runtime_Main_Module__diagsEnabled__C
0000710c   xdc_runtime_Main_Module__diagsIncluded__C
00007110   xdc_runtime_Main_Module__diagsMask__C
00007114   xdc_runtime_Main_Module__loggerFxn4__C
00007118   xdc_runtime_Main_Module__loggerObj__C
0000711c   xdc_runtime_Memory_defaultHeapInstance__C
00007120   xdc_runtime_Startup_execImpl__C
00007124   xdc_runtime_Startup_lastFxns__A
00007128   xdc_runtime_Startup_maxPasses__C
0000712c   xdc_runtime_Startup_sfxnRts__C
00007130   xdc_runtime_Startup_sfxnTab__C
00007134   xdc_runtime_SysMin_bufSize__C
00007138   xdc_runtime_SysMin_outputFunc__C
0000713c   xdc_runtime_System_Module__gateObj__C
00007140   xdc_runtime_System_abortFxn__C
00007144   xdc_runtime_System_exitFxn__C
00007148   xdc_runtime_System_extendFxn__C
0000714c   xdc_runtime_System_maxAtexitHandlers__C
00007150   xdc_runtime_Text_charTab__C
00007154   xdc_runtime_Text_nameEmpty__C
00007158   xdc_runtime_Text_nameStatic__C
0000715c   xdc_runtime_Text_nameUnknown__C
00007160   xdc_runtime_Text_nodeTab__C
00007164   xdc_runtime_Text_visitRopeFxn__C
00007168   ti_sysbios_family_arm_lm4_TimestampProvider_useClockTimer__C
0000716a   ti_sysbios_family_arm_m3_Hwi_Module__id__C
0000716c   ti_sysbios_family_arm_m3_Hwi_Module__loggerDefined__C
0000716e   ti_sysbios_gates_GateSwi_Module__id__C
00007170   ti_sysbios_hal_Hwi_Module__id__C
00007172   ti_sysbios_heaps_HeapMem_Module__id__C
00007174   ti_sysbios_knl_Clock_Module__id__C
00007176   ti_sysbios_knl_Clock_Module__loggerDefined__C
00007178   ti_sysbios_knl_Swi_Module__id__C
0000717a   ti_sysbios_knl_Swi_Module__loggerDefined__C
0000717c   ti_sysbios_utils_Load_Module__id__C
0000717e   ti_sysbios_utils_Load_Module__loggerDefined__C
00007180   ti_sysbios_utils_Load_hwiEnabled__C
00007182   ti_sysbios_utils_Load_updateInIdle__C
00007184   ti_uia_loggers_LoggerStopMode_Module__id__C
00007186   ti_uia_loggers_LoggerStopMode_isTimestampEnabled__C
00007188   xdc_runtime_Core_Module__id__C
0000718a   xdc_runtime_Error_Module__loggerDefined__C
0000718c   xdc_runtime_Error_maxDepth__C
0000718e   xdc_runtime_Main_Module__id__C
00007190   xdc_runtime_Main_Module__loggerDefined__C
00007192   xdc_runtime_Memory_Module__id__C
00007194   xdc_runtime_SysMin_flushAtExit__C
00007196   xdc_runtime_Text_charCnt__C
00007198   xdc_runtime_Text_isLoaded__C
0000719a   xdc_runtime_Text_registryModsLastId__C
0000719c   xdc_runtime_Text_unnamedModsLastId__C
000074bc   __TI_Handler_Table_Base
000074c8   __TI_Handler_Table_Limit
000074d8   __TI_CINIT_Base
000074f0   __TI_CINIT_Limit
20000000   ti_sysbios_family_arm_m3_Hwi_ramVectors
20000380   ti_sysbios_heaps_HeapMem_Instance_State_0_buf__A
20001380   ti_uia_loggers_LoggerStopMode_Instance_State_1_packetArray__A
20001780   ti_uia_loggers_LoggerStopMode_Instance_State_2_packetArray__A
20001b80   xdc_runtime_SysMin_Module_State_0_outbuf__A
20001f80   ti_sysbios_family_arm_m3_Hwi_dispatchTable
20002300   ti_uia_loggers_LoggerStopMode_Instance_State_0_packetArray__A
20002500   __CIOBUF_
20002680   ti_uia_loggers_LoggerStopMode_Instance_State_0_hdr__A
20002700   ti_uia_loggers_LoggerStopMode_Instance_State_1_hdr__A
20002780   ti_uia_loggers_LoggerStopMode_Instance_State_2_hdr__A
200027b0   __stack
200029b0   __STACK_TOP
200037b0   __STACK_END
200037b0   xdc_runtime_Diags_dictElems
200037d0   ti_sysbios_family_arm_lm4_Timer_Module__root__V
200037d8   ti_sysbios_family_arm_lm4_Timer_Module_State_0_handles__A
200037f0   ti_sysbios_family_arm_lm4_Timer_Module__state__V
200037fc   ti_sysbios_family_arm_lm4_TimestampProvider_Module__state__V
20003804   ti_sysbios_family_arm_m3_Hwi_Module__root__V
2000380c   ti_sysbios_family_arm_m3_Hwi_Module_State_0_excActive__A
20003810   ti_sysbios_family_arm_m3_Hwi_Module_State_0_excContext__A
20003814   ti_sysbios_family_arm_m3_Hwi_Module_State_0_excStack__A
20003818   ti_sysbios_gates_GateHwi_Module__root__V
20003820   ti_sysbios_gates_GateHwi_Object__table__V
20003824   ti_sysbios_gates_GateSwi_Module__root__V
2000382c   ti_sysbios_gates_GateSwi_Object__table__V
20003834   ti_sysbios_hal_Hwi_Module__root__V
2000383c   ti_sysbios_heaps_HeapMem_Module__root__V
20003844   ti_sysbios_heaps_HeapMem_Object__table__V
2000385c   ti_sysbios_knl_Clock_Module__root__V
20003864   ti_sysbios_knl_Event_Module__root__V
20003870   ti_sysbios_knl_Queue_Module__root__V
20003878   ti_sysbios_knl_Swi_Module__root__V
20003880   ti_sysbios_knl_Swi_Module__state__V
2000389c   ti_sysbios_knl_Task_Module__root__V
200038a8   ti_sysbios_knl_Task_Module_State_0_readyQ__A
200038b0   ti_sysbios_knl_Task_Module_State_0_idleTask__A
200038b4   ti_sysbios_utils_Load_Module_State_0_taskStartTime__A
200038b8   ti_sysbios_utils_Load_Module_State_0_runningTask__A
200038bc   ti_uia_loggers_LoggerStopMode_Module__root__V
200038c4   ti_uia_loggers_LoggerStopMode_Module__state__V
200038cc   ti_uia_runtime_QueueDescriptor_Module__state__V
200038d8   xdc_runtime_Error_Module__state__V
200038da   xdc_runtime_Main_Module__root__V
200038dc   xdc_runtime_Memory_Module__state__V
200038e0   xdc_runtime_Registry_Module__state__V
200038e8   xdc_runtime_Startup_Module__state__V
200038f0   xdc_runtime_SysMin_Module__state__V
200038fc   xdc_runtime_System_Module_State_0_atexitHandlers__A
2000391c   xdc_runtime_System_Module__state__V
20003924   xdc_runtime_Text_Module__state__V
2000392c   __xdc__init__addr
20003930   ti_uia_loggers_LoggerStopMode_Object__table__V
200039cc   ti_sysbios_utils_Load_Module__state__V
20003a64   ti_sysbios_family_arm_lm4_Timer_Object__table__V
20003ae4   ti_sysbios_knl_Swi_Module_State_0_readyQ__A
20003b64   ti_sysbios_family_arm_m3_Hwi_Module__state__V
20003b98   ti_sysbios_family_arm_lm4_Timer_Module_State_0_device__A
20003bc8   ti_sysbios_family_arm_m3_Hwi_Object__table__V
20003bf8   ti_sysbios_knl_Swi_Object__table__V
20003c28   ti_sysbios_knl_Clock_Module__state__V
20003c54   ti_sysbios_BIOS_Module__state__V
20003c78   _lock
20003c7c   _unlock
20003c80   __TI_cleanup_ptr
20003c84   __TI_dtors_ptr
20003c88   ti_uia_runtime_QueueDescriptor_gPtrToFirstDescriptor
20003c8c   ti_uia_runtime_QueueDescriptor_gUpdateCount
20003c90   main_func_sp
e000e000   ti_sysbios_family_arm_m3_Hwi_nvic
ffffffff   __binit__
ffffffff   __c_args__
ffffffff   binit
UNDEFED    SHT$$INIT_ARRAY$$Base
UNDEFED    SHT$$INIT_ARRAY$$Limit

[555 symbols]
