******************************************************************************
                  TI ARM Linker PC v5.1.6                      
******************************************************************************
>> Linked Wed Jul 30 09:55:55 2014

OUTPUT FILE NAME:   <hello_TivaTM4C1233H6PM.out>
ENTRY POINT SYMBOL: "_c_int00"  address: 00006365


MEMORY CONFIGURATION

         name            origin    length      used     unused   attr    fill
----------------------  --------  ---------  --------  --------  ----  --------
  FLASH                 00000000   00040000  0000a502  00035afe  R  X
  SRAM                  20000000   00008000  000052f0  00002d10  RW X


SEGMENT ALLOCATION MAP

run origin  load origin   length   init length attrs members
----------  ----------- ---------- ----------- ----- -------
00000000    00000000    0000a508   0000a508    r-x
  00000000    00000000    0000003c   0000003c    r-- .resetVecs
  0000003c    0000003c    0000801a   0000801a    r-x .text
  00008058    00008058    0000208c   0000208c    r-- .const
  0000a0e8    0000a0e8    00000420   00000420    r-- .cinit
20000000    20000000    000052f0   00000000    rw-
  20000000    20000000    00000360   00000000    rw- .vecs
  20000360    20000360    0000454c   00000000    rw- .bss
  200048ac    200048ac    00000644   00000000    rw- .data
  20004ef0    20004ef0    00000400   00000000    rw- .stack


SECTION ALLOCATION MAP

 output                                  attributes/
section   page    origin      length       input sections
--------  ----  ----------  ----------   ----------------
.bootVecs 
*          0    00000000    00000008     DSECT
                  00000000    00000008     boot.aem4f : boot.oem4f (.bootVecs)

.resetVecs 
*          0    00000000    0000003c     
                  00000000    0000003c     hello_pem4f.oem4f (.resetVecs)

xdc.meta   0    00000000    00000107     COPY SECTION
                  00000000    00000107     hello_pem4f.oem4f (xdc.meta)

.init_array 
*          0    00000000    00000000     UNINITIALIZED

.text      0    0000003c    0000801a     
                  0000003c    00000424     sysbios.aem4f : BIOS.obj (.text:ti_sysbios_family_arm_m3_Hwi_excDumpRegs__I)
                  00000460    00000370     hello.obj (.text)
                  000007d0    0000033c     ti.targets.arm.rtsarm.aem4f : System.oem4f (.text:xdc_runtime_System_doPrint__I)
                  00000b0c    00000310     rtsv7M4_T_le_v4SPD16_eabi.lib : lowlev.obj (.text)
                  00000e1c    00000304     sysbios.aem4f : BIOS.obj (.text:ti_sysbios_knl_Semaphore_pend__E)
                  00001120    000002f8     ti.sysbios.fatfs.aem4f : ff.oem4f (.text:chk_mounted)
                  00001418    000002d4     rtsv7M4_T_le_v4SPD16_eabi.lib : trgdrv.obj (.text)
                  000016ec    00000248     sysbios.aem4f : BIOS.obj (.text:ti_sysbios_heaps_HeapMem_free__E)
                  00001934    00000234                   : BIOS.obj (.text:ti_sysbios_heaps_HeapMem_alloc__E)
                  00001b68    000001f8                   : BIOS.obj (.text:ti_sysbios_family_arm_m3_Hwi_excHandlerMax__I)
                  00001d60    000001ec     sdspi_tivaware.aem4f : SDSPITiva.oem4f (.text:SDSPITiva_diskInitialize)
                  00001f4c    000001a8     ti.sysbios.fatfs.aem4f : ff.oem4f (.text:f_write)
                  000020f4    00000178                            : ff.oem4f (.text:f_read)
                  0000226c    00000168     sysbios.aem4f : BIOS.obj (.text:ti_sysbios_family_arm_m3_Hwi_excBusFault__I)
                  000023d4    00000162     ti.sysbios.fatfs.aem4f : ff.oem4f (.text:f_lseek)
                  00002536    00000002     hello_pem4f.oem4f (.text:ti_sysbios_BIOS_nullFunc__I)
                  00002538    0000015c     sysbios.aem4f : BIOS.obj (.text:ti_sysbios_family_arm_lm4_Timer_start__E)
                  00002694    00000154                   : BIOS.obj (.text:ti_sysbios_family_arm_m3_Hwi_excUsageFault__I)
                  000027e8    00000150     ti.sysbios.fatfs.aem4f : ff.oem4f (.text:f_open)
                  00002938    00000140     sysbios.aem4f : BIOS.obj (.text:ti_sysbios_family_arm_lm4_TimestampProvider_get64__E)
                  00002a78    00000140                   : BIOS.obj (.text:ti_sysbios_family_arm_m3_Hwi_excMemFault__I)
                  00002bb8    0000013c                   : BIOS.obj (.text:ti_sysbios_family_arm_m3_Hwi_dispatchC__I)
                  00002cf4    00000138                   : BIOS.obj (.text:ti_sysbios_heaps_HeapMem_Instance_init__E)
                  00002e2c    00000138                   : BIOS.obj (.text:ti_sysbios_knl_Semaphore_post__E)
                  00002f64    00000130     driverlib.lib : gpio.obj (.text:GPIOPadConfigSet)
                  00003094    00000130     ti.targets.arm.rtsarm.aem4f : LoggerBuf.oem4f (.text:xdc_runtime_LoggerBuf_write8__E)
                  000031c4    0000012c     sysbios.aem4f : BIOS.obj (.text:ti_sysbios_knl_Clock_workFunc__E)
                  000032f0    00000122     ti.sysbios.fatfs.aem4f : ff.oem4f (.text:f_rename)
                  00003412    00000002     sysbios.aem4f : BIOS.obj (.text:ti_sysbios_gates_GateHwi_Instance_init__E)
                  00003414    00000120                   : BIOS.obj (.text:ti_sysbios_knl_Swi_run__I)
                  00003534    00000120     ti.targets.arm.rtsarm.aem4f : Error.oem4f (.text:xdc_runtime_Error_policyDefault__E)
                  00003654    00000117     ti.sysbios.fatfs.aem4f : ff.oem4f (.text:create_name)
                  0000376b    00000001     --HOLE-- [fill = 0]
                  0000376c    00000104     ti.targets.arm.rtsarm.aem4f : Core-mem.oem4f (.text:xdc_runtime_Core_createObject__I)
                  00003870    00000104     hello_pem4f.oem4f (.text:xdc_runtime_System_printfExtend__I)
                  00003974    00000100     Boot.aem4f : Boot_sysctl.oem4f (.text:ti_catalog_arm_cortexm4_tiva_ce_Boot_sysCtlClockSetI__I)
                  00003a74    000000fe     ti.sysbios.fatfs.aem4f : ff.oem4f (.text:dir_next)
                  00003b72    00000002     hello_pem4f.oem4f (.text:xdc_runtime_Startup_reset__I)
                  00003b74    000000fc     ti.targets.arm.rtsarm.aem4f : Startup.oem4f (.text:xdc_runtime_Startup_startMods__I)
                  00003c70    000000f4     sdspi_tivaware.aem4f : SDSPITiva.oem4f (.text:SDSPITiva_diskIOctrl)
                  00003d64    000000f4     sysbios.aem4f : m3_Hwi_asm.obj (.text:ti_sysbios_family_arm_m3_Hwi_dispatch__I)
                  00003e58    000000f0     driverlib.lib : sysctl.obj (.text:SysCtlClockSet)
                  00003f48    000000ec     sdspi_tivaware.aem4f : SDSPITiva.oem4f (.text:SDSPITiva_open)
                  00004034    000000e4                          : SDSPITiva.oem4f (.text:SDSPITiva_diskWrite)
                  00004118    000000de     ti.sysbios.fatfs.aem4f : ff.oem4f (.text:put_fat)
                  000041f6    00000002     --HOLE-- [fill = 0]
                  000041f8    000000dc     TivaTM4C1233H6PM_board.obj (.text)
                  000042d4    000000d4     ti.targets.arm.rtsarm.aem4f : LoggerBuf.oem4f (.text:xdc_runtime_LoggerBuf_write4__E)
                  000043a8    000000cc     ti.sysbios.fatfs.aem4f : ff.oem4f (.text:get_fat)
                  00004474    000000cc     ti.targets.arm.rtsarm.aem4f : Core-smem.oem4f (.text:xdc_runtime_Core_constructObject__I)
                  00004540    000000c8     sysbios.aem4f : BIOS.obj (.text:ti_sysbios_knl_Task_schedule__I)
                  00004608    000000c4     sdspi_tivaware.aem4f : SDSPITiva.oem4f (.text:send_cmd)
                  000046cc    000000c4     sysbios.aem4f : BIOS.obj (.text:ti_sysbios_family_arm_m3_Hwi_Module_startup__E)
                  00004790    000000c2     ti.sysbios.fatfs.aem4f : ff.oem4f (.text:f_unlink)
                  00004852    000000c0                            : ff.oem4f (.text:sync)
                  00004912    00000002     --HOLE-- [fill = 0]
                  00004914    000000c0     sysbios.aem4f : BIOS.obj (.text:ti_sysbios_family_arm_lm4_TimestampProvider_get32__E)
                  000049d4    000000bc     sdspi_tivaware.aem4f : SDSPITiva.oem4f (.text:SDSPITiva_diskRead)
                  00004a90    000000bc     sysbios.aem4f : BIOS.obj (.text:ti_sysbios_knl_Task_startCore__E)
                  00004b4c    000000b4                   : BIOS.obj (.text:ti_sysbios_family_arm_m3_Hwi_excHardFault__I)
                  00004c00    000000b4                   : BIOS.obj (.text:ti_sysbios_gates_GateMutex_enter__E)
                  00004cb4    000000b4                   : BIOS.obj (.text:ti_sysbios_knl_Task_checkStacks__E)
                  00004d68    000000b0     ti.sysbios.fatfs.aem4f : ff.oem4f (.text:f_sync)
                  00004e18    000000b0                            : ffcio.oem4f (.text:ffcio_open)
                  00004ec8    000000b0     sysbios.aem4f : BIOS.obj (.text:ti_sysbios_family_arm_m3_Hwi_excDebugMon__I)
                  00004f78    000000ac                   : BIOS.obj (.text:ti_sysbios_family_arm_lm4_Timer_enableTiva__I)
                  00005024    000000a8                   : BIOS.obj (.text:ti_sysbios_family_arm_lm4_Timer_enableTimers__I)
                  000050cc    000000a8                   : BIOS.obj (.text:ti_sysbios_knl_Swi_post__E)
                  00005174    000000a8                   : BIOS.obj (.text:ti_sysbios_knl_Task_blockI__E)
                  0000521c    000000a8                   : BIOS.obj (.text:ti_sysbios_knl_Task_postInit__I)
                  000052c4    000000a0     auto_init.aem4f : auto_init.oem4f (.text)
                  00005364    000000a0     sdspi_tivaware.aem4f : SDSPITiva.oem4f (.text:rcvr_datablock)
                  00005404    0000009c     rtsv7M4_T_le_v4SPD16_eabi.lib : memcpy_t2.obj (.text)
                  000054a0    0000009c     sysbios.aem4f : BIOS.obj (.text:ti_sysbios_knl_Semaphore_Instance_init__E)
                  0000553c    0000009a     ti.targets.arm.rtsarm.aem4f : Text.oem4f (.text:xdc_runtime_Text_putSite__E)
                  000055d6    0000009a     sdspi_tivaware.aem4f : SDSPITiva.oem4f (.text:xmit_datablock)
                  00005670    00000098     ti.sysbios.fatfs.aem4f : ff.oem4f (.text:create_chain)
                  00005708    00000098     sysbios.aem4f : BIOS.obj (.text:ti_sysbios_knl_Task_exit__E)
                  000057a0    00000094     Boot.aem4f : Boot.oem4f (.text:ti_catalog_arm_cortexm4_tiva_ce_Boot_sysCtlClockSet__E)
                  00005834    00000094     sysbios.aem4f : BIOS.obj (.text:ti_sysbios_knl_Task_unblockI__E)
                  000058c8    00000094     ti.targets.arm.rtsarm.aem4f : Text.oem4f (.text:xdc_runtime_Text_putMod__E)
                  0000595c    0000008c     sysbios.aem4f : BIOS.obj (.text:ti_sysbios_family_arm_m3_Hwi_initNVIC__E)
                  000059e8    0000008c                   : m3_TaskSupport_asm.obj (.text:ti_sysbios_family_arm_m3_TaskSupport_buildTaskStack)
                  00005a74    00000080     ti.targets.arm.rtsarm.aem4f : LoggerBuf.oem4f (.text:xdc_runtime_LoggerBuf_setFilterLevel__E)
                  00005af4    0000007c     ti.sysbios.fatfs.aem4f : ff.oem4f (.text:dir_sdi)
                  00005b70    00000078     rtsv7M4_T_le_v4SPD16_eabi.lib : memset_t2.obj (.text)
                  00005be8    00000074     ti.sysbios.fatfs.aem4f : ff.oem4f (.text:check_fs)
                  00005c5c    00000074                            : ff.oem4f (.text:follow_path)
                  00005cd0    00000070     ti.targets.arm.rtsarm.aem4f : Memory.oem4f (.text:xdc_runtime_Memory_alloc__E)
                  00005d40    0000006e     ti.sysbios.fatfs.aem4f : ff.oem4f (.text:move_window)
                  00005dae    00000002     --HOLE-- [fill = 0]
                  00005db0    0000006c     ti.targets.arm.rtsarm.aem4f : Error.oem4f (.text:xdc_runtime_Error_print__E)
                  00005e1c    0000006c                                 : LoggerBuf.oem4f (.text:xdc_runtime_LoggerBuf_getFilterLevel__E)
                  00005e88    00000066                                 : Core-mem.oem4f (.text:xdc_runtime_Core_deleteObject__I)
                  00005eee    00000064     ti.sysbios.fatfs.aem4f : ff.oem4f (.text:remove_chain)
                  00005f52    00000060                            : ff.oem4f (.text:dir_register)
                  00005fb2    00000002     --HOLE-- [fill = 0]
                  00005fb4    00000060     rtsv7M4_T_le_v4SPD16_eabi.lib : trgmsg.obj (.text)
                  00006014    00000060     sysbios.aem4f : BIOS.obj (.text:ti_sysbios_family_arm_lm4_Timer_isrStub__E)
                  00006074    00000060                   : BIOS.obj (.text:ti_sysbios_knl_Clock_logTick__E)
                  000060d4    00000060                   : BIOS.obj (.text:ti_sysbios_knl_Task_Module_startup__E)
                  00006134    00000060     ti.targets.arm.rtsarm.aem4f : System.oem4f (.text:xdc_runtime_System_formatNum__I)
                  00006194    0000005e     rtsv7M4_T_le_v4SPD16_eabi.lib : copy_decompress_rle.obj (.text)
                  000061f2    00000002     --HOLE-- [fill = 0]
                  000061f4    0000005c     sysbios.aem4f : BIOS.obj (.text:ti_sysbios_family_arm_lm4_Timer_Module_startup__E)
                  00006250    0000005c     sdspi_tivaware.aem4f : SDSPITiva.oem4f (.text:wait_ready)
                  000062ac    0000005c     hello_pem4f.oem4f (.text:xdc_runtime_LoggerBuf_Object__create__S)
                  00006308    0000005b     ti.targets.arm.rtsarm.aem4f : Text.oem4f (.text:xdc_runtime_Text_putLab__E)
                  00006363    00000001     --HOLE-- [fill = 0]
                  00006364    00000058     boot.aem4f : boot.oem4f (.text)
                  000063bc    00000058     sysbios.aem4f : m3_Hwi_asm_switch.obj (.text:ti_sysbios_family_arm_m3_Hwi_initStacks__E)
                  00006414    00000058                   : BIOS.obj (.text:ti_sysbios_knl_Swi_restoreHwi__E)
                  0000646c    00000058                   : BIOS.obj (.text:ti_sysbios_knl_Swi_schedule__I)
                  000064c4    00000050     ti.targets.arm.rtsarm.aem4f : Startup.oem4f (.text:xdc_runtime_Startup_exec__E)
                  00006514    00000050                                 : Text.oem4f (.text:xdc_runtime_Text_visitRope2__I)
                  00006564    0000004c     hello_pem4f.oem4f (.text:ti_sysbios_fatfs_startup)
                  000065b0    0000004c     sysbios.aem4f : BIOS.obj (.text:ti_sysbios_knl_Swi_runLoop__I)
                  000065fc    0000004a     ti.sysbios.fatfs.aem4f : ff.oem4f (.text:dir_find)
                  00006646    00000002     --HOLE-- [fill = 0]
                  00006648    00000048     driverlib.lib : gpio.obj (.text:GPIOPinConfigure)
                  00006690    00000048     sysbios.aem4f : BIOS.obj (.text:ti_sysbios_family_arm_m3_Hwi_excReserved__I)
                  000066d8    00000048                   : BIOS.obj (.text:ti_sysbios_heaps_HeapMem_getStats__E)
                  00006720    00000048     ti.targets.arm.rtsarm.aem4f : Assert.oem4f (.text:xdc_runtime_Assert_raise__I)
                  00006768    00000046     sdspi_tivaware.aem4f : SDSPITiva.oem4f (.text:send_initial_clock_train)
                  000067ae    00000046     ti.targets.arm.rtsarm.aem4f : Core-params.oem4f (.text:xdc_runtime_Core_assignParams__I)
                  000067f4    00000044     ti.sysbios.fatfs.aem4f : ff.oem4f (.text:f_mount)
                  00006838    00000044     rtsv7M4_T_le_v4SPD16_eabi.lib : cpy_tbl.obj (.text)
                  0000687c    00000044                                   : exit.obj (.text)
                  000068c0    00000044     sysbios.aem4f : BIOS.obj (.text:ti_sysbios_family_arm_lm4_Timer_stop__E)
                  00006904    00000044                   : BIOS.obj (.text:ti_sysbios_family_arm_m3_Hwi_disableInterrupt__E)
                  00006948    00000044                   : BIOS.obj (.text:ti_sysbios_family_arm_m3_Hwi_enableInterrupt__E)
                  0000698c    00000044                   : BIOS.obj (.text:ti_sysbios_knl_Task_allBlockedFunction__I)
                  000069d0    00000044     ti.targets.arm.rtsarm.aem4f : Error.oem4f (.text:xdc_runtime_Error_setX__E)
                  00006a14    00000044                                 : LoggerBuf.oem4f (.text:xdc_runtime_LoggerBuf_filterOutEvent__I)
                  00006a58    00000044                                 : SysMin.oem4f (.text:xdc_runtime_SysMin_flush__E)
                  00006a9c    00000042     driverlib.lib : ssi.obj (.text:SSIConfigSetExpClk)
                  00006ade    00000042     rtsv7M4_T_le_v4SPD16_eabi.lib : u_divt2.obj (.text)
                  00006b20    00000040     ti.sysbios.fatfs.aem4f : ff.oem4f (.text:dir_read)
                  00006b60    00000040     sysbios.aem4f : BIOS.obj (.text:ti_sysbios_family_arm_lm4_Timer_startup__E)
                  00006ba0    0000003c                   : BIOS.obj (.text:ti_sysbios_family_arm_m3_Hwi_excSvCall__I)
                  00006bdc    0000003c                   : BIOS.obj (.text:ti_sysbios_family_arm_m3_Hwi_getStackInfo__E)
                  00006c18    0000003c                   : BIOS.obj (.text:ti_sysbios_heaps_HeapMem_init__I)
                  00006c54    0000003c                   : BIOS.obj (.text:ti_sysbios_knl_Swi_startup__E)
                  00006c90    0000003c     ti.targets.arm.rtsarm.aem4f : Text.oem4f (.text:xdc_runtime_Text_xprintf__I)
                  00006ccc    0000003a                                 : LoggerBuf.oem4f (.text:xdc_runtime_LoggerBuf_Instance_init__E)
                  00006d06    00000002     --HOLE-- [fill = 0]
                  00006d08    00000038     sdspi_tivaware.aem4f : SDSPI.oem4f (.text:SDSPI_init)
                  00006d40    00000038     sysbios.aem4f : BIOS.obj (.text:ti_sysbios_family_arm_m3_Hwi_excNoIsr__I)
                  00006d78    00000038                   : BIOS.obj (.text:ti_sysbios_family_arm_m3_TaskSupport_start__E)
                  00006db0    00000038                   : BIOS.obj (.text:ti_sysbios_knl_Task_processVitalTaskFlag__I)
                  00006de8    00000038     ti.targets.arm.rtsarm.aem4f : SysMin.oem4f (.text:xdc_runtime_SysMin_putch__E)
                  00006e20    00000038                                 : System.oem4f (.text:xdc_runtime_System_atexit__E)
                  00006e58    00000034     driverlib.lib : sysctl.obj (.text:SysCtlPeripheralEnable)
                  00006e8c    00000034     ti.sysbios.fatfs.aem4f : ffcio.oem4f (.text:ffcio_lseek)
                  00006ec0    00000034     sysbios.aem4f : BIOS.obj (.text:ti_sysbios_family_arm_m3_Hwi_excNmi__I)
                  00006ef4    00000034                   : BIOS.obj (.text:ti_sysbios_hal_Hwi_checkStack)
                  00006f28    00000034     hello_pem4f.oem4f (.text:ti_sysbios_knl_Semaphore_create)
                  00006f5c    00000034     ti.targets.arm.rtsarm.aem4f : Core-label.oem4f (.text:xdc_runtime_Core_assignLabel__I)
                  00006f90    00000033                                 : Text.oem4f (.text:xdc_runtime_Text_printVisFxn__I)
                  00006fc3    00000001     --HOLE-- [fill = 0]
                  00006fc4    00000032     sysbios.aem4f : BIOS.obj (.text:ti_sysbios_knl_Semaphore_pendTimeout__I)
                  00006ff6    00000030     rtsv7M4_T_le_v4SPD16_eabi.lib : strncpy.obj (.text)
                  00007026    00000002     --HOLE-- [fill = 0]
                  00007028    00000030     hello_pem4f.oem4f (.text:ti_sysbios_BIOS_atExitFunc__I)
                  00007058    00000030     hello_pem4f.oem4f (.text:ti_sysbios_gates_GateHwi_Object__create__S)
                  00007088    00000030     hello_pem4f.oem4f (.text:ti_sysbios_gates_GateMutex_Object__create__S)
                  000070b8    00000030     hello_pem4f.oem4f (.text:ti_sysbios_heaps_HeapMem_Object__create__S)
                  000070e8    00000030     hello_pem4f.oem4f (.text:ti_sysbios_knl_Semaphore_construct)
                  00007118    00000030     ti.sysbios.fatfs.aem4f : ff.oem4f (.text:validate)
                  00007148    00000030     ti.targets.arm.rtsarm.aem4f : SysMin.oem4f (.text:xdc_runtime_SysMin_abort__E)
                  00007178    00000030                                 : System.oem4f (.text:xdc_runtime_System_processAtExit__E)
                  000071a8    0000002c     sdspi_tivaware.aem4f : SDSPITiva.oem4f (.text:SDSPITiva_close)
                  000071d4    0000002c     ti.sysbios.fatfs.aem4f : diskio.oem4f (.text:disk_register)
                  00007200    0000002c     sysbios.aem4f : BIOS.obj (.text:ti_sysbios_hal_Hwi_initStack)
                  0000722c    0000002c     hello_pem4f.oem4f (.text:ti_sysbios_knl_Clock_doTick__I)
                  00007258    0000002c     hello_pem4f.oem4f (.text:ti_sysbios_knl_Queue_construct)
                  00007284    0000002c     sysbios.aem4f : BIOS.obj (.text:ti_sysbios_knl_Task_restore__E)
                  000072b0    0000002c     ti.targets.arm.rtsarm.aem4f : Text.oem4f (.text:xdc_runtime_Text_cordText__E)
                  000072dc    0000002a     driverlib.lib : gpio.obj (.text:GPIODirModeSet)
                  00007306    0000002a     ti.targets.arm.rtsarm.aem4f : System.oem4f (.text:xdc_runtime_System_putchar__I)
                  00007330    00000028     ti.sysbios.fatfs.aem4f : diskio.oem4f (.text:disk_unregister)
                  00007358    00000028     hello_pem4f.oem4f (.text:ti_sysbios_BIOS_startFunc__I)
                  00007380    00000028     ti.targets.arm.rtsarm.aem4f : LoggerBuf.oem4f (.text:xdc_runtime_LoggerBuf_Module_startup__E)
                  000073a8    00000026     sysbios.aem4f : m3_Hwi_asm.obj (.text:ti_sysbios_family_arm_m3_Hwi_pendSV__I)
                  000073ce    00000026     ti.targets.arm.rtsarm.aem4f : System.oem4f (.text:xdc_runtime_System_avprintf__E)
                  000073f4    00000024     ti.sysbios.fatfs.aem4f : ff.oem4f (.text:dir_remove)
                  00007418    00000024                            : ffcio.oem4f (.text:ffcio_close)
                  0000743c    00000024     hello_pem4f.oem4f (.text:ti_sysbios_BIOS_errorRaiseHook__I)
                  00007460    00000024     hello_pem4f.oem4f (.text:ti_sysbios_BIOS_registerRTSLock__I)
                  00007484    00000024     hello_pem4f.oem4f (.text:ti_sysbios_BIOS_removeRTSLock__I)
                  000074a8    00000024     sysbios.aem4f : BIOS.obj (.text:ti_sysbios_family_arm_m3_Hwi_doTaskRestore__I)
                  000074cc    00000024     hello_pem4f.oem4f (.text:ti_sysbios_gates_GateMutex_Object__delete__S)
                  000074f0    00000024     sysbios.aem4f : BIOS.obj (.text:ti_sysbios_knl_Clock_Module_startup__E)
                  00007514    00000024     hello_pem4f.oem4f (.text:ti_sysbios_knl_Semaphore_Object__delete__S)
                  00007538    00000024     sysbios.aem4f : BIOS.obj (.text:ti_sysbios_knl_Swi_Module_startup__E)
                  0000755c    00000024                   : BIOS.obj (.text:ti_sysbios_knl_Task_enter__I)
                  00007580    00000024     ti.targets.arm.rtsarm.aem4f : System.oem4f (.text:xdc_runtime_System_vprintf__E)
                  000075a4    00000022     sysbios.aem4f : BIOS.obj (.text:ti_sysbios_family_arm_lm4_Timer_write__I)
                  000075c6    00000022     hello_pem4f.oem4f (.text:xdc_runtime_SysMin_output__I)
                  000075e8    00000020     ti.sysbios.fatfs.aem4f : ffcio.oem4f (.text:ffcio_read)
                  00007608    00000020                            : ffcio.oem4f (.text:ffcio_write)
                  00007628    00000020     sysbios.aem4f : m3_Hwi_asm.obj (.text:ti_sysbios_family_arm_m3_Hwi_excHandlerAsm__I)
                  00007648    00000020                   : BIOS.obj (.text:ti_sysbios_family_arm_m3_Hwi_excHandler__I)
                  00007668    00000020     hello_pem4f.oem4f (.text:ti_sysbios_gates_GateHwi_Object__delete__S)
                  00007688    00000020     hello_pem4f.oem4f (.text:ti_sysbios_heaps_HeapMem_Object__delete__S)
                  000076a8    00000020     sysbios.aem4f : BIOS.obj (.text:ti_sysbios_knl_Idle_run__E)
                  000076c8    00000020     hello_pem4f.oem4f (.text:ti_sysbios_knl_Semaphore_Object__destruct__S)
                  000076e8    00000020     hello_pem4f.oem4f (.text:xdc_runtime_LoggerBuf_Object__delete__S)
                  00007708    00000020     ti.targets.arm.rtsarm.aem4f : LoggerBuf.oem4f (.text:xdc_runtime_LoggerBuf_reset__E)
                  00007728    00000020                                 : Registry.oem4f (.text:xdc_runtime_Registry_findById__E)
                  00007748    00000020                                 : SysMin.oem4f (.text:xdc_runtime_SysMin_Module_startup__E)
                  00007768    0000001e     sysbios.aem4f : m3_Hwi_asm_switch.obj (.text:ti_sysbios_family_xxx_Hwi_switchAndRunFunc)
                  00007786    00000002     --HOLE-- [fill = 0]
                  00007788    0000001c     ti.sysbios.fatfs.aem4f : diskio.oem4f (.text:disk_initialize)
                  000077a4    0000001c                            : diskio.oem4f (.text:disk_ioctl)
                  000077c0    0000001c                            : diskio.oem4f (.text:disk_read)
                  000077dc    0000001c                            : diskio.oem4f (.text:disk_status)
                  000077f8    0000001c                            : diskio.oem4f (.text:disk_write)
                  00007814    0000001c                            : ff.oem4f (.text:mem_cmp)
                  00007830    0000001c     hello_pem4f.oem4f (.text:ti_sysbios_BIOS_rtsLock__I)
                  0000784c    0000001c     sysbios.aem4f : BIOS.obj (.text:ti_sysbios_gates_GateMutex_Instance_init__E)
                  00007868    0000001c     hello_pem4f.oem4f (.text:ti_sysbios_knl_Queue_Object__destruct__S)
                  00007884    0000001c     ti.targets.arm.rtsarm.aem4f : Error.oem4f (.text:xdc_runtime_Error_raiseX__E)
                  000078a0    0000001c                                 : Memory.oem4f (.text:xdc_runtime_Memory_valloc__E)
                  000078bc    0000001c                                 : SysMin.oem4f (.text:xdc_runtime_SysMin_exit__E)
                  000078d8    0000001c                                 : System.oem4f (.text:xdc_runtime_System_abort__E)
                  000078f4    0000001a     ti.sysbios.fatfs.aem4f : syncsysbios.oem4f (.text:ff_cre_syncobj)
                  0000790e    0000001a     hello_pem4f.oem4f (.text:ti_sysbios_family_arm_m3_Hwi_Handle__label__S)
                  00007928    0000001a     hello_pem4f.oem4f (.text:ti_sysbios_gates_GateHwi_Handle__label__S)
                  00007942    0000001a     hello_pem4f.oem4f (.text:ti_sysbios_gates_GateMutex_Handle__label__S)
                  0000795c    0000001a     hello_pem4f.oem4f (.text:ti_sysbios_heaps_HeapMem_Handle__label__S)
                  00007976    0000001a     hello_pem4f.oem4f (.text:ti_sysbios_knl_Swi_Handle__label__S)
                  00007990    0000001a     hello_pem4f.oem4f (.text:ti_sysbios_knl_Task_Handle__label__S)
                  000079aa    0000001a     hello_pem4f.oem4f (.text:xdc_runtime_LoggerBuf_Handle__label__S)
                  000079c4    0000001a     hello_pem4f.oem4f (.text:xdc_runtime_System_aprintf__E)
                  000079de    0000001a     hello_pem4f.oem4f (.text:xdc_runtime_System_printf__E)
                  000079f8    00000018     driverlib.lib : gpio.obj (.text:GPIOPinTypeGPIOOutput)
                  00007a10    00000018     sdspi_tivaware.aem4f : SDSPI.oem4f (.text:SDSPI_open)
                  00007a28    00000018     ti.sysbios.fatfs.aem4f : ff.oem4f (.text:clust2sect)
                  00007a40    00000018     rtsv7M4_T_le_v4SPD16_eabi.lib : args_main.obj (.text)
                  00007a58    00000018                                   : strcmp.obj (.text)
                  00007a70    00000018     hello_pem4f.oem4f (.text:ti_sysbios_BIOS_rtsUnlock__I)
                  00007a88    00000018     hello_pem4f.oem4f (.text:ti_sysbios_family_arm_lm4_Timer_Module__startupDone__F)
                  00007aa0    00000018     hello_pem4f.oem4f (.text:ti_sysbios_family_arm_m3_Hwi_Module__startupDone__F)
                  00007ab8    00000018     sysbios.aem4f : m3_TaskSupport_asm.obj (.text:ti_sysbios_family_arm_m3_TaskSupport_swap__E)
                  00007ad0    00000018                   : BIOS.obj (.text:ti_sysbios_gates_GateMutex_leave__E)
                  00007ae8    00000018     ti.sysbios.fatfs.aem4f : ff.oem4f (.text:unlock_fs)
                  00007b00    00000018     ti.targets.arm.rtsarm.aem4f : Error.oem4f (.text:xdc_runtime_Error_check__E)
                  00007b18    00000018                                 : System.oem4f (.text:xdc_runtime_System_exit__E)
                  00007b30    00000018                                 : Text.oem4f (.text:xdc_runtime_Text_ropeText__E)
                  00007b48    00000016     rtsv7M4_T_le_v4SPD16_eabi.lib : strchr.obj (.text)
                  00007b5e    00000016     hello_pem4f.oem4f (.text:ti_sysbios_BIOS_exitFunc__I)
                  00007b74    00000014     driverlib.lib : sysctl.obj (.text:SysCtlUSBPLLEnable)
                  00007b88    00000014     rtsv7M4_T_le_v4SPD16_eabi.lib : _lock.obj (.text)
                  00007b9c    00000014                                   : strlen.obj (.text)
                  00007bb0    00000014     hello_pem4f.oem4f (.text:ti_sysbios_family_arm_m3_Hwi_Object__get__S)
                  00007bc4    00000014     sysbios.aem4f : BIOS.obj (.text:ti_sysbios_family_arm_m3_Hwi_switchFromBootStack__E)
                  00007bd8    00000014     hello_pem4f.oem4f (.text:ti_sysbios_heaps_HeapMem_Object__get__S)
                  00007bec    00000014     hello_pem4f.oem4f (.text:ti_sysbios_knl_Swi_Object__get__S)
                  00007c00    00000014     hello_pem4f.oem4f (.text:xdc_runtime_LoggerBuf_Object__get__S)
                  00007c14    00000012     driverlib.lib : gpio.obj (.text:GPIOPinTypeGPIOInput)
                  00007c26    00000012                   : gpio.obj (.text:GPIOPinTypeUSBAnalog)
                  00007c38    00000012     sdspi_tivaware.aem4f : SDSPITiva.oem4f (.text:SDSPITiva_init)
                  00007c4a    00000012     ti.sysbios.fatfs.aem4f : ff.oem4f (.text:chk_chr)
                  00007c5c    00000012     rtsv7M4_T_le_v4SPD16_eabi.lib : copy_zero_init.obj (.text:decompress:ZI)
                  00007c6e    00000012     ti.sysbios.fatfs.aem4f : ffcio.oem4f (.text:ffcio_rename)
                  00007c80    00000012                            : ffcio.oem4f (.text:ffcio_unlink)
                  00007c92    00000012     sysbios.aem4f : BIOS.obj (.text:ti_sysbios_hal_Hwi_Module_startup__E)
                  00007ca4    00000012     ti.targets.arm.rtsarm.aem4f : LoggerBuf.oem4f (.text:xdc_runtime_LoggerBuf_Instance_finalize__E)
                  00007cb6    00000012                                 : LoggerBuf.oem4f (.text:xdc_runtime_LoggerBuf_write1__E)
                  00007cc8    00000012                                 : LoggerBuf.oem4f (.text:xdc_runtime_LoggerBuf_write2__E)
                  00007cda    00000012     hello_pem4f.oem4f (.text:xdc_runtime_Startup_exec__I)
                  00007cec    00000010     sdspi_tivaware.aem4f : SDSPITiva.oem4f (.text:SDSPITiva_diskStatus)
                  00007cfc    00000010     ti.sysbios.fatfs.aem4f : ff.oem4f (.text:f_close)
                  00007d0c    00000010                            : ff.oem4f (.text:mem_cpy)
                  00007d1c    00000010     rtsv7M4_T_le_v4SPD16_eabi.lib : strcpy.obj (.text)
                  00007d2c    00000010     sysbios.aem4f : BIOS.obj (.text:ti_sysbios_BIOS_exit__E)
                  00007d3c    00000010                   : BIOS.obj (.text:ti_sysbios_BIOS_getCpuFreq__E)
                  00007d4c    00000010                   : BIOS.obj (.text:ti_sysbios_BIOS_setThreadType__E)
                  00007d5c    00000010                   : BIOS.obj (.text:ti_sysbios_BIOS_start__E)
                  00007d6c    00000010                   : BIOS.obj (.text:ti_sysbios_family_arm_lm4_TimestampProvider_rolloverFunc__E)
                  00007d7c    00000010                   : m3_TaskSupport_asm.obj (.text:ti_sysbios_family_arm_m3_TaskSupport_glue)
                  00007d8c    00000010                   : BIOS.obj (.text:ti_sysbios_gates_GateMutex_Instance_finalize__E)
                  00007d9c    00000010                   : BIOS.obj (.text:ti_sysbios_knl_Semaphore_Instance_finalize__E)
                  00007dac    00000010                   : BIOS.obj (.text:ti_sysbios_knl_Swi_disable__E)
                  00007dbc    00000010     hello_pem4f.oem4f (.text:ti_sysbios_knl_Task_Object__get__S)
                  00007dcc    00000010     sysbios.aem4f : BIOS.obj (.text:ti_sysbios_knl_Task_disable__E)
                  00007ddc    00000010     ti.targets.arm.rtsarm.aem4f : Gate.oem4f (.text:xdc_runtime_Gate_leaveSystem__E)
                  00007dec    00000010                                 : LoggerBuf.oem4f (.text:xdc_runtime_LoggerBuf_write0__E)
                  00007dfc    00000010                                 : Memory.oem4f (.text:xdc_runtime_Memory_free__E)
                  00007e0c    00000010                                 : SysMin.oem4f (.text:xdc_runtime_SysMin_ready__E)
                  00007e1c    00000010                                 : System.oem4f (.text:xdc_runtime_System_vsnprintf__E)
                  00007e2c    00000010     hello_pem4f.oem4f (.text:xdc_runtime_Text_visitRope__I)
                  00007e3c    0000000e     rtsv7M4_T_le_v4SPD16_eabi.lib : copy_decompress_none.obj (.text:decompress:none)
                  00007e4a    0000000e     ti.sysbios.fatfs.aem4f : syncsysbios.oem4f (.text:ff_del_syncobj)
                  00007e58    0000000e                            : ff.oem4f (.text:mem_set)
                  00007e66    0000000e     sysbios.aem4f : BIOS.obj (.text:ti_sysbios_knl_Queue_empty__E)
                  00007e74    0000000c     hello_pem4f.oem4f (.text:.bootCodeSection:ti_catalog_arm_cortexm4_tiva_ce_Boot_init__I)
                  00007e80    0000000c     sdspi_tivaware.aem4f : SDSPI.oem4f (.text:SDSPI_Params_init)
                  00007e8c    0000000c     driverlib.lib : ssi.obj (.text:SSIDataGet)
                  00007e98    0000000c     sysbios.aem4f : BIOS.obj (.text:ti_sysbios_family_arm_lm4_Timer_getMaxTicks__E)
                  00007ea4    0000000c                   : BIOS.obj (.text:ti_sysbios_family_arm_lm4_TimestampProvider_startTimer__E)
                  00007eb0    0000000c                   : BIOS.obj (.text:ti_sysbios_family_arm_m3_Hwi_disableFxn__E)
                  00007ebc    0000000c                   : BIOS.obj (.text:ti_sysbios_family_arm_m3_TaskSupport_checkStack__E)
                  00007ec8    0000000c                   : BIOS.obj (.text:ti_sysbios_gates_GateHwi_enter__E)
                  00007ed4    0000000c     hello_pem4f.oem4f (.text:ti_sysbios_knl_Queue_Object__get__S)
                  00007ee0    0000000c     ti.targets.arm.rtsarm.aem4f : Error.oem4f (.text:xdc_runtime_Error_init__E)
                  00007eec    0000000c                                 : Gate.oem4f (.text:xdc_runtime_Gate_enterSystem__E)
                  00007ef8    0000000c                                 : Memory.oem4f (.text:xdc_runtime_Memory_calloc__E)
                  00007f04    0000000c                                 : Memory.oem4f (.text:xdc_runtime_Memory_getMaxDefaultTypeAlign__E)
                  00007f10    0000000a     sdspi_tivaware.aem4f : SDSPI.oem4f (.text:SDSPI_close)
                  00007f1a    0000000a     driverlib.lib : ssi.obj (.text:SSIDataPut)
                  00007f24    0000000a                   : ssi.obj (.text:SSIDisable)
                  00007f2e    0000000a                   : ssi.obj (.text:SSIEnable)
                  00007f38    0000000a     hello_pem4f.oem4f (.text:xdc_runtime_IHeap_alloc)
                  00007f42    0000000a     hello_pem4f.oem4f (.text:xdc_runtime_IHeap_free)
                  00007f4c    0000000a     ti.targets.arm.rtsarm.aem4f : LoggerBuf.oem4f (.text:xdc_runtime_LoggerBuf_disable__E)
                  00007f56    0000000a                                 : LoggerBuf.oem4f (.text:xdc_runtime_LoggerBuf_enable__E)
                  00007f60    00000008     ti.sysbios.fatfs.aem4f : syncsysbios.oem4f (.text:ff_req_grant)
                  00007f68    00000008     sysbios.aem4f : BIOS.obj (.text:ti_sysbios_family_arm_lm4_Timer_masterDisable__I)
                  00007f70    00000008                   : BIOS.obj (.text:ti_sysbios_family_arm_m3_Hwi_doSwiRestore__I)
                  00007f78    00000008                   : BIOS.obj (.text:ti_sysbios_family_arm_m3_Hwi_startup__E)
                  00007f80    00000008     hello_pem4f.oem4f (.text:ti_sysbios_fatfs_getFatTime)
                  00007f88    00000008     sysbios.aem4f : BIOS.obj (.text:ti_sysbios_knl_Idle_loop__E)
                  00007f90    00000006     driverlib.lib : gpio.obj (.text:GPIOPinWrite)
                  00007f96    00000006     sdspi_tivaware.aem4f : SDSPITiva.oem4f (.text:SDSPITiva_control)
                  00007f9c    00000006     driverlib.lib : sysctl.obj (.text:SysCtlDelay)
                  00007fa2    00000006     ti.targets.arm.rtsarm.aem4f : xdc_noinit.oem4f (.text:__xdc__init)
                  00007fa8    00000006     rtsv7M4_T_le_v4SPD16_eabi.lib : copy_decompress_rle.obj (.text:decompress:rle24)
                  00007fae    00000006     ti.sysbios.fatfs.aem4f : ff.oem4f (.text:lock_fs)
                  00007fb4    00000006     Boot.aem4f : Boot_sysctl.oem4f (.text:ti_catalog_arm_cortexm4_tiva_ce_Boot_sysCtlDelayI__I)
                  00007fba    00000006     sysbios.aem4f : BIOS.obj (.text:ti_sysbios_family_arm_lm4_TimestampProvider_Module_startup__E)
                  00007fc0    00000006                   : BIOS.obj (.text:ti_sysbios_family_arm_m3_Hwi_restoreFxn__E)
                  00007fc6    00000006                   : BIOS.obj (.text:ti_sysbios_gates_GateHwi_leave__E)
                  00007fcc    00000006                   : BIOS.obj (.text:ti_sysbios_heaps_HeapMem_isBlocking__E)
                  00007fd2    00000006                   : BIOS.obj (.text:ti_sysbios_knl_Queue_Instance_init__E)
                  00007fd8    00000006     ti.targets.arm.rtsarm.aem4f : System.oem4f (.text:xdc_runtime_System_Module_startup__E)
                  00007fde    00000004                                 : LoggerBuf.oem4f (.text:LoggerBuf_instanceStartup)
                  00007fe2    00000004     ti.sysbios.fatfs.aem4f : syncsysbios.oem4f (.text:ff_rel_grant)
                  00007fe6    00000004                            : diskio.oem4f (.text:get_fattime)
                  00007fea    00000004     hello_pem4f.oem4f (.text:ti_sysbios_BIOS_RtsGateProxy_enter__E)
                  00007fee    00000004     hello_pem4f.oem4f (.text:ti_sysbios_BIOS_RtsGateProxy_leave__E)
                  00007ff2    00000004     sysbios.aem4f : BIOS.obj (.text:ti_sysbios_family_arm_lm4_Timer_getPeriod__E)
                  00007ff6    00000004                   : BIOS.obj (.text:ti_sysbios_family_arm_lm4_Timer_masterEnable__I)
                  00007ffa    00000004     hello_pem4f.oem4f (.text:ti_sysbios_family_arm_m3_TaskSupport_Module__startupDone__S)
                  00007ffe    00000004     sysbios.aem4f : BIOS.obj (.text:ti_sysbios_gates_GateHwi_query__E)
                  00008002    00000004                   : BIOS.obj (.text:ti_sysbios_gates_GateMutex_query__E)
                  00008006    00000004     hello_pem4f.oem4f (.text:ti_sysbios_hal_Hwi_HwiProxy_Module__startupDone__S)
                  0000800a    00000004     hello_pem4f.oem4f (.text:ti_sysbios_heaps_HeapMem_Module_GateProxy_enter__E)
                  0000800e    00000004     hello_pem4f.oem4f (.text:ti_sysbios_heaps_HeapMem_Module_GateProxy_leave__E)
                  00008012    00000004     hello_pem4f.oem4f (.text:ti_sysbios_knl_Clock_TimerProxy_Module__startupDone__S)
                  00008016    00000004     hello_pem4f.oem4f (.text:ti_sysbios_knl_Clock_TimerProxy_getMaxTicks__E)
                  0000801a    00000004     hello_pem4f.oem4f (.text:ti_sysbios_knl_Clock_TimerProxy_getPeriod__E)
                  0000801e    00000004     hello_pem4f.oem4f (.text:ti_sysbios_knl_Queue_destruct)
                  00008022    00000004     hello_pem4f.oem4f (.text:ti_sysbios_knl_Semaphore_delete)
                  00008026    00000004     hello_pem4f.oem4f (.text:ti_sysbios_knl_Semaphore_destruct)
                  0000802a    00000004     hello_pem4f.oem4f (.text:ti_sysbios_knl_Task_SupportProxy_Module__startupDone__S)
                  0000802e    00000004     sysbios.aem4f : BIOS.obj (.text:ti_sysbios_knl_Task_startup__E)
                  00008032    00000004     ti.targets.arm.rtsarm.aem4f : Error.oem4f (.text:xdc_runtime_Error_getSite__E)
                  00008036    00000004     hello_pem4f.oem4f (.text:xdc_runtime_LoggerBuf_Module_GateProxy_enter__E)
                  0000803a    00000004     hello_pem4f.oem4f (.text:xdc_runtime_LoggerBuf_Module_GateProxy_leave__E)
                  0000803e    00000004     hello_pem4f.oem4f (.text:xdc_runtime_Memory_HeapProxy_alloc__E)
                  00008042    00000004     hello_pem4f.oem4f (.text:xdc_runtime_Memory_HeapProxy_free__E)
                  00008046    00000004     hello_pem4f.oem4f (.text:xdc_runtime_System_Module_GateProxy_enter__E)
                  0000804a    00000004     hello_pem4f.oem4f (.text:xdc_runtime_System_Module_GateProxy_leave__E)
                  0000804e    00000004     ti.targets.arm.rtsarm.aem4f : System.oem4f (.text:xdc_runtime_System_aprintf_va__F)
                  00008052    00000004                                 : System.oem4f (.text:xdc_runtime_System_printf_va__F)

.const     0    00008058    0000208c     
                  00008058    00001738     hello_pem4f.oem4f (.const:xdc_runtime_Text_charTab__A)
                  00009790    00000241     hello.obj (.const:.string:textarray)
                  000099d1    00000001     hello_pem4f.oem4f (.const:xdc_runtime_Error_policy__C)
                  000099d2    000000cc     hello_pem4f.oem4f (.const:xdc_runtime_Text_nodeTab__A)
                  00009a9e    00000002     hello_pem4f.oem4f (.const:ti_catalog_arm_cortexm4_tiva_ce_Boot_Module__id__C)
                  00009aa0    00000090     driverlib.lib : gpio.obj (.const:g_pui32GPIOBaseAddrs)
                  00009b30    00000048     hello_pem4f.oem4f (.const:.string)
                  00009b78    0000003c     hello_pem4f.oem4f (.const:xdc_runtime_LoggerBuf_Module__FXNS__C)
                  00009bb4    00000028     hello_pem4f.oem4f (.const:ti_sysbios_heaps_HeapMem_Module__FXNS__C)
                  00009bdc    00000028     hello_pem4f.oem4f (.const:xdc_runtime_Startup_sfxnTab__A)
                  00009c04    00000024     TivaTM4C1233H6PM_board.obj (.const:sdspiTivaHWattrs)
                  00009c28    00000024     hello_pem4f.oem4f (.const:ti_sysbios_gates_GateHwi_Module__FXNS__C)
                  00009c4c    00000024     hello_pem4f.oem4f (.const:ti_sysbios_gates_GateMutex_Module__FXNS__C)
                  00009c70    00000024     hello_pem4f.oem4f (.const:ti_sysbios_heaps_HeapMem_Object__PARAMS__C)
                  00009c94    00000024     hello_pem4f.oem4f (.const:ti_sysbios_knl_Semaphore_Object__PARAMS__C)
                  00009cb8    00000024     hello_pem4f.oem4f (.const:xdc_runtime_LoggerBuf_Object__PARAMS__C)
                  00009cdc    00000020     hello_pem4f.oem4f (.const:ti_sysbios_gates_GateHwi_Object__DESC__C)
                  00009cfc    00000020     hello_pem4f.oem4f (.const:ti_sysbios_gates_GateMutex_Object__DESC__C)
                  00009d1c    00000020     hello_pem4f.oem4f (.const:ti_sysbios_heaps_HeapMem_Object__DESC__C)
                  00009d3c    00000020     hello_pem4f.oem4f (.const:ti_sysbios_knl_Queue_Object__DESC__C)
                  00009d5c    00000020     hello_pem4f.oem4f (.const:ti_sysbios_knl_Semaphore_Object__DESC__C)
                  00009d7c    00000020     hello_pem4f.oem4f (.const:xdc_runtime_LoggerBuf_Object__DESC__C)
                  00009d9c    00000018     TivaTM4C1233H6PM_board.obj (.const)
                  00009db4    00000018     hello_pem4f.oem4f (.const:ti_sysbios_gates_GateHwi_Object__PARAMS__C)
                  00009dcc    00000018     hello_pem4f.oem4f (.const:ti_sysbios_gates_GateMutex_Object__PARAMS__C)
                  00009de4    00000018     hello_pem4f.oem4f (.const:ti_sysbios_knl_Queue_Object__PARAMS__C)
                  00009dfc    00000015     hello.obj (.const:.string)
                  00009e11    00000001     --HOLE-- [fill = 0]
                  00009e12    00000002     hello_pem4f.oem4f (.const:ti_sysbios_family_arm_lm4_TimestampProvider_useClockTimer__C)
                  00009e14    00000014     hello_pem4f.oem4f (.const:xdc_runtime_Startup_firstFxns__A)
                  00009e28    00000014     hello_pem4f.oem4f (.const:xdc_runtime_Startup_sfxnRts__A)
                  00009e3c    00000011     ti.targets.arm.rtsarm.aem4f : System.oem4f (.const:.string)
                  00009e4d    00000001     --HOLE-- [fill = 0]
                  00009e4e    00000002     hello_pem4f.oem4f (.const:ti_sysbios_family_arm_m3_Hwi_Module__id__C)
                  00009e50    00000010     sdspi_tivaware.aem4f : SDSPITiva.oem4f (.const)
                  00009e60    00000008     hello_pem4f.oem4f (.const:ti_sysbios_family_arm_m3_Hwi_excHookFuncs__A)
                  00009e68    00000008     hello_pem4f.oem4f (.const:ti_sysbios_knl_Idle_funcList__C)
                  00009e70    00000008     hello_pem4f.oem4f (.const:xdc_runtime_Startup_firstFxns__C)
                  00009e78    00000008     hello_pem4f.oem4f (.const:xdc_runtime_Startup_lastFxns__C)
                  00009e80    00000004     sdspi_tivaware.aem4f : SDSPI.oem4f (.const)
                  00009e84    00000004     hello_pem4f.oem4f (.const:ti_catalog_arm_cortexm4_tiva_ce_Boot_A_mustUseEnhancedClockMode__C)
                  00009e88    00000004     hello_pem4f.oem4f (.const:ti_catalog_arm_cortexm4_tiva_ce_Boot_Module__diagsEnabled__C)
                  00009e8c    00000004     hello_pem4f.oem4f (.const:ti_catalog_arm_cortexm4_tiva_ce_Boot_Module__diagsIncluded__C)
                  00009e90    00000004     hello_pem4f.oem4f (.const:ti_catalog_arm_cortexm4_tiva_ce_Boot_Module__diagsMask__C)
                  00009e94    00000004     hello_pem4f.oem4f (.const:ti_sysbios_family_arm_lm4_Timer_enableFunc__C)
                  00009e98    00000004     hello_pem4f.oem4f (.const:ti_sysbios_family_arm_lm4_Timer_numTimerDevices__C)
                  00009e9c    00000004     hello_pem4f.oem4f (.const:ti_sysbios_family_arm_lm4_Timer_startupNeeded__C)
                  00009ea0    00000004     hello_pem4f.oem4f (.const:ti_sysbios_family_arm_m3_Hwi_E_NMI__C)
                  00009ea4    00000004     hello_pem4f.oem4f (.const:ti_sysbios_family_arm_m3_Hwi_E_busFault__C)
                  00009ea8    00000004     hello_pem4f.oem4f (.const:ti_sysbios_family_arm_m3_Hwi_E_debugMon__C)
                  00009eac    00000004     hello_pem4f.oem4f (.const:ti_sysbios_family_arm_m3_Hwi_E_hardFault__C)
                  00009eb0    00000004     hello_pem4f.oem4f (.const:ti_sysbios_family_arm_m3_Hwi_E_memFault__C)
                  00009eb4    00000004     hello_pem4f.oem4f (.const:ti_sysbios_family_arm_m3_Hwi_E_noIsr__C)
                  00009eb8    00000004     hello_pem4f.oem4f (.const:ti_sysbios_family_arm_m3_Hwi_E_reserved__C)
                  00009ebc    00000004     hello_pem4f.oem4f (.const:ti_sysbios_family_arm_m3_Hwi_E_svCall__C)
                  00009ec0    00000004     hello_pem4f.oem4f (.const:ti_sysbios_family_arm_m3_Hwi_E_usageFault__C)
                  00009ec4    00000004     hello_pem4f.oem4f (.const:ti_sysbios_family_arm_m3_Hwi_LD_end__C)
                  00009ec8    00000004     hello_pem4f.oem4f (.const:ti_sysbios_family_arm_m3_Hwi_LM_begin__C)
                  00009ecc    00000004     hello_pem4f.oem4f (.const:ti_sysbios_family_arm_m3_Hwi_Module__diagsEnabled__C)
                  00009ed0    00000004     hello_pem4f.oem4f (.const:ti_sysbios_family_arm_m3_Hwi_Module__diagsIncluded__C)
                  00009ed4    00000004     hello_pem4f.oem4f (.const:ti_sysbios_family_arm_m3_Hwi_Module__diagsMask__C)
                  00009ed8    00000004     hello_pem4f.oem4f (.const:ti_sysbios_family_arm_m3_Hwi_Module__loggerFxn1__C)
                  00009edc    00000004     hello_pem4f.oem4f (.const:ti_sysbios_family_arm_m3_Hwi_Module__loggerFxn8__C)
                  00009ee0    00000004     hello_pem4f.oem4f (.const:ti_sysbios_family_arm_m3_Hwi_Module__loggerObj__C)
                  00009ee4    00000004     hello_pem4f.oem4f (.const:ti_sysbios_family_arm_m3_Hwi_NUM_INTERRUPTS__C)
                  00009ee8    00000004     hello_pem4f.oem4f (.const:ti_sysbios_family_arm_m3_Hwi_Object__count__C)
                  00009eec    00000004     hello_pem4f.oem4f (.const:ti_sysbios_family_arm_m3_Hwi_ccr__C)
                  00009ef0    00000004     hello_pem4f.oem4f (.const:ti_sysbios_family_arm_m3_Hwi_excHandlerFunc__C)
                  00009ef4    00000004     hello_pem4f.oem4f (.const:ti_sysbios_family_arm_m3_Hwi_excHookFuncs__C)
                  00009ef8    00000004     hello_pem4f.oem4f (.const:ti_sysbios_family_arm_m3_Hwi_nullIsrFunc__C)
                  00009efc    00000004     hello_pem4f.oem4f (.const:ti_sysbios_family_arm_m3_Hwi_priGroup__C)
                  00009f00    00000004     hello_pem4f.oem4f (.const:ti_sysbios_gates_GateMutex_A_badContext__C)
                  00009f04    00000004     hello_pem4f.oem4f (.const:ti_sysbios_gates_GateMutex_Instance_State_sem__O)
                  00009f08    00000004     hello_pem4f.oem4f (.const:ti_sysbios_gates_GateMutex_Module__diagsEnabled__C)
                  00009f0c    00000004     hello_pem4f.oem4f (.const:ti_sysbios_gates_GateMutex_Module__diagsIncluded__C)
                  00009f10    00000004     hello_pem4f.oem4f (.const:ti_sysbios_gates_GateMutex_Module__diagsMask__C)
                  00009f14    00000004     hello_pem4f.oem4f (.const:ti_sysbios_hal_Hwi_E_stackOverflow__C)
                  00009f18    00000004     hello_pem4f.oem4f (.const:ti_sysbios_heaps_HeapMem_A_align__C)
                  00009f1c    00000004     hello_pem4f.oem4f (.const:ti_sysbios_heaps_HeapMem_A_heapSize__C)
                  00009f20    00000004     hello_pem4f.oem4f (.const:ti_sysbios_heaps_HeapMem_A_invalidFree__C)
                  00009f24    00000004     hello_pem4f.oem4f (.const:ti_sysbios_heaps_HeapMem_A_zeroBlock__C)
                  00009f28    00000004     hello_pem4f.oem4f (.const:ti_sysbios_heaps_HeapMem_E_memory__C)
                  00009f2c    00000004     hello_pem4f.oem4f (.const:ti_sysbios_heaps_HeapMem_Module__diagsEnabled__C)
                  00009f30    00000004     hello_pem4f.oem4f (.const:ti_sysbios_heaps_HeapMem_Module__diagsIncluded__C)
                  00009f34    00000004     hello_pem4f.oem4f (.const:ti_sysbios_heaps_HeapMem_Module__diagsMask__C)
                  00009f38    00000004     hello_pem4f.oem4f (.const:ti_sysbios_heaps_HeapMem_Module__gateObj__C)
                  00009f3c    00000004     hello_pem4f.oem4f (.const:ti_sysbios_heaps_HeapMem_Object__count__C)
                  00009f40    00000004     hello_pem4f.oem4f (.const:ti_sysbios_heaps_HeapMem_reqAlign__C)
                  00009f44    00000004     hello_pem4f.oem4f (.const:ti_sysbios_knl_Clock_LM_begin__C)
                  00009f48    00000004     hello_pem4f.oem4f (.const:ti_sysbios_knl_Clock_LM_tick__C)
                  00009f4c    00000004     hello_pem4f.oem4f (.const:ti_sysbios_knl_Clock_LW_delayed__C)
                  00009f50    00000004     hello_pem4f.oem4f (.const:ti_sysbios_knl_Clock_Module_State_clockQ__O)
                  00009f54    00000004     hello_pem4f.oem4f (.const:ti_sysbios_knl_Clock_Module__diagsEnabled__C)
                  00009f58    00000004     hello_pem4f.oem4f (.const:ti_sysbios_knl_Clock_Module__diagsIncluded__C)
                  00009f5c    00000004     hello_pem4f.oem4f (.const:ti_sysbios_knl_Clock_Module__diagsMask__C)
                  00009f60    00000004     hello_pem4f.oem4f (.const:ti_sysbios_knl_Clock_Module__loggerFxn1__C)
                  00009f64    00000004     hello_pem4f.oem4f (.const:ti_sysbios_knl_Clock_Module__loggerFxn2__C)
                  00009f68    00000004     hello_pem4f.oem4f (.const:ti_sysbios_knl_Clock_Module__loggerObj__C)
                  00009f6c    00000004     hello_pem4f.oem4f (.const:ti_sysbios_knl_Idle_funcList__A)
                  00009f70    00000004     hello_pem4f.oem4f (.const:ti_sysbios_knl_Semaphore_A_badContext__C)
                  00009f74    00000004     hello_pem4f.oem4f (.const:ti_sysbios_knl_Semaphore_A_noEvents__C)
                  00009f78    00000004     hello_pem4f.oem4f (.const:ti_sysbios_knl_Semaphore_A_overflow__C)
                  00009f7c    00000004     hello_pem4f.oem4f (.const:ti_sysbios_knl_Semaphore_A_pendTaskDisabled__C)
                  00009f80    00000004     hello_pem4f.oem4f (.const:ti_sysbios_knl_Semaphore_Instance_State_pendQ__O)
                  00009f84    00000004     hello_pem4f.oem4f (.const:ti_sysbios_knl_Semaphore_LM_pend__C)
                  00009f88    00000004     hello_pem4f.oem4f (.const:ti_sysbios_knl_Semaphore_LM_post__C)
                  00009f8c    00000004     hello_pem4f.oem4f (.const:ti_sysbios_knl_Semaphore_Module__diagsEnabled__C)
                  00009f90    00000004     hello_pem4f.oem4f (.const:ti_sysbios_knl_Semaphore_Module__diagsIncluded__C)
                  00009f94    00000004     hello_pem4f.oem4f (.const:ti_sysbios_knl_Semaphore_Module__diagsMask__C)
                  00009f98    00000004     hello_pem4f.oem4f (.const:ti_sysbios_knl_Semaphore_Module__loggerFxn2__C)
                  00009f9c    00000004     hello_pem4f.oem4f (.const:ti_sysbios_knl_Semaphore_Module__loggerFxn4__C)
                  00009fa0    00000004     hello_pem4f.oem4f (.const:ti_sysbios_knl_Semaphore_Module__loggerObj__C)
                  00009fa4    00000004     hello_pem4f.oem4f (.const:ti_sysbios_knl_Swi_LD_end__C)
                  00009fa8    00000004     hello_pem4f.oem4f (.const:ti_sysbios_knl_Swi_LM_begin__C)
                  00009fac    00000004     hello_pem4f.oem4f (.const:ti_sysbios_knl_Swi_LM_post__C)
                  00009fb0    00000004     hello_pem4f.oem4f (.const:ti_sysbios_knl_Swi_Module__diagsEnabled__C)
                  00009fb4    00000004     hello_pem4f.oem4f (.const:ti_sysbios_knl_Swi_Module__diagsIncluded__C)
                  00009fb8    00000004     hello_pem4f.oem4f (.const:ti_sysbios_knl_Swi_Module__diagsMask__C)
                  00009fbc    00000004     hello_pem4f.oem4f (.const:ti_sysbios_knl_Swi_Module__loggerFxn1__C)
                  00009fc0    00000004     hello_pem4f.oem4f (.const:ti_sysbios_knl_Swi_Module__loggerFxn4__C)
                  00009fc4    00000004     hello_pem4f.oem4f (.const:ti_sysbios_knl_Swi_Module__loggerObj__C)
                  00009fc8    00000004     hello_pem4f.oem4f (.const:ti_sysbios_knl_Swi_Object__count__C)
                  00009fcc    00000004     hello_pem4f.oem4f (.const:ti_sysbios_knl_Task_E_spOutOfBounds__C)
                  00009fd0    00000004     hello_pem4f.oem4f (.const:ti_sysbios_knl_Task_E_stackOverflow__C)
                  00009fd4    00000004     hello_pem4f.oem4f (.const:ti_sysbios_knl_Task_LD_block__C)
                  00009fd8    00000004     hello_pem4f.oem4f (.const:ti_sysbios_knl_Task_LD_exit__C)
                  00009fdc    00000004     hello_pem4f.oem4f (.const:ti_sysbios_knl_Task_LD_ready__C)
                  00009fe0    00000004     hello_pem4f.oem4f (.const:ti_sysbios_knl_Task_LM_switch__C)
                  00009fe4    00000004     hello_pem4f.oem4f (.const:ti_sysbios_knl_Task_Module_State_inactiveQ__O)
                  00009fe8    00000004     hello_pem4f.oem4f (.const:ti_sysbios_knl_Task_Module__diagsEnabled__C)
                  00009fec    00000004     hello_pem4f.oem4f (.const:ti_sysbios_knl_Task_Module__diagsIncluded__C)
                  00009ff0    00000004     hello_pem4f.oem4f (.const:ti_sysbios_knl_Task_Module__diagsMask__C)
                  00009ff4    00000004     hello_pem4f.oem4f (.const:ti_sysbios_knl_Task_Module__loggerFxn2__C)
                  00009ff8    00000004     hello_pem4f.oem4f (.const:ti_sysbios_knl_Task_Module__loggerFxn4__C)
                  00009ffc    00000004     hello_pem4f.oem4f (.const:ti_sysbios_knl_Task_Module__loggerObj__C)
                  0000a000    00000004     hello_pem4f.oem4f (.const:ti_sysbios_knl_Task_Object__count__C)
                  0000a004    00000004     hello_pem4f.oem4f (.const:ti_sysbios_knl_Task_allBlockedFunc__C)
                  0000a008    00000004     hello_pem4f.oem4f (.const:ti_sysbios_knl_Task_numConstructedTasks__C)
                  0000a00c    00000004     hello_pem4f.oem4f (.const:xdc_runtime_Assert_E_assertFailed__C)
                  0000a010    00000004     hello_pem4f.oem4f (.const:xdc_runtime_Core_A_initializedParams__C)
                  0000a014    00000004     hello_pem4f.oem4f (.const:xdc_runtime_Core_Module__diagsEnabled__C)
                  0000a018    00000004     hello_pem4f.oem4f (.const:xdc_runtime_Core_Module__diagsIncluded__C)
                  0000a01c    00000004     hello_pem4f.oem4f (.const:xdc_runtime_Core_Module__diagsMask__C)
                  0000a020    00000004     hello_pem4f.oem4f (.const:xdc_runtime_Error_E_memory__C)
                  0000a024    00000004     hello_pem4f.oem4f (.const:xdc_runtime_Error_Module__diagsEnabled__C)
                  0000a028    00000004     hello_pem4f.oem4f (.const:xdc_runtime_Error_Module__diagsIncluded__C)
                  0000a02c    00000004     hello_pem4f.oem4f (.const:xdc_runtime_Error_Module__diagsMask__C)
                  0000a030    00000004     hello_pem4f.oem4f (.const:xdc_runtime_Error_Module__loggerFxn8__C)
                  0000a034    00000004     hello_pem4f.oem4f (.const:xdc_runtime_Error_Module__loggerObj__C)
                  0000a038    00000004     hello_pem4f.oem4f (.const:xdc_runtime_Error_policyFxn__C)
                  0000a03c    00000004     hello_pem4f.oem4f (.const:xdc_runtime_Error_raiseHook__C)
                  0000a040    00000004     hello_pem4f.oem4f (.const:xdc_runtime_IFilterLogger_Interface__BASE__C)
                  0000a044    00000004     hello_pem4f.oem4f (.const:xdc_runtime_IGateProvider_Interface__BASE__C)
                  0000a048    00000004     hello_pem4f.oem4f (.const:xdc_runtime_IHeap_Interface__BASE__C)
                  0000a04c    00000004     hello_pem4f.oem4f (.const:xdc_runtime_ILogger_Interface__BASE__C)
                  0000a050    00000004     hello_pem4f.oem4f (.const:xdc_runtime_IModule_Interface__BASE__C)
                  0000a054    00000004     hello_pem4f.oem4f (.const:xdc_runtime_Log_L_error__C)
                  0000a058    00000004     hello_pem4f.oem4f (.const:xdc_runtime_LoggerBuf_E_badLevel__C)
                  0000a05c    00000004     hello_pem4f.oem4f (.const:xdc_runtime_LoggerBuf_Module__gateObj__C)
                  0000a060    00000004     hello_pem4f.oem4f (.const:xdc_runtime_LoggerBuf_Object__count__C)
                  0000a064    00000004     hello_pem4f.oem4f (.const:xdc_runtime_LoggerBuf_statusLogger__C)
                  0000a068    00000004     hello_pem4f.oem4f (.const:xdc_runtime_Memory_defaultHeapInstance__C)
                  0000a06c    00000004     hello_pem4f.oem4f (.const:xdc_runtime_Startup_execImpl__C)
                  0000a070    00000004     hello_pem4f.oem4f (.const:xdc_runtime_Startup_lastFxns__A)
                  0000a074    00000004     hello_pem4f.oem4f (.const:xdc_runtime_Startup_maxPasses__C)
                  0000a078    00000004     hello_pem4f.oem4f (.const:xdc_runtime_Startup_sfxnRts__C)
                  0000a07c    00000004     hello_pem4f.oem4f (.const:xdc_runtime_Startup_sfxnTab__C)
                  0000a080    00000004     hello_pem4f.oem4f (.const:xdc_runtime_SysMin_bufSize__C)
                  0000a084    00000004     hello_pem4f.oem4f (.const:xdc_runtime_SysMin_outputFunc__C)
                  0000a088    00000004     hello_pem4f.oem4f (.const:xdc_runtime_System_Module__gateObj__C)
                  0000a08c    00000004     hello_pem4f.oem4f (.const:xdc_runtime_System_abortFxn__C)
                  0000a090    00000004     hello_pem4f.oem4f (.const:xdc_runtime_System_exitFxn__C)
                  0000a094    00000004     hello_pem4f.oem4f (.const:xdc_runtime_System_extendFxn__C)
                  0000a098    00000004     hello_pem4f.oem4f (.const:xdc_runtime_System_maxAtexitHandlers__C)
                  0000a09c    00000004     hello_pem4f.oem4f (.const:xdc_runtime_Text_charTab__C)
                  0000a0a0    00000004     hello_pem4f.oem4f (.const:xdc_runtime_Text_nameEmpty__C)
                  0000a0a4    00000004     hello_pem4f.oem4f (.const:xdc_runtime_Text_nameStatic__C)
                  0000a0a8    00000004     hello_pem4f.oem4f (.const:xdc_runtime_Text_nameUnknown__C)
                  0000a0ac    00000004     hello_pem4f.oem4f (.const:xdc_runtime_Text_nodeTab__C)
                  0000a0b0    00000004     hello_pem4f.oem4f (.const:xdc_runtime_Text_visitRopeFxn__C)
                  0000a0b4    00000002     hello_pem4f.oem4f (.const:ti_sysbios_family_arm_m3_Hwi_Module__loggerDefined__C)
                  0000a0b6    00000002     hello_pem4f.oem4f (.const:ti_sysbios_gates_GateMutex_Module__id__C)
                  0000a0b8    00000002     hello_pem4f.oem4f (.const:ti_sysbios_hal_Hwi_Module__id__C)
                  0000a0ba    00000002     hello_pem4f.oem4f (.const:ti_sysbios_heaps_HeapMem_Module__id__C)
                  0000a0bc    00000002     hello_pem4f.oem4f (.const:ti_sysbios_knl_Clock_Module__id__C)
                  0000a0be    00000002     hello_pem4f.oem4f (.const:ti_sysbios_knl_Clock_Module__loggerDefined__C)
                  0000a0c0    00000002     hello_pem4f.oem4f (.const:ti_sysbios_knl_Semaphore_Module__id__C)
                  0000a0c2    00000002     hello_pem4f.oem4f (.const:ti_sysbios_knl_Semaphore_Module__loggerDefined__C)
                  0000a0c4    00000002     hello_pem4f.oem4f (.const:ti_sysbios_knl_Swi_Module__id__C)
                  0000a0c6    00000002     hello_pem4f.oem4f (.const:ti_sysbios_knl_Swi_Module__loggerDefined__C)
                  0000a0c8    00000002     hello_pem4f.oem4f (.const:ti_sysbios_knl_Task_Module__id__C)
                  0000a0ca    00000002     hello_pem4f.oem4f (.const:ti_sysbios_knl_Task_Module__loggerDefined__C)
                  0000a0cc    00000002     hello_pem4f.oem4f (.const:ti_sysbios_knl_Task_initStackFlag__C)
                  0000a0ce    00000002     hello_pem4f.oem4f (.const:xdc_runtime_Core_Module__id__C)
                  0000a0d0    00000002     hello_pem4f.oem4f (.const:xdc_runtime_Error_Module__loggerDefined__C)
                  0000a0d2    00000002     hello_pem4f.oem4f (.const:xdc_runtime_Error_maxDepth__C)
                  0000a0d4    00000002     hello_pem4f.oem4f (.const:xdc_runtime_LoggerBuf_Module__id__C)
                  0000a0d6    00000002     hello_pem4f.oem4f (.const:xdc_runtime_LoggerBuf_filterByLevel__C)
                  0000a0d8    00000002     hello_pem4f.oem4f (.const:xdc_runtime_Memory_Module__id__C)
                  0000a0da    00000002     hello_pem4f.oem4f (.const:xdc_runtime_SysMin_flushAtExit__C)
                  0000a0dc    00000002     hello_pem4f.oem4f (.const:xdc_runtime_Text_charCnt__C)
                  0000a0de    00000002     hello_pem4f.oem4f (.const:xdc_runtime_Text_isLoaded__C)
                  0000a0e0    00000002     hello_pem4f.oem4f (.const:xdc_runtime_Text_registryModsLastId__C)
                  0000a0e2    00000002     hello_pem4f.oem4f (.const:xdc_runtime_Text_unnamedModsLastId__C)

.cinit     0    0000a0e8    00000420     
                  0000a0e8    000003e6     (.cinit..data.load) [load image, compression = rle]
                  0000a4ce    00000002     --HOLE-- [fill = 0]
                  0000a4d0    0000000c     (__TI_handler_table)
                  0000a4dc    00000004     --HOLE-- [fill = 0]
                  0000a4e0    00000008     (.cinit..bss.load) [load image, compression = zero_init]
                  0000a4e8    00000008     (.cinit..vecs.load) [load image, compression = zero_init]
                  0000a4f0    00000018     (__TI_cinit_table)

.vecs      0    20000000    00000360     UNINITIALIZED
                  20000000    00000360     hello_pem4f.oem4f (.vecs)

.bss       0    20000360    0000454c     UNINITIALIZED
                  20000360    00002000     hello_pem4f.oem4f (.bss:ti_sysbios_heaps_HeapMem_Instance_State_0_buf__A)
                  20002360    00000c00     hello_pem4f.oem4f (.bss:taskStackSection)
                  20002f60    00000804     hello.obj (.bss:cpy_buff)
                  20003764    00000400     hello_pem4f.oem4f (.bss:xdc_runtime_LoggerBuf_Instance_State_0_entryArr__A)
                  20003b64    00000360     hello_pem4f.oem4f (.bss:ti_sysbios_family_arm_m3_Hwi_dispatchTable)
                  20003ec4    00000240     TivaTM4C1233H6PM_board.obj (.bss:sdspiTivaobjects)
                  20004104    00000224     hello.obj (.bss:dst)
                  20004328    00000224     hello.obj (.bss:src)
                  2000454c    00000200     hello_pem4f.oem4f (.bss:xdc_runtime_SysMin_Module_State_0_outbuf__A)
                  2000474c    00000120     rtsv7M4_T_le_v4SPD16_eabi.lib : trgmsg.obj (.bss:__CIOBUF_)
                  2000486c    00000028     ti.sysbios.fatfs.aem4f : ffcio.oem4f (.bss:filTable)
                  20004894    00000010     (.common:sdspiHandles)
                  200048a4    00000008     (.common:parmbuf)

.data      0    200048ac    00000644     UNINITIALIZED
                  200048ac    00000124     hello_pem4f.oem4f (.data)
                  200049d0    000000d0     rtsv7M4_T_le_v4SPD16_eabi.lib : lowlev.obj (.data)
                  20004aa0    00000098     hello_pem4f.oem4f (.data:ti_sysbios_knl_Task_Object__table__V)
                  20004b38    00000080     hello_pem4f.oem4f (.data:ti_sysbios_family_arm_lm4_Timer_Object__table__V)
                  20004bb8    00000080     hello_pem4f.oem4f (.data:ti_sysbios_knl_Swi_Module_State_0_readyQ__A)
                  20004c38    00000080     hello_pem4f.oem4f (.data:ti_sysbios_knl_Task_Module_State_0_readyQ__A)
                  20004cb8    00000050     ti.sysbios.fatfs.aem4f : diskio.oem4f (.data:drive_fxn_table)
                  20004d08    00000044     hello_pem4f.oem4f (.data:ti_sysbios_knl_Task_Module__state__V)
                  20004d4c    00000038     hello_pem4f.oem4f (.data:ti_sysbios_gates_GateMutex_Object__table__V)
                  20004d84    00000034     hello_pem4f.oem4f (.data:ti_sysbios_family_arm_m3_Hwi_Module__state__V)
                  20004db8    00000030     hello_pem4f.oem4f (.data:ti_sysbios_family_arm_lm4_Timer_Module_State_0_device__A)
                  20004de8    00000030     hello_pem4f.oem4f (.data:ti_sysbios_family_arm_m3_Hwi_Object__table__V)
                  20004e18    00000030     hello_pem4f.oem4f (.data:ti_sysbios_knl_Swi_Object__table__V)
                  20004e48    0000002c     hello_pem4f.oem4f (.data:ti_sysbios_knl_Clock_Module__state__V)
                  20004e74    00000024     hello_pem4f.oem4f (.data:ti_sysbios_BIOS_Module__state__V)
                  20004e98    00000024     hello_pem4f.oem4f (.data:xdc_runtime_LoggerBuf_Object__table__V)
                  20004ebc    00000012     ti.sysbios.fatfs.aem4f : ff.oem4f (.data)
                  20004ece    00000002     --HOLE--
                  20004ed0    00000008     rtsv7M4_T_le_v4SPD16_eabi.lib : _lock.obj (.data)
                  20004ed8    00000008                                   : exit.obj (.data)
                  20004ee0    00000004                                   : stkdepth_vars.obj (.data)
                  20004ee4    00000004     sdspi_tivaware.aem4f : SDSPI.oem4f (.data)
                  20004ee8    00000004                          : SDSPITiva.oem4f (.data)
                  20004eec    00000004     ti.sysbios.fatfs.aem4f : ffcio.oem4f (.data)

.stack     0    20004ef0    00000400     UNINITIALIZED
                  20004ef0    00000400     --HOLE--


LINKER GENERATED COPY TABLES

__TI_cinit_table @ 0000a4f0 records: 3, size/record: 8, table size: 24
	.data: load addr=0000a0e8, load size=000003e6 bytes, run addr=200048ac, run size=00000644 bytes, compression=rle
	.bss: load addr=0000a4e0, load size=00000008 bytes, run addr=20000360, run size=0000454c bytes, compression=zero_init
	.vecs: load addr=0000a4e8, load size=00000008 bytes, run addr=20000000, run size=00000360 bytes, compression=zero_init


LINKER GENERATED HANDLER TABLE

__TI_handler_table @ 0000a4d0 records: 3, size/record: 4, table size: 12
	index: 0, handler: __TI_zero_init
	index: 1, handler: __TI_decompress_rle24
	index: 2, handler: __TI_decompress_none


GLOBAL SYMBOLS: SORTED ALPHABETICALLY BY Name 

address    name
--------   ----
0000687d   C$$EXIT
00005fdf   C$$IO$$
0000425f   EK_TM4C123GXL_initUSB
000072dd   GPIODirModeSet
00002f65   GPIOPadConfigSet
00006649   GPIOPinConfigure
00007c15   GPIOPinTypeGPIOInput
000079f9   GPIOPinTypeGPIOOutput
00007c27   GPIOPinTypeUSBAnalog
00007f91   GPIOPinWrite
000016a5   HOSTclock
0000166d   HOSTclose
0000162f   HOSTgetenv
000015d3   HOSTlseek
00001581   HOSTopen
00001535   HOSTread
000014d7   HOSTrename
0000149d   HOSTtime
00001465   HOSTunlink
00001419   HOSTwrite
00007fdf   LoggerBuf_instanceStartup
000071a9   SDSPITiva_close
00007f97   SDSPITiva_control
00003c71   SDSPITiva_diskIOctrl
00001d61   SDSPITiva_diskInitialize
000049d5   SDSPITiva_diskRead
00007ced   SDSPITiva_diskStatus
00004035   SDSPITiva_diskWrite
00009e50   SDSPITiva_fxnTable
00007c39   SDSPITiva_init
00003f49   SDSPITiva_open
00007e81   SDSPI_Params_init
00007f11   SDSPI_close
00009d9c   SDSPI_config
00009e80   SDSPI_defaultParams
00006d09   SDSPI_init
00007a11   SDSPI_open
UNDEFED    SHT$$INIT_ARRAY$$Base
UNDEFED    SHT$$INIT_ARRAY$$Limit
00006a9d   SSIConfigSetExpClk
00007e8d   SSIDataGet
00007f1b   SSIDataPut
00007f25   SSIDisable
00007f2f   SSIEnable
00003e59   SysCtlClockSet
00007f9d   SysCtlDelay
00006e59   SysCtlPeripheralEnable
00007b75   SysCtlUSBPLLEnable
20004aec   TSK_idle
000041f9   TivaTM4C1233H6PM__initGeneral
00004227   TivaTM4C1233H6PM_initSDSPI
00000000   __ASM__
2000474c   __CIOBUF_
00000085   __ISA__
00000098   __PLAT__
200052f0   __STACK_END
00000400   __STACK_SIZE
200050f0   __STACK_TOP
000000b9   __TARG__
0000a4f0   __TI_CINIT_Base
0000a508   __TI_CINIT_Limit
0000a4d0   __TI_Handler_Table_Base
0000a4dc   __TI_Handler_Table_Limit
00000001   __TI_args_main
000052c5   __TI_auto_init
20004ed8   __TI_cleanup_ptr
00007e3d   __TI_decompress_none
00007fa9   __TI_decompress_rle24
20004edc   __TI_dtors_ptr
00005fe3   __TI_readmsg
00000000   __TI_static_base__
00005fb5   __TI_writemsg
00007c5d   __TI_zero_init
000000df   __TRDR__
00005b71   __aeabi_memclr
00005b71   __aeabi_memclr4
00005b71   __aeabi_memclr8
00005405   __aeabi_memcpy
00005405   __aeabi_memcpy4
00005405   __aeabi_memcpy8
00005b73   __aeabi_memset
00005b73   __aeabi_memset4
00005b73   __aeabi_memset8
00006adf   __aeabi_uidivmod
ffffffff   __binit__
ffffffff   __c_args__
20004ef0   __stack
00007fa3   __xdc__init
200049cc   __xdc__init__addr
00007a41   _args_main
00006365   _c_int00
20004ed0   _lock
00007b97   _nop
00007b8f   _register_lock
00007b89   _register_unlock
20004ed4   _unlock
00006881   abort
00000d6f   add_device
ffffffff   binit
00000d1d   close
00007a29   clust2sect
00006839   copy_in
20002f60   cpy_buff
00007789   disk_initialize
000077a5   disk_ioctl
000077c1   disk_read
000071d5   disk_register
000077dd   disk_status
00007331   disk_unregister
000077f9   disk_write
20004104   dst
00006889   exit
00007cfd   f_close
000023d5   f_lseek
000067f5   f_mount
000027e9   f_open
000020f5   f_read
000032f1   f_rename
00004d69   f_sync
00004791   f_unlink
00001f4d   f_write
000078f5   ff_cre_syncobj
00007e4b   ff_del_syncobj
00007fe3   ff_rel_grant
00007f61   ff_req_grant
00007419   ffcio_close
00006e8d   ffcio_lseek
00004e19   ffcio_open
000075e9   ffcio_read
00007c6f   ffcio_rename
00007c81   ffcio_unlink
00007609   ffcio_write
000043a9   get_fat
00007fe7   get_fattime
00009dfc   inputfile
00000cf9   lseek
00000647   main
20004ee0   main_func_sp
00005405   memcpy
00005b79   memset
00000c4b   open
00009e06   outputfile
00004119   put_fat
00000c27   read
00000bff   remove_device
00000bc1   rename
00009c04   sdspiTivaHWattrs
20003ec4   sdspiTivaobjects
20004328   src
00007b49   strchr
00007a59   strcmp
00007d1d   strcpy
00007b9d   strlen
00006ff7   strncpy
00000461   taskFxn
00009790   textarray
00009e84   ti_catalog_arm_cortexm4_tiva_ce_Boot_A_mustUseEnhancedClockMode__C
00009e88   ti_catalog_arm_cortexm4_tiva_ce_Boot_Module__diagsEnabled__C
00009e8c   ti_catalog_arm_cortexm4_tiva_ce_Boot_Module__diagsIncluded__C
00009e90   ti_catalog_arm_cortexm4_tiva_ce_Boot_Module__diagsMask__C
00009a9e   ti_catalog_arm_cortexm4_tiva_ce_Boot_Module__id__C
00007e75   ti_catalog_arm_cortexm4_tiva_ce_Boot_init__I
00003975   ti_catalog_arm_cortexm4_tiva_ce_Boot_sysCtlClockSetI__I
000057a1   ti_catalog_arm_cortexm4_tiva_ce_Boot_sysCtlClockSet__E
00007fb5   ti_catalog_arm_cortexm4_tiva_ce_Boot_sysCtlDelayI__I
20004e74   ti_sysbios_BIOS_Module__state__V
00007feb   ti_sysbios_BIOS_RtsGateProxy_enter__E
00007fef   ti_sysbios_BIOS_RtsGateProxy_leave__E
00008003   ti_sysbios_BIOS_RtsGateProxy_query__E
00007029   ti_sysbios_BIOS_atExitFunc__I
0000743d   ti_sysbios_BIOS_errorRaiseHook__I
00007b5f   ti_sysbios_BIOS_exitFunc__I
00007d2d   ti_sysbios_BIOS_exit__E
00007d3d   ti_sysbios_BIOS_getCpuFreq__E
00002537   ti_sysbios_BIOS_nullFunc__I
00007461   ti_sysbios_BIOS_registerRTSLock__I
00007485   ti_sysbios_BIOS_removeRTSLock__I
00007831   ti_sysbios_BIOS_rtsLock__I
00007a71   ti_sysbios_BIOS_rtsUnlock__I
00007d4d   ti_sysbios_BIOS_setThreadType__E
00007359   ti_sysbios_BIOS_startFunc__I
00007d5d   ti_sysbios_BIOS_start__E
20004db8   ti_sysbios_family_arm_lm4_Timer_Module_State_0_device__A
200048b4   ti_sysbios_family_arm_lm4_Timer_Module_State_0_handles__A
200048ac   ti_sysbios_family_arm_lm4_Timer_Module__root__V
00007a89   ti_sysbios_family_arm_lm4_Timer_Module__startupDone__F
00007a89   ti_sysbios_family_arm_lm4_Timer_Module__startupDone__S
200048cc   ti_sysbios_family_arm_lm4_Timer_Module__state__V
000061f5   ti_sysbios_family_arm_lm4_Timer_Module_startup__E
20004b38   ti_sysbios_family_arm_lm4_Timer_Object__table__V
00009e94   ti_sysbios_family_arm_lm4_Timer_enableFunc__C
00005025   ti_sysbios_family_arm_lm4_Timer_enableTimers__I
00004f79   ti_sysbios_family_arm_lm4_Timer_enableTiva__I
00007e99   ti_sysbios_family_arm_lm4_Timer_getMaxTicks__E
00007ff3   ti_sysbios_family_arm_lm4_Timer_getPeriod__E
00006015   ti_sysbios_family_arm_lm4_Timer_isrStub__E
00007f69   ti_sysbios_family_arm_lm4_Timer_masterDisable__I
00007ff7   ti_sysbios_family_arm_lm4_Timer_masterEnable__I
00009e98   ti_sysbios_family_arm_lm4_Timer_numTimerDevices__C
00002539   ti_sysbios_family_arm_lm4_Timer_start__E
00009e9c   ti_sysbios_family_arm_lm4_Timer_startupNeeded__C
00006b61   ti_sysbios_family_arm_lm4_Timer_startup__E
000068c1   ti_sysbios_family_arm_lm4_Timer_stop__E
000075a5   ti_sysbios_family_arm_lm4_Timer_write__I
200048d8   ti_sysbios_family_arm_lm4_TimestampProvider_Module__state__V
00007fbb   ti_sysbios_family_arm_lm4_TimestampProvider_Module_startup__E
00004915   ti_sysbios_family_arm_lm4_TimestampProvider_get32__E
00002939   ti_sysbios_family_arm_lm4_TimestampProvider_get64__E
00007d3d   ti_sysbios_family_arm_lm4_TimestampProvider_getFreq__E
00007d6d   ti_sysbios_family_arm_lm4_TimestampProvider_rolloverFunc__E
00007ea5   ti_sysbios_family_arm_lm4_TimestampProvider_startTimer__E
00009e12   ti_sysbios_family_arm_lm4_TimestampProvider_useClockTimer__C
00009ea0   ti_sysbios_family_arm_m3_Hwi_E_NMI__C
00009ea4   ti_sysbios_family_arm_m3_Hwi_E_busFault__C
00009ea8   ti_sysbios_family_arm_m3_Hwi_E_debugMon__C
00009eac   ti_sysbios_family_arm_m3_Hwi_E_hardFault__C
00009eb0   ti_sysbios_family_arm_m3_Hwi_E_memFault__C
00009eb4   ti_sysbios_family_arm_m3_Hwi_E_noIsr__C
00009eb8   ti_sysbios_family_arm_m3_Hwi_E_reserved__C
00009ebc   ti_sysbios_family_arm_m3_Hwi_E_svCall__C
00009ec0   ti_sysbios_family_arm_m3_Hwi_E_usageFault__C
0000790f   ti_sysbios_family_arm_m3_Hwi_Handle__label__S
00009ec4   ti_sysbios_family_arm_m3_Hwi_LD_end__C
00009ec8   ti_sysbios_family_arm_m3_Hwi_LM_begin__C
200048e8   ti_sysbios_family_arm_m3_Hwi_Module_State_0_excActive__A
200048ec   ti_sysbios_family_arm_m3_Hwi_Module_State_0_excContext__A
200048f0   ti_sysbios_family_arm_m3_Hwi_Module_State_0_excStack__A
00009ecc   ti_sysbios_family_arm_m3_Hwi_Module__diagsEnabled__C
00009ed0   ti_sysbios_family_arm_m3_Hwi_Module__diagsIncluded__C
00009ed4   ti_sysbios_family_arm_m3_Hwi_Module__diagsMask__C
00009e4e   ti_sysbios_family_arm_m3_Hwi_Module__id__C
0000a0b4   ti_sysbios_family_arm_m3_Hwi_Module__loggerDefined__C
00009ed8   ti_sysbios_family_arm_m3_Hwi_Module__loggerFxn1__C
00009edc   ti_sysbios_family_arm_m3_Hwi_Module__loggerFxn8__C
00009ee0   ti_sysbios_family_arm_m3_Hwi_Module__loggerObj__C
200048e0   ti_sysbios_family_arm_m3_Hwi_Module__root__V
00007aa1   ti_sysbios_family_arm_m3_Hwi_Module__startupDone__F
00007aa1   ti_sysbios_family_arm_m3_Hwi_Module__startupDone__S
20004d84   ti_sysbios_family_arm_m3_Hwi_Module__state__V
000046cd   ti_sysbios_family_arm_m3_Hwi_Module_startup__E
00009ee4   ti_sysbios_family_arm_m3_Hwi_NUM_INTERRUPTS__C
00009ee8   ti_sysbios_family_arm_m3_Hwi_Object__count__C
00007bb1   ti_sysbios_family_arm_m3_Hwi_Object__get__S
20004de8   ti_sysbios_family_arm_m3_Hwi_Object__table__V
00009eec   ti_sysbios_family_arm_m3_Hwi_ccr__C
00007eb1   ti_sysbios_family_arm_m3_Hwi_disableFxn__E
00006905   ti_sysbios_family_arm_m3_Hwi_disableInterrupt__E
00002bb9   ti_sysbios_family_arm_m3_Hwi_dispatchC__I
20003b64   ti_sysbios_family_arm_m3_Hwi_dispatchTable
00003d65   ti_sysbios_family_arm_m3_Hwi_dispatch__I
00007f71   ti_sysbios_family_arm_m3_Hwi_doSwiRestore__I
000074a9   ti_sysbios_family_arm_m3_Hwi_doTaskRestore__I
00006949   ti_sysbios_family_arm_m3_Hwi_enableInterrupt__E
0000226d   ti_sysbios_family_arm_m3_Hwi_excBusFault__I
00004ec9   ti_sysbios_family_arm_m3_Hwi_excDebugMon__I
0000003d   ti_sysbios_family_arm_m3_Hwi_excDumpRegs__I
00007629   ti_sysbios_family_arm_m3_Hwi_excHandlerAsm__I
00009ef0   ti_sysbios_family_arm_m3_Hwi_excHandlerFunc__C
00001b69   ti_sysbios_family_arm_m3_Hwi_excHandlerMax__I
00007649   ti_sysbios_family_arm_m3_Hwi_excHandler__I
00004b4d   ti_sysbios_family_arm_m3_Hwi_excHardFault__I
00009e60   ti_sysbios_family_arm_m3_Hwi_excHookFuncs__A
00009ef4   ti_sysbios_family_arm_m3_Hwi_excHookFuncs__C
00002a79   ti_sysbios_family_arm_m3_Hwi_excMemFault__I
00006ec1   ti_sysbios_family_arm_m3_Hwi_excNmi__I
00006d41   ti_sysbios_family_arm_m3_Hwi_excNoIsr__I
00006691   ti_sysbios_family_arm_m3_Hwi_excReserved__I
00006ba1   ti_sysbios_family_arm_m3_Hwi_excSvCall__I
00002695   ti_sysbios_family_arm_m3_Hwi_excUsageFault__I
00006bdd   ti_sysbios_family_arm_m3_Hwi_getStackInfo__E
0000595d   ti_sysbios_family_arm_m3_Hwi_initNVIC__E
000063bd   ti_sysbios_family_arm_m3_Hwi_initStacks__E
[...]
000079f9   GPIOPinTypeGPIOOutput
00007a11   SDSPI_open
00007a29   clust2sect
00007a41   _args_main
00007a59   strcmp
00007a71   ti_sysbios_BIOS_rtsUnlock__I
00007a89   ti_sysbios_family_arm_lm4_Timer_Module__startupDone__F
00007a89   ti_sysbios_family_arm_lm4_Timer_Module__startupDone__S
00007aa1   ti_sysbios_family_arm_m3_Hwi_Module__startupDone__F
00007aa1   ti_sysbios_family_arm_m3_Hwi_Module__startupDone__S
00007ab9   ti_sysbios_family_arm_m3_TaskSupport_swap__E
00007ab9   ti_sysbios_knl_Task_SupportProxy_swap__E
00007ac5   ti_sysbios_knl_Task_swapReturn
00007ad1   ti_sysbios_gates_GateMutex_leave__E
00007b01   xdc_runtime_Error_check__E
00007b19   xdc_runtime_System_exit__E
00007b31   xdc_runtime_Text_ropeText__E
00007b49   strchr
00007b5f   ti_sysbios_BIOS_exitFunc__I
00007b75   SysCtlUSBPLLEnable
00007b89   _register_unlock
00007b8f   _register_lock
00007b97   _nop
00007b9d   strlen
00007bb1   ti_sysbios_family_arm_m3_Hwi_Object__get__S
00007bc5   ti_sysbios_family_arm_m3_Hwi_switchFromBootStack__E
00007bc5   ti_sysbios_hal_Hwi_HwiProxy_switchFromBootStack__E
00007bd9   ti_sysbios_heaps_HeapMem_Object__get__S
00007bed   ti_sysbios_knl_Swi_Object__get__S
00007c01   xdc_runtime_LoggerBuf_Object__get__S
00007c15   GPIOPinTypeGPIOInput
00007c27   GPIOPinTypeUSBAnalog
00007c39   SDSPITiva_init
00007c5d   __TI_zero_init
00007c6f   ffcio_rename
00007c81   ffcio_unlink
00007c93   ti_sysbios_hal_Hwi_Module_startup__E
00007ca5   xdc_runtime_LoggerBuf_Instance_finalize__E
00007cb7   xdc_runtime_LoggerBuf_write1__E
00007cc9   xdc_runtime_LoggerBuf_write2__E
00007cdb   xdc_runtime_Startup_exec__I
00007ced   SDSPITiva_diskStatus
00007cfd   f_close
00007d1d   strcpy
00007d2d   ti_sysbios_BIOS_exit__E
00007d3d   ti_sysbios_BIOS_getCpuFreq__E
00007d3d   ti_sysbios_family_arm_lm4_TimestampProvider_getFreq__E
00007d3d   xdc_runtime_LoggerBuf_TimestampProxy_getFreq__E
00007d3d   xdc_runtime_Timestamp_SupportProxy_getFreq__E
00007d3d   xdc_runtime_Timestamp_getFreq__E
00007d4d   ti_sysbios_BIOS_setThreadType__E
00007d5d   ti_sysbios_BIOS_start__E
00007d6d   ti_sysbios_family_arm_lm4_TimestampProvider_rolloverFunc__E
00007d7d   ti_sysbios_family_arm_m3_TaskSupport_glue
00007d8d   ti_sysbios_gates_GateMutex_Instance_finalize__E
00007d9d   ti_sysbios_knl_Semaphore_Instance_finalize__E
00007dad   ti_sysbios_knl_Swi_disable__E
00007dbd   ti_sysbios_knl_Task_Object__get__S
00007dcd   ti_sysbios_knl_Task_disable__E
00007ddd   xdc_runtime_Gate_leaveSystem__E
00007ded   xdc_runtime_LoggerBuf_write0__E
00007dfd   xdc_runtime_Memory_free__E
00007e0d   xdc_runtime_SysMin_ready__E
00007e0d   xdc_runtime_System_SupportProxy_ready__E
00007e1d   xdc_runtime_System_vsnprintf__E
00007e2d   xdc_runtime_Text_visitRope__I
00007e3d   __TI_decompress_none
00007e4b   ff_del_syncobj
00007e67   ti_sysbios_knl_Queue_empty__E
00007e75   ti_catalog_arm_cortexm4_tiva_ce_Boot_init__I
00007e81   SDSPI_Params_init
00007e8d   SSIDataGet
00007e99   ti_sysbios_family_arm_lm4_Timer_getMaxTicks__E
00007ea5   ti_sysbios_family_arm_lm4_TimestampProvider_startTimer__E
00007eb1   ti_sysbios_family_arm_m3_Hwi_disableFxn__E
00007eb1   ti_sysbios_hal_Hwi_HwiProxy_disable__E
00007eb1   ti_sysbios_hal_Hwi_disable__E
00007ebd   ti_sysbios_family_arm_m3_TaskSupport_checkStack__E
00007ebd   ti_sysbios_knl_Task_SupportProxy_checkStack__E
00007ec9   ti_sysbios_gates_GateHwi_enter__E
00007ed5   ti_sysbios_knl_Queue_Object__get__S
00007ee1   xdc_runtime_Error_init__E
00007eed   xdc_runtime_Gate_enterSystem__E
00007ef9   xdc_runtime_Memory_calloc__E
00007f05   xdc_runtime_Memory_getMaxDefaultTypeAlign__E
00007f11   SDSPI_close
00007f1b   SSIDataPut
00007f25   SSIDisable
00007f2f   SSIEnable
00007f4d   xdc_runtime_LoggerBuf_disable__E
00007f57   xdc_runtime_LoggerBuf_enable__E
00007f61   ff_req_grant
00007f69   ti_sysbios_family_arm_lm4_Timer_masterDisable__I
00007f71   ti_sysbios_family_arm_m3_Hwi_doSwiRestore__I
00007f79   ti_sysbios_family_arm_m3_Hwi_startup__E
00007f79   ti_sysbios_hal_Hwi_HwiProxy_startup__E
00007f79   ti_sysbios_hal_Hwi_startup__E
00007f81   ti_sysbios_fatfs_getFatTime
00007f89   ti_sysbios_knl_Idle_loop__E
00007f91   GPIOPinWrite
00007f97   SDSPITiva_control
00007f9d   SysCtlDelay
00007fa3   __xdc__init
00007fa9   __TI_decompress_rle24
00007fb5   ti_catalog_arm_cortexm4_tiva_ce_Boot_sysCtlDelayI__I
00007fbb   ti_sysbios_family_arm_lm4_TimestampProvider_Module_startup__E
00007fc1   ti_sysbios_family_arm_m3_Hwi_restoreFxn__E
00007fc1   ti_sysbios_hal_Hwi_HwiProxy_restore__E
00007fc1   ti_sysbios_hal_Hwi_restore__E
00007fc7   ti_sysbios_gates_GateHwi_leave__E
00007fcd   ti_sysbios_heaps_HeapMem_isBlocking__E
00007fd3   ti_sysbios_knl_Queue_Instance_init__E
00007fd9   xdc_runtime_System_Module_startup__E
00007fdf   LoggerBuf_instanceStartup
00007fe3   ff_rel_grant
00007fe7   get_fattime
00007feb   ti_sysbios_BIOS_RtsGateProxy_enter__E
00007fef   ti_sysbios_BIOS_RtsGateProxy_leave__E
00007ff3   ti_sysbios_family_arm_lm4_Timer_getPeriod__E
00007ff7   ti_sysbios_family_arm_lm4_Timer_masterEnable__I
00007ffb   ti_sysbios_family_arm_m3_TaskSupport_Module__startupDone__S
00007fff   ti_sysbios_gates_GateHwi_query__E
00007fff   xdc_runtime_LoggerBuf_Module_GateProxy_query__E
00007fff   xdc_runtime_Main_Module_GateProxy_query__E
00007fff   xdc_runtime_System_Module_GateProxy_query__E
00008003   ti_sysbios_BIOS_RtsGateProxy_query__E
00008003   ti_sysbios_gates_GateMutex_query__E
00008003   ti_sysbios_heaps_HeapMem_Module_GateProxy_query__E
00008007   ti_sysbios_hal_Hwi_HwiProxy_Module__startupDone__S
0000800b   ti_sysbios_heaps_HeapMem_Module_GateProxy_enter__E
0000800f   ti_sysbios_heaps_HeapMem_Module_GateProxy_leave__E
00008013   ti_sysbios_knl_Clock_TimerProxy_Module__startupDone__S
00008017   ti_sysbios_knl_Clock_TimerProxy_getMaxTicks__E
0000801b   ti_sysbios_knl_Clock_TimerProxy_getPeriod__E
0000801f   ti_sysbios_knl_Queue_destruct
00008023   ti_sysbios_knl_Semaphore_delete
00008027   ti_sysbios_knl_Semaphore_destruct
0000802b   ti_sysbios_knl_Task_SupportProxy_Module__startupDone__S
0000802f   ti_sysbios_knl_Task_startup__E
00008033   xdc_runtime_Error_getSite__E
00008037   xdc_runtime_LoggerBuf_Module_GateProxy_enter__E
0000803b   xdc_runtime_LoggerBuf_Module_GateProxy_leave__E
0000803f   xdc_runtime_Memory_HeapProxy_alloc__E
00008043   xdc_runtime_Memory_HeapProxy_free__E
00008047   xdc_runtime_System_Module_GateProxy_enter__E
0000804b   xdc_runtime_System_Module_GateProxy_leave__E
0000804f   xdc_runtime_System_aprintf_va__F
00008053   xdc_runtime_System_printf_va__F
00008058   xdc_runtime_Text_charTab__A
00009790   textarray
000099d1   xdc_runtime_Error_policy__C
000099d2   xdc_runtime_Text_nodeTab__A
00009a9e   ti_catalog_arm_cortexm4_tiva_ce_Boot_Module__id__C
00009b78   xdc_runtime_LoggerBuf_Module__FXNS__C
00009bb4   ti_sysbios_heaps_HeapMem_Module__FXNS__C
00009bdc   xdc_runtime_Startup_sfxnTab__A
00009c04   sdspiTivaHWattrs
00009c28   ti_sysbios_gates_GateHwi_Module__FXNS__C
00009c4c   ti_sysbios_gates_GateMutex_Module__FXNS__C
00009c70   ti_sysbios_heaps_HeapMem_Object__PARAMS__C
00009c94   ti_sysbios_knl_Semaphore_Object__PARAMS__C
00009cb8   xdc_runtime_LoggerBuf_Object__PARAMS__C
00009cdc   ti_sysbios_gates_GateHwi_Object__DESC__C
00009cfc   ti_sysbios_gates_GateMutex_Object__DESC__C
00009d1c   ti_sysbios_heaps_HeapMem_Object__DESC__C
00009d3c   ti_sysbios_knl_Queue_Object__DESC__C
00009d5c   ti_sysbios_knl_Semaphore_Object__DESC__C
00009d7c   xdc_runtime_LoggerBuf_Object__DESC__C
00009d9c   SDSPI_config
00009db4   ti_sysbios_gates_GateHwi_Object__PARAMS__C
00009dcc   ti_sysbios_gates_GateMutex_Object__PARAMS__C
00009de4   ti_sysbios_knl_Queue_Object__PARAMS__C
00009dfc   inputfile
00009e06   outputfile
00009e12   ti_sysbios_family_arm_lm4_TimestampProvider_useClockTimer__C
00009e14   xdc_runtime_Startup_firstFxns__A
00009e28   xdc_runtime_Startup_sfxnRts__A
00009e4e   ti_sysbios_family_arm_m3_Hwi_Module__id__C
00009e50   SDSPITiva_fxnTable
00009e60   ti_sysbios_family_arm_m3_Hwi_excHookFuncs__A
00009e68   ti_sysbios_knl_Idle_funcList__C
00009e70   xdc_runtime_Startup_firstFxns__C
00009e78   xdc_runtime_Startup_lastFxns__C
00009e80   SDSPI_defaultParams
00009e84   ti_catalog_arm_cortexm4_tiva_ce_Boot_A_mustUseEnhancedClockMode__C
00009e88   ti_catalog_arm_cortexm4_tiva_ce_Boot_Module__diagsEnabled__C
00009e8c   ti_catalog_arm_cortexm4_tiva_ce_Boot_Module__diagsIncluded__C
00009e90   ti_catalog_arm_cortexm4_tiva_ce_Boot_Module__diagsMask__C
00009e94   ti_sysbios_family_arm_lm4_Timer_enableFunc__C
00009e98   ti_sysbios_family_arm_lm4_Timer_numTimerDevices__C
00009e9c   ti_sysbios_family_arm_lm4_Timer_startupNeeded__C
00009ea0   ti_sysbios_family_arm_m3_Hwi_E_NMI__C
00009ea4   ti_sysbios_family_arm_m3_Hwi_E_busFault__C
00009ea8   ti_sysbios_family_arm_m3_Hwi_E_debugMon__C
00009eac   ti_sysbios_family_arm_m3_Hwi_E_hardFault__C
00009eb0   ti_sysbios_family_arm_m3_Hwi_E_memFault__C
00009eb4   ti_sysbios_family_arm_m3_Hwi_E_noIsr__C
00009eb8   ti_sysbios_family_arm_m3_Hwi_E_reserved__C
00009ebc   ti_sysbios_family_arm_m3_Hwi_E_svCall__C
00009ec0   ti_sysbios_family_arm_m3_Hwi_E_usageFault__C
00009ec4   ti_sysbios_family_arm_m3_Hwi_LD_end__C
00009ec8   ti_sysbios_family_arm_m3_Hwi_LM_begin__C
00009ecc   ti_sysbios_family_arm_m3_Hwi_Module__diagsEnabled__C
00009ed0   ti_sysbios_family_arm_m3_Hwi_Module__diagsIncluded__C
00009ed4   ti_sysbios_family_arm_m3_Hwi_Module__diagsMask__C
00009ed8   ti_sysbios_family_arm_m3_Hwi_Module__loggerFxn1__C
00009edc   ti_sysbios_family_arm_m3_Hwi_Module__loggerFxn8__C
00009ee0   ti_sysbios_family_arm_m3_Hwi_Module__loggerObj__C
00009ee4   ti_sysbios_family_arm_m3_Hwi_NUM_INTERRUPTS__C
00009ee8   ti_sysbios_family_arm_m3_Hwi_Object__count__C
00009eec   ti_sysbios_family_arm_m3_Hwi_ccr__C
00009ef0   ti_sysbios_family_arm_m3_Hwi_excHandlerFunc__C
00009ef4   ti_sysbios_family_arm_m3_Hwi_excHookFuncs__C
00009ef8   ti_sysbios_family_arm_m3_Hwi_nullIsrFunc__C
00009efc   ti_sysbios_family_arm_m3_Hwi_priGroup__C
00009f00   ti_sysbios_gates_GateMutex_A_badContext__C
00009f04   ti_sysbios_gates_GateMutex_Instance_State_sem__O
00009f08   ti_sysbios_gates_GateMutex_Module__diagsEnabled__C
00009f0c   ti_sysbios_gates_GateMutex_Module__diagsIncluded__C
00009f10   ti_sysbios_gates_GateMutex_Module__diagsMask__C
00009f14   ti_sysbios_hal_Hwi_E_stackOverflow__C
00009f18   ti_sysbios_heaps_HeapMem_A_align__C
00009f1c   ti_sysbios_heaps_HeapMem_A_heapSize__C
00009f20   ti_sysbios_heaps_HeapMem_A_invalidFree__C
00009f24   ti_sysbios_heaps_HeapMem_A_zeroBlock__C
00009f28   ti_sysbios_heaps_HeapMem_E_memory__C
00009f2c   ti_sysbios_heaps_HeapMem_Module__diagsEnabled__C
00009f30   ti_sysbios_heaps_HeapMem_Module__diagsIncluded__C
00009f34   ti_sysbios_heaps_HeapMem_Module__diagsMask__C
00009f38   ti_sysbios_heaps_HeapMem_Module__gateObj__C
00009f3c   ti_sysbios_heaps_HeapMem_Object__count__C
00009f40   ti_sysbios_heaps_HeapMem_reqAlign__C
00009f44   ti_sysbios_knl_Clock_LM_begin__C
00009f48   ti_sysbios_knl_Clock_LM_tick__C
00009f4c   ti_sysbios_knl_Clock_LW_delayed__C
00009f50   ti_sysbios_knl_Clock_Module_State_clockQ__O
00009f54   ti_sysbios_knl_Clock_Module__diagsEnabled__C
00009f58   ti_sysbios_knl_Clock_Module__diagsIncluded__C
00009f5c   ti_sysbios_knl_Clock_Module__diagsMask__C
00009f60   ti_sysbios_knl_Clock_Module__loggerFxn1__C
00009f64   ti_sysbios_knl_Clock_Module__loggerFxn2__C
00009f68   ti_sysbios_knl_Clock_Module__loggerObj__C
00009f6c   ti_sysbios_knl_Idle_funcList__A
00009f70   ti_sysbios_knl_Semaphore_A_badContext__C
00009f74   ti_sysbios_knl_Semaphore_A_noEvents__C
00009f78   ti_sysbios_knl_Semaphore_A_overflow__C
00009f7c   ti_sysbios_knl_Semaphore_A_pendTaskDisabled__C
00009f80   ti_sysbios_knl_Semaphore_Instance_State_pendQ__O
00009f84   ti_sysbios_knl_Semaphore_LM_pend__C
00009f88   ti_sysbios_knl_Semaphore_LM_post__C
00009f8c   ti_sysbios_knl_Semaphore_Module__diagsEnabled__C
00009f90   ti_sysbios_knl_Semaphore_Module__diagsIncluded__C
00009f94   ti_sysbios_knl_Semaphore_Module__diagsMask__C
00009f98   ti_sysbios_knl_Semaphore_Module__loggerFxn2__C
00009f9c   ti_sysbios_knl_Semaphore_Module__loggerFxn4__C
00009fa0   ti_sysbios_knl_Semaphore_Module__loggerObj__C
00009fa4   ti_sysbios_knl_Swi_LD_end__C
00009fa8   ti_sysbios_knl_Swi_LM_begin__C
00009fac   ti_sysbios_knl_Swi_LM_post__C
00009fb0   ti_sysbios_knl_Swi_Module__diagsEnabled__C
00009fb4   ti_sysbios_knl_Swi_Module__diagsIncluded__C
00009fb8   ti_sysbios_knl_Swi_Module__diagsMask__C
00009fbc   ti_sysbios_knl_Swi_Module__loggerFxn1__C
00009fc0   ti_sysbios_knl_Swi_Module__loggerFxn4__C
00009fc4   ti_sysbios_knl_Swi_Module__loggerObj__C
00009fc8   ti_sysbios_knl_Swi_Object__count__C
00009fcc   ti_sysbios_knl_Task_E_spOutOfBounds__C
00009fd0   ti_sysbios_knl_Task_E_stackOverflow__C
00009fd4   ti_sysbios_knl_Task_LD_block__C
00009fd8   ti_sysbios_knl_Task_LD_exit__C
00009fdc   ti_sysbios_knl_Task_LD_ready__C
00009fe0   ti_sysbios_knl_Task_LM_switch__C
00009fe4   ti_sysbios_knl_Task_Module_State_inactiveQ__O
00009fe8   ti_sysbios_knl_Task_Module__diagsEnabled__C
00009fec   ti_sysbios_knl_Task_Module__diagsIncluded__C
00009ff0   ti_sysbios_knl_Task_Module__diagsMask__C
00009ff4   ti_sysbios_knl_Task_Module__loggerFxn2__C
00009ff8   ti_sysbios_knl_Task_Module__loggerFxn4__C
00009ffc   ti_sysbios_knl_Task_Module__loggerObj__C
0000a000   ti_sysbios_knl_Task_Object__count__C
0000a004   ti_sysbios_knl_Task_allBlockedFunc__C
0000a008   ti_sysbios_knl_Task_numConstructedTasks__C
0000a00c   xdc_runtime_Assert_E_assertFailed__C
0000a010   xdc_runtime_Core_A_initializedParams__C
0000a014   xdc_runtime_Core_Module__diagsEnabled__C
0000a018   xdc_runtime_Core_Module__diagsIncluded__C
0000a01c   xdc_runtime_Core_Module__diagsMask__C
0000a020   xdc_runtime_Error_E_memory__C
0000a024   xdc_runtime_Error_Module__diagsEnabled__C
0000a028   xdc_runtime_Error_Module__diagsIncluded__C
0000a02c   xdc_runtime_Error_Module__diagsMask__C
0000a030   xdc_runtime_Error_Module__loggerFxn8__C
0000a034   xdc_runtime_Error_Module__loggerObj__C
0000a038   xdc_runtime_Error_policyFxn__C
0000a03c   xdc_runtime_Error_raiseHook__C
0000a040   xdc_runtime_IFilterLogger_Interface__BASE__C
0000a044   xdc_runtime_IGateProvider_Interface__BASE__C
0000a048   xdc_runtime_IHeap_Interface__BASE__C
0000a04c   xdc_runtime_ILogger_Interface__BASE__C
0000a050   xdc_runtime_IModule_Interface__BASE__C
0000a054   xdc_runtime_Log_L_error__C
0000a058   xdc_runtime_LoggerBuf_E_badLevel__C
0000a05c   xdc_runtime_LoggerBuf_Module__gateObj__C
0000a060   xdc_runtime_LoggerBuf_Object__count__C
0000a064   xdc_runtime_LoggerBuf_statusLogger__C
0000a068   xdc_runtime_Memory_defaultHeapInstance__C
0000a06c   xdc_runtime_Startup_execImpl__C
0000a070   xdc_runtime_Startup_lastFxns__A
0000a074   xdc_runtime_Startup_maxPasses__C
0000a078   xdc_runtime_Startup_sfxnRts__C
0000a07c   xdc_runtime_Startup_sfxnTab__C
0000a080   xdc_runtime_SysMin_bufSize__C
0000a084   xdc_runtime_SysMin_outputFunc__C
0000a088   xdc_runtime_System_Module__gateObj__C
0000a08c   xdc_runtime_System_abortFxn__C
0000a090   xdc_runtime_System_exitFxn__C
0000a094   xdc_runtime_System_extendFxn__C
0000a098   xdc_runtime_System_maxAtexitHandlers__C
0000a09c   xdc_runtime_Text_charTab__C
0000a0a0   xdc_runtime_Text_nameEmpty__C
0000a0a4   xdc_runtime_Text_nameStatic__C
0000a0a8   xdc_runtime_Text_nameUnknown__C
0000a0ac   xdc_runtime_Text_nodeTab__C
0000a0b0   xdc_runtime_Text_visitRopeFxn__C
0000a0b4   ti_sysbios_family_arm_m3_Hwi_Module__loggerDefined__C
0000a0b6   ti_sysbios_gates_GateMutex_Module__id__C
0000a0b8   ti_sysbios_hal_Hwi_Module__id__C
0000a0ba   ti_sysbios_heaps_HeapMem_Module__id__C
0000a0bc   ti_sysbios_knl_Clock_Module__id__C
0000a0be   ti_sysbios_knl_Clock_Module__loggerDefined__C
0000a0c0   ti_sysbios_knl_Semaphore_Module__id__C
0000a0c2   ti_sysbios_knl_Semaphore_Module__loggerDefined__C
0000a0c4   ti_sysbios_knl_Swi_Module__id__C
0000a0c6   ti_sysbios_knl_Swi_Module__loggerDefined__C
0000a0c8   ti_sysbios_knl_Task_Module__id__C
0000a0ca   ti_sysbios_knl_Task_Module__loggerDefined__C
0000a0cc   ti_sysbios_knl_Task_initStackFlag__C
0000a0ce   xdc_runtime_Core_Module__id__C
0000a0d0   xdc_runtime_Error_Module__loggerDefined__C
0000a0d2   xdc_runtime_Error_maxDepth__C
0000a0d4   xdc_runtime_LoggerBuf_Module__id__C
0000a0d6   xdc_runtime_LoggerBuf_filterByLevel__C
0000a0d8   xdc_runtime_Memory_Module__id__C
0000a0da   xdc_runtime_SysMin_flushAtExit__C
0000a0dc   xdc_runtime_Text_charCnt__C
0000a0de   xdc_runtime_Text_isLoaded__C
0000a0e0   xdc_runtime_Text_registryModsLastId__C
0000a0e2   xdc_runtime_Text_unnamedModsLastId__C
0000a4d0   __TI_Handler_Table_Base
0000a4dc   __TI_Handler_Table_Limit
0000a4f0   __TI_CINIT_Base
0000a508   __TI_CINIT_Limit
20000000   ti_sysbios_family_arm_m3_Hwi_ramVectors
20000360   ti_sysbios_heaps_HeapMem_Instance_State_0_buf__A
20002360   ti_sysbios_knl_Task_Instance_State_0_stack__A
20002760   ti_sysbios_knl_Task_Instance_State_1_stack__A
20002f60   cpy_buff
20003764   xdc_runtime_LoggerBuf_Instance_State_0_entryArr__A
20003b64   ti_sysbios_family_arm_m3_Hwi_dispatchTable
20003ec4   sdspiTivaobjects
20004104   dst
20004328   src
2000454c   xdc_runtime_SysMin_Module_State_0_outbuf__A
2000474c   __CIOBUF_
200048ac   ti_sysbios_family_arm_lm4_Timer_Module__root__V
200048b4   ti_sysbios_family_arm_lm4_Timer_Module_State_0_handles__A
200048cc   ti_sysbios_family_arm_lm4_Timer_Module__state__V
200048d8   ti_sysbios_family_arm_lm4_TimestampProvider_Module__state__V
200048e0   ti_sysbios_family_arm_m3_Hwi_Module__root__V
200048e8   ti_sysbios_family_arm_m3_Hwi_Module_State_0_excActive__A
200048ec   ti_sysbios_family_arm_m3_Hwi_Module_State_0_excContext__A
200048f0   ti_sysbios_family_arm_m3_Hwi_Module_State_0_excStack__A
200048f4   ti_sysbios_gates_GateHwi_Module__root__V
200048fc   ti_sysbios_gates_GateHwi_Object__table__V
20004900   ti_sysbios_gates_GateMutex_Module__root__V
20004908   ti_sysbios_hal_Hwi_Module__root__V
20004910   ti_sysbios_heaps_HeapMem_Module__root__V
20004918   ti_sysbios_heaps_HeapMem_Object__table__V
20004930   ti_sysbios_knl_Clock_Module__root__V
20004938   ti_sysbios_knl_Queue_Module__root__V
20004940   ti_sysbios_knl_Semaphore_Module__root__V
20004948   ti_sysbios_knl_Swi_Module__root__V
20004950   ti_sysbios_knl_Swi_Module__state__V
2000496c   ti_sysbios_knl_Task_Module__root__V
20004974   ti_sysbios_knl_Task_Module_State_0_idleTask__A
20004978   xdc_runtime_Error_Module__state__V
2000497c   xdc_runtime_LoggerBuf_Module__root__V
20004984   xdc_runtime_LoggerBuf_Module__state__V
2000498c   xdc_runtime_Memory_Module__state__V
20004990   xdc_runtime_Registry_Module__state__V
20004998   xdc_runtime_Startup_Module__state__V
200049a0   xdc_runtime_SysMin_Module__state__V
200049ac   xdc_runtime_System_Module_State_0_atexitHandlers__A
200049bc   xdc_runtime_System_Module__state__V
200049c4   xdc_runtime_Text_Module__state__V
200049cc   __xdc__init__addr
20004aa0   ti_sysbios_knl_Task_Object__table__V
20004aec   TSK_idle
20004b38   ti_sysbios_family_arm_lm4_Timer_Object__table__V
20004bb8   ti_sysbios_knl_Swi_Module_State_0_readyQ__A
20004c38   ti_sysbios_knl_Task_Module_State_0_readyQ__A
20004d08   ti_sysbios_knl_Task_Module__state__V
20004d4c   ti_sysbios_gates_GateMutex_Object__table__V
20004d84   ti_sysbios_family_arm_m3_Hwi_Module__state__V
20004db8   ti_sysbios_family_arm_lm4_Timer_Module_State_0_device__A
20004de8   ti_sysbios_family_arm_m3_Hwi_Object__table__V
20004e18   ti_sysbios_knl_Swi_Object__table__V
20004e48   ti_sysbios_knl_Clock_Module__state__V
20004e74   ti_sysbios_BIOS_Module__state__V
20004e98   xdc_runtime_LoggerBuf_Object__table__V
20004ed0   _lock
20004ed4   _unlock
20004ed8   __TI_cleanup_ptr
20004edc   __TI_dtors_ptr
20004ee0   main_func_sp
20004ef0   __stack
200050f0   __STACK_TOP
200052f0   __STACK_END
e000e000   ti_sysbios_family_arm_m3_Hwi_nvic
ffffffff   __binit__
ffffffff   __c_args__
ffffffff   binit
UNDEFED    SHT$$INIT_ARRAY$$Base
UNDEFED    SHT$$INIT_ARRAY$$Limit

[692 symbols]
