<?xml version="1.0"?>
<link_info>
   <banner>TI ARM Linker PC v5.1.5</banner>
   <copyright>Copyright (c) 1996-2014 Texas Instruments Incorporated</copyright>
   <link_time>0x53c95086</link_time>
   <link_errors>0x0</link_errors>
   <output_file>USB-DFU_LED_PATIENT_OFF.out</output_file>
   <entry_point>
      <name>_c_int00</name>
      <address>0x3b19</address>
   </entry_point>
   <input_file_list>
      <input_file id="fl-2">
         <path>.\</path>
         <kind>object</kind>
         <file>tm4c1233h6pm_startup_ccs.obj</file>
         <name>tm4c1233h6pm_startup_ccs.obj</name>
      </input_file>
      <input_file id="fl-3">
         <path>.\</path>
         <kind>object</kind>
         <file>main.obj</file>
         <name>main.obj</name>
      </input_file>
      <input_file id="fl-4">
         <path>.\</path>
         <kind>object</kind>
         <file>innedmd_adc.obj</file>
         <name>innedmd_adc.obj</name>
      </input_file>
      <input_file id="fl-5">
         <path>.\</path>
         <kind>object</kind>
         <file>ineedmd_led.obj</file>
         <name>ineedmd_led.obj</name>
      </input_file>
      <input_file id="fl-6">
         <path>.\</path>
         <kind>object</kind>
         <file>ineedmd_bluetooth_radio.obj</file>
         <name>ineedmd_bluetooth_radio.obj</name>
      </input_file>
      <input_file id="fl-7">
         <path>.\</path>
         <kind>object</kind>
         <file>board.obj</file>
         <name>board.obj</name>
      </input_file>
      <input_file id="fl-135">
         <path>c:\ti\ccsv6\tools\compiler\arm_5.1.5\lib\</path>
         <kind>archive</kind>
         <file>rtsv7M4_T_le_v4SPD16_eabi.lib</file>
         <name>boot.obj</name>
      </input_file>
      <input_file id="fl-136">
         <path>c:\ti\ccsv6\tools\compiler\arm_5.1.5\lib\</path>
         <kind>archive</kind>
         <file>rtsv7M4_T_le_v4SPD16_eabi.lib</file>
         <name>copy_decompress_none.obj</name>
      </input_file>
      <input_file id="fl-137">
         <path>c:\ti\ccsv6\tools\compiler\arm_5.1.5\lib\</path>
         <kind>archive</kind>
         <file>rtsv7M4_T_le_v4SPD16_eabi.lib</file>
         <name>copy_decompress_rle.obj</name>
      </input_file>
      <input_file id="fl-138">
         <path>c:\ti\ccsv6\tools\compiler\arm_5.1.5\lib\</path>
         <kind>archive</kind>
         <file>rtsv7M4_T_le_v4SPD16_eabi.lib</file>
         <name>copy_zero_init.obj</name>
      </input_file>
      <input_file id="fl-139">
         <path>c:\ti\ccsv6\tools\compiler\arm_5.1.5\lib\</path>
         <kind>archive</kind>
         <file>rtsv7M4_T_le_v4SPD16_eabi.lib</file>
         <name>exit.obj</name>
      </input_file>
      <input_file id="fl-13a">
         <path>c:\ti\ccsv6\tools\compiler\arm_5.1.5\lib\</path>
         <kind>archive</kind>
         <file>rtsv7M4_T_le_v4SPD16_eabi.lib</file>
         <name>memcpy_t2.obj</name>
      </input_file>
      <input_file id="fl-13b">
         <path>c:\ti\ccsv6\tools\compiler\arm_5.1.5\lib\</path>
         <kind>archive</kind>
         <file>rtsv7M4_T_le_v4SPD16_eabi.lib</file>
         <name>memory.obj</name>
      </input_file>
      <input_file id="fl-13c">
         <path>c:\ti\ccsv6\tools\compiler\arm_5.1.5\lib\</path>
         <kind>archive</kind>
         <file>rtsv7M4_T_le_v4SPD16_eabi.lib</file>
         <name>memset_t2.obj</name>
      </input_file>
      <input_file id="fl-13d">
         <path>c:\ti\ccsv6\tools\compiler\arm_5.1.5\lib\</path>
         <kind>archive</kind>
         <file>rtsv7M4_T_le_v4SPD16_eabi.lib</file>
         <name>snprintf.obj</name>
      </input_file>
      <input_file id="fl-13e">
         <path>c:\ti\ccsv6\tools\compiler\arm_5.1.5\lib\</path>
         <kind>archive</kind>
         <file>rtsv7M4_T_le_v4SPD16_eabi.lib</file>
         <name>stkdepth_vars.obj</name>
      </input_file>
      <input_file id="fl-13f">
         <path>c:\ti\ccsv6\tools\compiler\arm_5.1.5\lib\</path>
         <kind>archive</kind>
         <file>rtsv7M4_T_le_v4SPD16_eabi.lib</file>
         <name>strlen.obj</name>
      </input_file>
      <input_file id="fl-140">
         <path>c:\ti\ccsv6\tools\compiler\arm_5.1.5\lib\</path>
         <kind>archive</kind>
         <file>rtsv7M4_T_le_v4SPD16_eabi.lib</file>
         <name>_lock.obj</name>
      </input_file>
      <input_file id="fl-141">
         <path>c:\ti\ccsv6\tools\compiler\arm_5.1.5\lib\</path>
         <kind>archive</kind>
         <file>rtsv7M4_T_le_v4SPD16_eabi.lib</file>
         <name>_printfi.obj</name>
      </input_file>
      <input_file id="fl-142">
         <path>c:\ti\ccsv6\tools\compiler\arm_5.1.5\lib\</path>
         <kind>archive</kind>
         <file>rtsv7M4_T_le_v4SPD16_eabi.lib</file>
         <name>args_main.obj</name>
      </input_file>
      <input_file id="fl-143">
         <path>c:\ti\ccsv6\tools\compiler\arm_5.1.5\lib\</path>
         <kind>archive</kind>
         <file>rtsv7M4_T_le_v4SPD16_eabi.lib</file>
         <name>atoi.obj</name>
      </input_file>
      <input_file id="fl-144">
         <path>c:\ti\ccsv6\tools\compiler\arm_5.1.5\lib\</path>
         <kind>archive</kind>
         <file>rtsv7M4_T_le_v4SPD16_eabi.lib</file>
         <name>auto_init.obj</name>
      </input_file>
      <input_file id="fl-145">
         <path>c:\ti\ccsv6\tools\compiler\arm_5.1.5\lib\</path>
         <kind>archive</kind>
         <file>rtsv7M4_T_le_v4SPD16_eabi.lib</file>
         <name>cpy_tbl.obj</name>
      </input_file>
      <input_file id="fl-146">
         <path>c:\ti\ccsv6\tools\compiler\arm_5.1.5\lib\</path>
         <kind>archive</kind>
         <file>rtsv7M4_T_le_v4SPD16_eabi.lib</file>
         <name>ctype.obj</name>
      </input_file>
      <input_file id="fl-147">
         <path>c:\ti\ccsv6\tools\compiler\arm_5.1.5\lib\</path>
         <kind>archive</kind>
         <file>rtsv7M4_T_le_v4SPD16_eabi.lib</file>
         <name>fd_add_t2.obj</name>
      </input_file>
      <input_file id="fl-148">
         <path>c:\ti\ccsv6\tools\compiler\arm_5.1.5\lib\</path>
         <kind>archive</kind>
         <file>rtsv7M4_T_le_v4SPD16_eabi.lib</file>
         <name>fd_cmp_t2.obj</name>
      </input_file>
      <input_file id="fl-149">
         <path>c:\ti\ccsv6\tools\compiler\arm_5.1.5\lib\</path>
         <kind>archive</kind>
         <file>rtsv7M4_T_le_v4SPD16_eabi.lib</file>
         <name>fd_div_t2.obj</name>
      </input_file>
      <input_file id="fl-14a">
         <path>c:\ti\ccsv6\tools\compiler\arm_5.1.5\lib\</path>
         <kind>archive</kind>
         <file>rtsv7M4_T_le_v4SPD16_eabi.lib</file>
         <name>fd_mul_t2.obj</name>
      </input_file>
      <input_file id="fl-14b">
         <path>c:\ti\ccsv6\tools\compiler\arm_5.1.5\lib\</path>
         <kind>archive</kind>
         <file>rtsv7M4_T_le_v4SPD16_eabi.lib</file>
         <name>fd_toi_t2.obj</name>
      </input_file>
      <input_file id="fl-14c">
         <path>c:\ti\ccsv6\tools\compiler\arm_5.1.5\lib\</path>
         <kind>archive</kind>
         <file>rtsv7M4_T_le_v4SPD16_eabi.lib</file>
         <name>i_tofd_t2.obj</name>
      </input_file>
      <input_file id="fl-14d">
         <path>c:\ti\ccsv6\tools\compiler\arm_5.1.5\lib\</path>
         <kind>archive</kind>
         <file>rtsv7M4_T_le_v4SPD16_eabi.lib</file>
         <name>ll_mul_t2.obj</name>
      </input_file>
      <input_file id="fl-14e">
         <path>c:\ti\ccsv6\tools\compiler\arm_5.1.5\lib\</path>
         <kind>archive</kind>
         <file>rtsv7M4_T_le_v4SPD16_eabi.lib</file>
         <name>ltoa.obj</name>
      </input_file>
      <input_file id="fl-14f">
         <path>c:\ti\ccsv6\tools\compiler\arm_5.1.5\lib\</path>
         <kind>archive</kind>
         <file>rtsv7M4_T_le_v4SPD16_eabi.lib</file>
         <name>memccpy.obj</name>
      </input_file>
      <input_file id="fl-150">
         <path>c:\ti\ccsv6\tools\compiler\arm_5.1.5\lib\</path>
         <kind>archive</kind>
         <file>rtsv7M4_T_le_v4SPD16_eabi.lib</file>
         <name>ull_div_t2.obj</name>
      </input_file>
      <input_file id="fl-151">
         <path>c:\ti\ccsv6\tools\compiler\arm_5.1.5\lib\</path>
         <kind>archive</kind>
         <file>rtsv7M4_T_le_v4SPD16_eabi.lib</file>
         <name>xdclass.obj</name>
      </input_file>
      <input_file id="fl-152">
         <path>c:\ti\ccsv6\tools\compiler\arm_5.1.5\lib\</path>
         <kind>archive</kind>
         <file>rtsv7M4_T_le_v4SPD16_eabi.lib</file>
         <name>xdtest.obj</name>
      </input_file>
      <input_file id="fl-153">
         <path>C:\ti\TivaWare_C_Series-2.1.0.12573\driverlib\ccs\Debug\</path>
         <kind>archive</kind>
         <file>driverlib.lib</file>
         <name>uart.obj</name>
      </input_file>
      <input_file id="fl-154">
         <path>C:\ti\TivaWare_C_Series-2.1.0.12573\driverlib\ccs\Debug\</path>
         <kind>archive</kind>
         <file>driverlib.lib</file>
         <name>timer.obj</name>
      </input_file>
      <input_file id="fl-155">
         <path>C:\ti\TivaWare_C_Series-2.1.0.12573\driverlib\ccs\Debug\</path>
         <kind>archive</kind>
         <file>driverlib.lib</file>
         <name>sysctl.obj</name>
      </input_file>
      <input_file id="fl-156">
         <path>C:\ti\TivaWare_C_Series-2.1.0.12573\driverlib\ccs\Debug\</path>
         <kind>archive</kind>
         <file>driverlib.lib</file>
         <name>ssi.obj</name>
      </input_file>
      <input_file id="fl-157">
         <path>C:\ti\TivaWare_C_Series-2.1.0.12573\driverlib\ccs\Debug\</path>
         <kind>archive</kind>
         <file>driverlib.lib</file>
         <name>interrupt.obj</name>
      </input_file>
      <input_file id="fl-158">
         <path>C:\ti\TivaWare_C_Series-2.1.0.12573\driverlib\ccs\Debug\</path>
         <kind>archive</kind>
         <file>driverlib.lib</file>
         <name>i2c.obj</name>
      </input_file>
      <input_file id="fl-159">
         <path>C:\ti\TivaWare_C_Series-2.1.0.12573\driverlib\ccs\Debug\</path>
         <kind>archive</kind>
         <file>driverlib.lib</file>
         <name>gpio.obj</name>
      </input_file>
      <input_file id="fl-15a">
         <path>C:\ti\TivaWare_C_Series-2.1.0.12573\driverlib\ccs\Debug\</path>
         <kind>archive</kind>
         <file>driverlib.lib</file>
         <name>cpu.obj</name>
      </input_file>
   </input_file_list>
   <object_component_list>
      <object_component id="oc-e">
         <name>.intvecs</name>
         <load_address>0x0</load_address>
         <run_address>0x0</run_address>
         <size>0x26c</size>
         <input_file_ref idref="fl-2"/>
      </object_component>
      <object_component id="oc-27b">
         <name>.text</name>
         <load_address>0x26c</load_address>
         <run_address>0x26c</run_address>
         <size>0xec0</size>
         <input_file_ref idref="fl-141"/>
      </object_component>
      <object_component id="oc-b1">
         <name>.text</name>
         <load_address>0x112c</load_address>
         <run_address>0x112c</run_address>
         <size>0x738</size>
         <input_file_ref idref="fl-7"/>
      </object_component>
      <object_component id="oc-a7">
         <name>.text</name>
         <load_address>0x1864</load_address>
         <run_address>0x1864</run_address>
         <size>0x5aa</size>
         <input_file_ref idref="fl-5"/>
      </object_component>
      <object_component id="oc-ac">
         <name>.text</name>
         <load_address>0x1e10</load_address>
         <run_address>0x1e10</run_address>
         <size>0x3e0</size>
         <input_file_ref idref="fl-4"/>
      </object_component>
      <object_component id="oc-20d">
         <name>.text</name>
         <load_address>0x21f0</load_address>
         <run_address>0x21f0</run_address>
         <size>0x3cc</size>
         <input_file_ref idref="fl-13b"/>
      </object_component>
      <object_component id="oc-ed">
         <name>.text</name>
         <load_address>0x25bc</load_address>
         <run_address>0x25bc</run_address>
         <size>0x32c</size>
         <input_file_ref idref="fl-6"/>
      </object_component>
      <object_component id="oc-6e">
         <name>.text</name>
         <load_address>0x28e8</load_address>
         <run_address>0x28e8</run_address>
         <size>0x31c</size>
         <input_file_ref idref="fl-3"/>
      </object_component>
      <object_component id="oc-2af">
         <name>.text</name>
         <load_address>0x2c04</load_address>
         <run_address>0x2c04</run_address>
         <size>0x1f4</size>
         <input_file_ref idref="fl-150"/>
      </object_component>
      <object_component id="oc-2d4">
         <name>.text</name>
         <load_address>0x2df8</load_address>
         <run_address>0x2df8</run_address>
         <size>0x1b6</size>
         <input_file_ref idref="fl-147"/>
      </object_component>
      <object_component id="oc-2bf">
         <name>.text</name>
         <load_address>0x2fae</load_address>
         <run_address>0x2fae</run_address>
         <size>0x136</size>
         <input_file_ref idref="fl-149"/>
      </object_component>
      <object_component id="oc-248">
         <name>.text:GPIOPadConfigSet</name>
         <load_address>0x30e4</load_address>
         <run_address>0x30e4</run_address>
         <size>0x130</size>
         <input_file_ref idref="fl-159"/>
      </object_component>
      <object_component id="oc-b6">
         <name>.text:SysCtlClockGet</name>
         <load_address>0x3214</load_address>
         <run_address>0x3214</run_address>
         <size>0x118</size>
         <input_file_ref idref="fl-155"/>
      </object_component>
      <object_component id="oc-2bb">
         <name>.text</name>
         <load_address>0x332c</load_address>
         <run_address>0x332c</run_address>
         <size>0xfc</size>
         <input_file_ref idref="fl-14a"/>
      </object_component>
      <object_component id="oc-148">
         <name>.text:SysCtlClockSet</name>
         <load_address>0x3428</load_address>
         <run_address>0x3428</run_address>
         <size>0xf0</size>
         <input_file_ref idref="fl-155"/>
      </object_component>
      <object_component id="oc-3f">
         <name>.text</name>
         <load_address>0x3518</load_address>
         <run_address>0x3518</run_address>
         <size>0x9c</size>
         <input_file_ref idref="fl-13a"/>
      </object_component>
      <object_component id="oc-212">
         <name>.text</name>
         <load_address>0x35b4</load_address>
         <run_address>0x35b4</run_address>
         <size>0x98</size>
         <input_file_ref idref="fl-13d"/>
      </object_component>
      <object_component id="oc-2e">
         <name>.text</name>
         <load_address>0x364c</load_address>
         <run_address>0x364c</run_address>
         <size>0x94</size>
         <input_file_ref idref="fl-144"/>
      </object_component>
      <object_component id="oc-2b7">
         <name>.text:__aeabi_cdcmple</name>
         <load_address>0x36e0</load_address>
         <run_address>0x36e0</run_address>
         <size>0x86</size>
         <input_file_ref idref="fl-148"/>
      </object_component>
      <object_component id="oc-2c3">
         <name>.text:__aeabi_cdrcmple</name>
         <load_address>0x3766</load_address>
         <run_address>0x3766</run_address>
         <size>0x86</size>
         <input_file_ref idref="fl-148"/>
      </object_component>
      <object_component id="oc-209">
         <name>.text</name>
         <load_address>0x37ec</load_address>
         <run_address>0x37ec</run_address>
         <size>0x78</size>
         <input_file_ref idref="fl-13c"/>
      </object_component>
      <object_component id="oc-d9">
         <name>.text:IntDisable</name>
         <load_address>0x3864</load_address>
         <run_address>0x3864</run_address>
         <size>0x60</size>
         <input_file_ref idref="fl-157"/>
      </object_component>
      <object_component id="oc-ca">
         <name>.text:IntEnable</name>
         <load_address>0x38c4</load_address>
         <run_address>0x38c4</run_address>
         <size>0x60</size>
         <input_file_ref idref="fl-157"/>
      </object_component>
      <object_component id="oc-51">
         <name>.text</name>
         <load_address>0x3924</load_address>
         <run_address>0x3924</run_address>
         <size>0x5e</size>
         <input_file_ref idref="fl-137"/>
      </object_component>
      <object_component id="oc-152">
         <name>.text:TimerConfigure</name>
         <load_address>0x3984</load_address>
         <run_address>0x3984</run_address>
         <size>0x5c</size>
         <input_file_ref idref="fl-154"/>
      </object_component>
      <object_component id="oc-2cb">
         <name>.text</name>
         <load_address>0x39e0</load_address>
         <run_address>0x39e0</run_address>
         <size>0x5a</size>
         <input_file_ref idref="fl-14e"/>
      </object_component>
      <object_component id="oc-2e2">
         <name>.text</name>
         <load_address>0x3a3c</load_address>
         <run_address>0x3a3c</run_address>
         <size>0x4c</size>
         <input_file_ref idref="fl-143"/>
      </object_component>
      <object_component id="oc-170">
         <name>.text:GPIOPinConfigure</name>
         <load_address>0x3a88</load_address>
         <run_address>0x3a88</run_address>
         <size>0x48</size>
         <input_file_ref idref="fl-159"/>
      </object_component>
      <object_component id="oc-1ac">
         <name>.text:I2CMasterInitExpClk</name>
         <load_address>0x3ad0</load_address>
         <run_address>0x3ad0</run_address>
         <size>0x48</size>
         <input_file_ref idref="fl-158"/>
      </object_component>
      <object_component id="oc-10">
         <name>.text</name>
         <load_address>0x3b18</load_address>
         <run_address>0x3b18</run_address>
         <size>0x48</size>
         <input_file_ref idref="fl-135"/>
      </object_component>
      <object_component id="oc-2c7">
         <name>.text</name>
         <load_address>0x3b60</load_address>
         <run_address>0x3b60</run_address>
         <size>0x48</size>
         <input_file_ref idref="fl-14b"/>
      </object_component>
      <object_component id="oc-68">
         <name>.text</name>
         <load_address>0x3ba8</load_address>
         <run_address>0x3ba8</run_address>
         <size>0x44</size>
         <input_file_ref idref="fl-145"/>
      </object_component>
      <object_component id="oc-37">
         <name>.text</name>
         <load_address>0x3bec</load_address>
         <run_address>0x3bec</run_address>
         <size>0x44</size>
         <input_file_ref idref="fl-139"/>
      </object_component>
      <object_component id="oc-300">
         <name>.text</name>
         <load_address>0x3c30</load_address>
         <run_address>0x3c30</run_address>
         <size>0x44</size>
         <input_file_ref idref="fl-152"/>
      </object_component>
      <object_component id="oc-17a">
         <name>.text:SSIConfigSetExpClk</name>
         <load_address>0x3c74</load_address>
         <run_address>0x3c74</run_address>
         <size>0x42</size>
         <input_file_ref idref="fl-156"/>
      </object_component>
      <object_component id="oc-189">
         <name>.text:UARTConfigSetExpClk</name>
         <load_address>0x3cb6</load_address>
         <run_address>0x3cb6</run_address>
         <size>0x40</size>
         <input_file_ref idref="fl-153"/>
      </object_component>
      <object_component id="oc-1ca">
         <name>.text:SysCtlPeripheralDeepSleepDisable</name>
         <load_address>0x3cf8</load_address>
         <run_address>0x3cf8</run_address>
         <size>0x34</size>
         <input_file_ref idref="fl-155"/>
      </object_component>
      <object_component id="oc-1cf">
         <name>.text:SysCtlPeripheralDeepSleepEnable</name>
         <load_address>0x3d2c</load_address>
         <run_address>0x3d2c</run_address>
         <size>0x34</size>
         <input_file_ref idref="fl-155"/>
      </object_component>
      <object_component id="oc-157">
         <name>.text:SysCtlPeripheralDisable</name>
         <load_address>0x3d60</load_address>
         <run_address>0x3d60</run_address>
         <size>0x34</size>
         <input_file_ref idref="fl-155"/>
      </object_component>
      <object_component id="oc-14d">
         <name>.text:SysCtlPeripheralEnable</name>
         <load_address>0x3d94</load_address>
         <run_address>0x3d94</run_address>
         <size>0x34</size>
         <input_file_ref idref="fl-155"/>
      </object_component>
      <object_component id="oc-161">
         <name>.text:SysCtlPeripheralReady</name>
         <load_address>0x3dc8</load_address>
         <run_address>0x3dc8</run_address>
         <size>0x34</size>
         <input_file_ref idref="fl-155"/>
      </object_component>
      <object_component id="oc-1c0">
         <name>.text:SysCtlPeripheralSleepDisable</name>
         <load_address>0x3dfc</load_address>
         <run_address>0x3dfc</run_address>
         <size>0x34</size>
         <input_file_ref idref="fl-155"/>
      </object_component>
      <object_component id="oc-1c5">
         <name>.text:SysCtlPeripheralSleepEnable</name>
         <load_address>0x3e30</load_address>
         <run_address>0x3e30</run_address>
         <size>0x34</size>
         <input_file_ref idref="fl-155"/>
      </object_component>
      <object_component id="oc-2d0">
         <name>.text</name>
         <load_address>0x3e64</load_address>
         <run_address>0x3e64</run_address>
         <size>0x2e</size>
         <input_file_ref idref="fl-14c"/>
      </object_component>
      <object_component id="oc-243">
         <name>.text:GPIODirModeSet</name>
         <load_address>0x3e92</load_address>
         <run_address>0x3e92</run_address>
         <size>0x2a</size>
         <input_file_ref idref="fl-159"/>
      </object_component>
      <object_component id="oc-193">
         <name>.text:UARTDisable</name>
         <load_address>0x3ebc</load_address>
         <run_address>0x3ebc</run_address>
         <size>0x1c</size>
         <input_file_ref idref="fl-153"/>
      </object_component>
      <object_component id="oc-2dd">
         <name>.text</name>
         <load_address>0x3ed8</load_address>
         <run_address>0x3ed8</run_address>
         <size>0x1c</size>
         <input_file_ref idref="fl-14f"/>
      </object_component>
      <object_component id="oc-166">
         <name>.text:GPIOPinTypeGPIOOutput</name>
         <load_address>0x3ef4</load_address>
         <run_address>0x3ef4</run_address>
         <size>0x18</size>
         <input_file_ref idref="fl-159"/>
      </object_component>
      <object_component id="oc-32">
         <name>.text</name>
         <load_address>0x3f0c</load_address>
         <run_address>0x3f0c</run_address>
         <size>0x18</size>
         <input_file_ref idref="fl-142"/>
      </object_component>
      <object_component id="oc-2b3">
         <name>.text</name>
         <load_address>0x3f24</load_address>
         <run_address>0x3f24</run_address>
         <size>0x18</size>
         <input_file_ref idref="fl-14d"/>
      </object_component>
      <object_component id="oc-d4">
         <name>.text:TimerDisable</name>
         <load_address>0x3f3c</load_address>
         <run_address>0x3f3c</run_address>
         <size>0x14</size>
         <input_file_ref idref="fl-154"/>
      </object_component>
      <object_component id="oc-1fa">
         <name>.text:UARTBreakCtl</name>
         <load_address>0x3f50</load_address>
         <run_address>0x3f50</run_address>
         <size>0x14</size>
         <input_file_ref idref="fl-153"/>
      </object_component>
      <object_component id="oc-18e">
         <name>.text:UARTEnable</name>
         <load_address>0x3f64</load_address>
         <run_address>0x3f64</run_address>
         <size>0x14</size>
         <input_file_ref idref="fl-153"/>
      </object_component>
      <object_component id="oc-fd">
         <name>.text</name>
         <load_address>0x3f78</load_address>
         <run_address>0x3f78</run_address>
         <size>0x14</size>
         <input_file_ref idref="fl-140"/>
      </object_component>
      <object_component id="oc-204">
         <name>.text</name>
         <load_address>0x3f8c</load_address>
         <run_address>0x3f8c</run_address>
         <size>0x14</size>
         <input_file_ref idref="fl-13f"/>
      </object_component>
      <object_component id="oc-15c">
         <name>.text:GPIOPinTypeADC</name>
         <load_address>0x3fa0</load_address>
         <run_address>0x3fa0</run_address>
         <size>0x12</size>
         <input_file_ref idref="fl-159"/>
      </object_component>
      <object_component id="oc-16b">
         <name>.text:GPIOPinTypeGPIOInput</name>
         <load_address>0x3fb2</load_address>
         <run_address>0x3fb2</run_address>
         <size>0x12</size>
         <input_file_ref idref="fl-159"/>
      </object_component>
      <object_component id="oc-1a7">
         <name>.text:GPIOPinTypeI2C</name>
         <load_address>0x3fc4</load_address>
         <run_address>0x3fc4</run_address>
         <size>0x12</size>
         <input_file_ref idref="fl-159"/>
      </object_component>
      <object_component id="oc-1a2">
         <name>.text:GPIOPinTypeI2CSCL</name>
         <load_address>0x3fd6</load_address>
         <run_address>0x3fd6</run_address>
         <size>0x12</size>
         <input_file_ref idref="fl-159"/>
      </object_component>
      <object_component id="oc-175">
         <name>.text:GPIOPinTypeSSI</name>
         <load_address>0x3fe8</load_address>
         <run_address>0x3fe8</run_address>
         <size>0x12</size>
         <input_file_ref idref="fl-159"/>
      </object_component>
      <object_component id="oc-184">
         <name>.text:GPIOPinTypeUART</name>
         <load_address>0x3ffa</load_address>
         <run_address>0x3ffa</run_address>
         <size>0x12</size>
         <input_file_ref idref="fl-159"/>
      </object_component>
      <object_component id="oc-1bb">
         <name>.text:GPIOPinTypeUSBAnalog</name>
         <load_address>0x400c</load_address>
         <run_address>0x400c</run_address>
         <size>0x12</size>
         <input_file_ref idref="fl-159"/>
      </object_component>
      <object_component id="oc-128">
         <name>.text:SSIDataGetNonBlocking</name>
         <load_address>0x401e</load_address>
         <run_address>0x401e</run_address>
         <size>0x12</size>
         <input_file_ref idref="fl-156"/>
      </object_component>
      <object_component id="oc-bb">
         <name>.text:TimerLoadSet</name>
         <load_address>0x4030</load_address>
         <run_address>0x4030</run_address>
         <size>0x12</size>
         <input_file_ref idref="fl-154"/>
      </object_component>
      <object_component id="oc-2d8">
         <name>.text</name>
         <load_address>0x4042</load_address>
         <run_address>0x4042</run_address>
         <size>0x12</size>
         <input_file_ref idref="fl-151"/>
      </object_component>
      <object_component id="oc-cf">
         <name>.text:TimerEnable</name>
         <load_address>0x4054</load_address>
         <run_address>0x4054</run_address>
         <size>0xe</size>
         <input_file_ref idref="fl-154"/>
      </object_component>
      <object_component id="oc-14">
         <name>.text:decompress:none</name>
         <load_address>0x4062</load_address>
         <run_address>0x4062</run_address>
         <size>0xe</size>
         <input_file_ref idref="fl-136"/>
      </object_component>
      <object_component id="oc-1ec">
         <name>.text:CPUcpsid</name>
         <load_address>0x4070</load_address>
         <run_address>0x4070</run_address>
         <size>0xc</size>
         <input_file_ref idref="fl-15a"/>
      </object_component>
      <object_component id="oc-1d9">
         <name>.text:CPUcpsie</name>
         <load_address>0x407c</load_address>
         <run_address>0x407c</run_address>
         <size>0xc</size>
         <input_file_ref idref="fl-15a"/>
      </object_component>
      <object_component id="oc-12d">
         <name>.text:SSIDataGet</name>
         <load_address>0x4088</load_address>
         <run_address>0x4088</run_address>
         <size>0xc</size>
         <input_file_ref idref="fl-156"/>
      </object_component>
      <object_component id="oc-198">
         <name>.text:UARTFlowControlSet</name>
         <load_address>0x4094</load_address>
         <run_address>0x4094</run_address>
         <size>0xc</size>
         <input_file_ref idref="fl-153"/>
      </object_component>
      <object_component id="oc-26">
         <name>.text</name>
         <load_address>0x40a0</load_address>
         <run_address>0x40a0</run_address>
         <size>0xc</size>
         <input_file_ref idref="fl-2"/>
      </object_component>
      <object_component id="oc-1b6">
         <name>.text:I2CMasterDisable</name>
         <load_address>0x40ac</load_address>
         <run_address>0x40ac</run_address>
         <size>0xa</size>
         <input_file_ref idref="fl-158"/>
      </object_component>
      <object_component id="oc-1b1">
         <name>.text:I2CMasterEnable</name>
         <load_address>0x40b6</load_address>
         <run_address>0x40b6</run_address>
         <size>0xa</size>
         <input_file_ref idref="fl-158"/>
      </object_component>
      <object_component id="oc-de">
         <name>.text:IntMasterDisable</name>
         <load_address>0x40c0</load_address>
         <run_address>0x40c0</run_address>
         <size>0xa</size>
         <input_file_ref idref="fl-157"/>
      </object_component>
      <object_component id="oc-c0">
         <name>.text:IntMasterEnable</name>
         <load_address>0x40ca</load_address>
         <run_address>0x40ca</run_address>
         <size>0xa</size>
         <input_file_ref idref="fl-157"/>
      </object_component>
      <object_component id="oc-119">
         <name>.text:SSIDataPut</name>
         <load_address>0x40d4</load_address>
         <run_address>0x40d4</run_address>
         <size>0xa</size>
         <input_file_ref idref="fl-156"/>
      </object_component>
      <object_component id="oc-17f">
         <name>.text:SSIDisable</name>
         <load_address>0x40de</load_address>
         <run_address>0x40de</run_address>
         <size>0xa</size>
         <input_file_ref idref="fl-156"/>
      </object_component>
      <object_component id="oc-123">
         <name>.text:SSIEnable</name>
         <load_address>0x40e8</load_address>
         <run_address>0x40e8</run_address>
         <size>0xa</size>
         <input_file_ref idref="fl-156"/>
      </object_component>
      <object_component id="oc-21c">
         <name>.text:UARTCharGet</name>
         <load_address>0x40f2</load_address>
         <run_address>0x40f2</run_address>
         <size>0xa</size>
         <input_file_ref idref="fl-153"/>
      </object_component>
      <object_component id="oc-1ff">
         <name>.text:UARTCharPut</name>
         <load_address>0x40fc</load_address>
         <run_address>0x40fc</run_address>
         <size>0xa</size>
         <input_file_ref idref="fl-153"/>
      </object_component>
      <object_component id="oc-1f5">
         <name>.text:UARTFIFODisable</name>
         <load_address>0x4106</load_address>
         <run_address>0x4106</run_address>
         <size>0xa</size>
         <input_file_ref idref="fl-153"/>
      </object_component>
      <object_component id="oc-19d">
         <name>.text:UARTFIFOEnable</name>
         <load_address>0x4110</load_address>
         <run_address>0x4110</run_address>
         <size>0xa</size>
         <input_file_ref idref="fl-153"/>
      </object_component>
      <object_component id="oc-143">
         <name>.text:I2CMasterBusy</name>
         <load_address>0x411a</load_address>
         <run_address>0x411a</run_address>
         <size>0x8</size>
         <input_file_ref idref="fl-158"/>
      </object_component>
      <object_component id="oc-134">
         <name>.text:I2CMasterSlaveAddrSet</name>
         <load_address>0x4122</load_address>
         <run_address>0x4122</run_address>
         <size>0x8</size>
         <input_file_ref idref="fl-158"/>
      </object_component>
      <object_component id="oc-11e">
         <name>.text:SSIBusy</name>
         <load_address>0x412a</load_address>
         <run_address>0x412a</run_address>
         <size>0x8</size>
         <input_file_ref idref="fl-156"/>
      </object_component>
      <object_component id="oc-c5">
         <name>.text:TimerIntEnable</name>
         <load_address>0x4132</load_address>
         <run_address>0x4132</run_address>
         <size>0x8</size>
         <input_file_ref idref="fl-154"/>
      </object_component>
      <object_component id="oc-217">
         <name>.text:UARTBusy</name>
         <load_address>0x413a</load_address>
         <run_address>0x413a</run_address>
         <size>0x8</size>
         <input_file_ref idref="fl-153"/>
      </object_component>
      <object_component id="oc-e8">
         <name>.text:GPIOPinRead</name>
         <load_address>0x4142</load_address>
         <run_address>0x4142</run_address>
         <size>0x6</size>
         <input_file_ref idref="fl-159"/>
      </object_component>
      <object_component id="oc-e3">
         <name>.text:GPIOPinWrite</name>
         <load_address>0x4148</load_address>
         <run_address>0x4148</run_address>
         <size>0x6</size>
         <input_file_ref idref="fl-159"/>
      </object_component>
      <object_component id="oc-118">
         <name>.text:SysCtlDelay</name>
         <load_address>0x414e</load_address>
         <run_address>0x414e</run_address>
         <size>0x6</size>
         <input_file_ref idref="fl-155"/>
      </object_component>
      <object_component id="oc-1e">
         <name>.text:decompress:rle24</name>
         <load_address>0x4154</load_address>
         <run_address>0x4154</run_address>
         <size>0x6</size>
         <input_file_ref idref="fl-137"/>
      </object_component>
      <object_component id="oc-13e">
         <name>.text:I2CMasterControl</name>
         <load_address>0x415a</load_address>
         <run_address>0x415a</run_address>
         <size>0x4</size>
         <input_file_ref idref="fl-158"/>
      </object_component>
      <object_component id="oc-139">
         <name>.text:I2CMasterDataPut</name>
         <load_address>0x415e</load_address>
         <run_address>0x415e</run_address>
         <size>0x4</size>
         <input_file_ref idref="fl-158"/>
      </object_component>
      <object_component id="oc-a2">
         <name>.text:TimerIntClear</name>
         <load_address>0x4162</load_address>
         <run_address>0x4162</run_address>
         <size>0x4</size>
         <input_file_ref idref="fl-154"/>
      </object_component>
      <object_component id="oc-308">
         <name>.const:.string:_ctypes_</name>
         <load_address>0x4168</load_address>
         <run_address>0x4168</run_address>
         <size>0x102</size>
         <input_file_ref idref="fl-146"/>
      </object_component>
      <object_component id="oc-251">
         <name>.const:g_pui32GPIOBaseAddrs</name>
         <load_address>0x426c</load_address>
         <run_address>0x426c</run_address>
         <size>0x90</size>
         <input_file_ref idref="fl-159"/>
      </object_component>
      <object_component id="oc-1e5">
         <name>.const</name>
         <load_address>0x42fc</load_address>
         <run_address>0x42fc</run_address>
         <size>0x70</size>
         <input_file_ref idref="fl-157"/>
      </object_component>
      <object_component id="oc-1d5">
         <name>.const:g_pui32Xtals</name>
         <load_address>0x436c</load_address>
         <run_address>0x436c</run_address>
         <size>0x6c</size>
         <input_file_ref idref="fl-155"/>
      </object_component>
      <object_component id="oc-33e">
         <name>.cinit..data.load</name>
         <load_address>0x43d8</load_address>
         <run_address>0x43d8</run_address>
         <size>0x1b</size>
      </object_component>
      <object_component id="oc-33c">
         <name>__TI_handler_table</name>
         <load_address>0x43f4</load_address>
         <run_address>0x43f4</run_address>
         <size>0x8</size>
      </object_component>
      <object_component id="oc-33d">
         <name>__TI_cinit_table</name>
         <load_address>0x43fc</load_address>
         <run_address>0x43fc</run_address>
         <size>0x8</size>
      </object_component>
      <object_component id="oc-3c">
         <name>.data</name>
         <load_address>0x2000081c</load_address>
         <run_address>0x2000081c</run_address>
         <size>0x4</size>
         <input_file_ref idref="fl-13e"/>
      </object_component>
      <object_component id="oc-7a">
         <name>.data</name>
         <load_address>0x2000080c</load_address>
         <run_address>0x2000080c</run_address>
         <size>0x8</size>
         <input_file_ref idref="fl-140"/>
      </object_component>
      <object_component id="oc-7c">
         <name>.data</name>
         <load_address>0x20000814</load_address>
         <run_address>0x20000814</run_address>
         <size>0x8</size>
         <input_file_ref idref="fl-139"/>
      </object_component>
      <object_component id="oc-f2">
         <name>.data</name>
         <load_address>0x20000820</load_address>
         <run_address>0x20000820</run_address>
         <size>0x1</size>
         <input_file_ref idref="fl-3"/>
      </object_component>
      <object_component id="oc-278">
         <name>.data</name>
         <load_address>0x20000800</load_address>
         <run_address>0x20000800</run_address>
         <size>0xc</size>
         <input_file_ref idref="fl-13b"/>
      </object_component>
      <object_component id="oc-24">
         <name>.sysmem</name>
         <uninitialized>true</uninitialized>
         <run_address>0x20000828</run_address>
         <size>0x8</size>
         <input_file_ref idref="fl-13b"/>
      </object_component>
      <object_component id="oc-340">
         <name>.sysmem</name>
         <uninitialized>true</uninitialized>
         <run_address>0x20000828</run_address>
         <size>0x0</size>
      </object_component>
      <object_component id="oc-23">
         <name>.stack</name>
         <uninitialized>true</uninitialized>
         <run_address>0x20000000</run_address>
         <size>0x0</size>
         <input_file_ref idref="fl-135"/>
      </object_component>
      <object_component id="oc-33f">
         <name>.stack</name>
         <uninitialized>true</uninitialized>
         <run_address>0x20000000</run_address>
         <size>0x0</size>
      </object_component>
      <object_component id="oc-f">
         <name>.debug_info</name>
         <load_address>0x0</load_address>
         <run_address>0x0</run_address>
         <size>0x107</size>
         <input_file_ref idref="fl-2"/>
      </object_component>
      <object_component id="oc-13">
         <name>.debug_info</name>
         <load_address>0x107</load_address>
         <run_address>0x107</run_address>
         <size>0xf3</size>
         <input_file_ref idref="fl-135"/>
      </object_component>
      <object_component id="oc-17">
         <name>.debug_info</name>
         <load_address>0x1fa</load_address>
         <run_address>0x1fa</run_address>
         <size>0x194</size>
         <input_file_ref idref="fl-136"/>
      </object_component>
      <object_component id="oc-22">
         <name>.debug_info</name>
         <load_address>0x38e</load_address>
         <run_address>0x38e</run_address>
         <size>0x18e</size>
         <input_file_ref idref="fl-137"/>
      </object_component>
      <object_component id="oc-25">
         <name>.debug_info</name>
         <load_address>0x51c</load_address>
         <run_address>0x51c</run_address>
         <size>0xb6</size>
         <input_file_ref idref="fl-13b"/>
      </object_component>
      <object_component id="oc-27">
         <name>.debug_info</name>
         <load_address>0x5d2</load_address>
         <run_address>0x5d2</run_address>
         <size>0x283</size>
         <input_file_ref idref="fl-2"/>
      </object_component>
      <object_component id="oc-2d">
         <name>.debug_info</name>
         <load_address>0x855</load_address>
         <run_address>0x855</run_address>
         <size>0x11c</size>
         <input_file_ref idref="fl-2"/>
      </object_component>
      <object_component id="oc-30">
         <name>.debug_info</name>
         <load_address>0x971</load_address>
         <run_address>0x971</run_address>
         <size>0x13d</size>
         <input_file_ref idref="fl-144"/>
      </object_component>
      <object_component id="oc-33">
         <name>.debug_info</name>
         <load_address>0xaae</load_address>
         <run_address>0xaae</run_address>
         <size>0x11c</size>
         <input_file_ref idref="fl-142"/>
      </object_component>
      <object_component id="oc-38">
         <name>.debug_info</name>
         <load_address>0xbca</load_address>
         <run_address>0xbca</run_address>
         <size>0x1c2</size>
         <input_file_ref idref="fl-139"/>
      </object_component>
      <object_component id="oc-3d">
         <name>.debug_info</name>
         <load_address>0xd8c</load_address>
         <run_address>0xd8c</run_address>
         <size>0xbe</size>
         <input_file_ref idref="fl-13e"/>
      </object_component>
      <object_component id="oc-41">
         <name>.debug_info</name>
         <load_address>0xe4a</load_address>
         <run_address>0xe4a</run_address>
         <size>0xcc</size>
         <input_file_ref idref="fl-13a"/>
      </object_component>
      <object_component id="oc-44">
         <name>.debug_info</name>
         <load_address>0xf16</load_address>
         <run_address>0xf16</run_address>
         <size>0x46</size>
         <input_file_ref idref="fl-136"/>
      </object_component>
      <object_component id="oc-49">
         <name>.debug_info</name>
         <load_address>0xf5c</load_address>
         <run_address>0xf5c</run_address>
         <size>0xf2</size>
         <input_file_ref idref="fl-136"/>
      </object_component>
      <object_component id="oc-54">
         <name>.debug_info</name>
         <load_address>0x104e</load_address>
         <run_address>0x104e</run_address>
         <size>0x1ef</size>
         <input_file_ref idref="fl-137"/>
      </object_component>
      <object_component id="oc-57">
         <name>.debug_info</name>
         <load_address>0x123d</load_address>
         <run_address>0x123d</run_address>
         <size>0xb7</size>
         <input_file_ref idref="fl-137"/>
      </object_component>
      <object_component id="oc-58">
         <name>.debug_info</name>
         <load_address>0x12f4</load_address>
         <run_address>0x12f4</run_address>
         <size>0x39</size>
         <input_file_ref idref="fl-137"/>
      </object_component>
      <object_component id="oc-5f">
         <name>.debug_info</name>
         <load_address>0x132d</load_address>
         <run_address>0x132d</run_address>
         <size>0x1d7</size>
         <input_file_ref idref="fl-13b"/>
      </object_component>
      <object_component id="oc-63">
         <name>.debug_info</name>
         <load_address>0x1504</load_address>
         <run_address>0x1504</run_address>
         <size>0x18b</size>
         <input_file_ref idref="fl-2"/>
      </object_component>
      <object_component id="oc-69">
         <name>.debug_info</name>
         <load_address>0x168f</load_address>
         <run_address>0x168f</run_address>
         <size>0x14b</size>
         <input_file_ref idref="fl-145"/>
      </object_component>
      <object_component id="oc-6f">
         <name>.debug_info</name>
         <load_address>0x17da</load_address>
         <run_address>0x17da</run_address>
         <size>0xb2a</size>
         <input_file_ref idref="fl-3"/>
      </object_component>
      <object_component id="oc-74">
         <name>.debug_info</name>
         <load_address>0x2304</load_address>
         <run_address>0x2304</run_address>
         <size>0x84</size>
         <input_file_ref idref="fl-2"/>
      </object_component>
      <object_component id="oc-79">
         <name>.debug_info</name>
         <load_address>0x2388</load_address>
         <run_address>0x2388</run_address>
         <size>0x11b</size>
         <input_file_ref idref="fl-142"/>
      </object_component>
      <object_component id="oc-7b">
         <name>.debug_info</name>
         <load_address>0x24a3</load_address>
         <run_address>0x24a3</run_address>
         <size>0xc8</size>
         <input_file_ref idref="fl-140"/>
      </object_component>
      <object_component id="oc-7d">
         <name>.debug_info</name>
         <load_address>0x256b</load_address>
         <run_address>0x256b</run_address>
         <size>0xeb</size>
         <input_file_ref idref="fl-139"/>
      </object_component>
      <object_component id="oc-7f">
         <name>.debug_info</name>
         <load_address>0x2656</load_address>
         <run_address>0x2656</run_address>
         <size>0x146</size>
         <input_file_ref idref="fl-139"/>
      </object_component>
      <object_component id="oc-83">
         <name>.debug_info</name>
         <load_address>0x279c</load_address>
         <run_address>0x279c</run_address>
         <size>0x2c</size>
         <input_file_ref idref="fl-136"/>
      </object_component>
      <object_component id="oc-8a">
         <name>.debug_info</name>
         <load_address>0x27c8</load_address>
         <run_address>0x27c8</run_address>
         <size>0x2c</size>
         <input_file_ref idref="fl-138"/>
      </object_component>
      <object_component id="oc-96">
         <name>.debug_info</name>
         <load_address>0x27f4</load_address>
         <run_address>0x27f4</run_address>
         <size>0x2c</size>
         <input_file_ref idref="fl-13b"/>
      </object_component>
      <object_component id="oc-9b">
         <name>.debug_info</name>
         <load_address>0x2820</load_address>
         <run_address>0x2820</run_address>
         <size>0x62</size>
         <input_file_ref idref="fl-13b"/>
      </object_component>
      <object_component id="oc-a1">
         <name>.debug_info</name>
         <load_address>0x2882</load_address>
         <run_address>0x2882</run_address>
         <size>0x148</size>
         <input_file_ref idref="fl-145"/>
      </object_component>
      <object_component id="oc-a3">
         <name>.debug_info</name>
         <load_address>0x29ca</load_address>
         <run_address>0x29ca</run_address>
         <size>0x1f6</size>
         <input_file_ref idref="fl-154"/>
      </object_component>
      <object_component id="oc-a8">
         <name>.debug_info</name>
         <load_address>0x2bc0</load_address>
         <run_address>0x2bc0</run_address>
         <size>0xa85</size>
         <input_file_ref idref="fl-5"/>
      </object_component>
      <object_component id="oc-ad">
         <name>.debug_info</name>
         <load_address>0x3645</load_address>
         <run_address>0x3645</run_address>
         <size>0x1438</size>
         <input_file_ref idref="fl-4"/>
      </object_component>
      <object_component id="oc-b2">
         <name>.debug_info</name>
         <load_address>0x4a7d</load_address>
         <run_address>0x4a7d</run_address>
         <size>0x1fe9</size>
         <input_file_ref idref="fl-7"/>
      </object_component>
      <object_component id="oc-b7">
         <name>.debug_info</name>
         <load_address>0x6a66</load_address>
         <run_address>0x6a66</run_address>
         <size>0x219</size>
         <input_file_ref idref="fl-155"/>
      </object_component>
      <object_component id="oc-bc">
         <name>.debug_info</name>
         <load_address>0x6c7f</load_address>
         <run_address>0x6c7f</run_address>
         <size>0x21e</size>
         <input_file_ref idref="fl-154"/>
      </object_component>
      <object_component id="oc-c1">
         <name>.debug_info</name>
         <load_address>0x6e9d</load_address>
         <run_address>0x6e9d</run_address>
         <size>0x1a2</size>
         <input_file_ref idref="fl-157"/>
      </object_component>
      <object_component id="oc-c6">
         <name>.debug_info</name>
         <load_address>0x703f</load_address>
         <run_address>0x703f</run_address>
         <size>0x1f8</size>
         <input_file_ref idref="fl-154"/>
      </object_component>
      <object_component id="oc-cb">
         <name>.debug_info</name>
         <load_address>0x7237</load_address>
         <run_address>0x7237</run_address>
         <size>0x1cc</size>
         <input_file_ref idref="fl-157"/>
      </object_component>
      <object_component id="oc-d0">
         <name>.debug_info</name>
         <load_address>0x7403</load_address>
         <run_address>0x7403</run_address>
         <size>0x1e3</size>
         <input_file_ref idref="fl-154"/>
      </object_component>
      <object_component id="oc-d5">
         <name>.debug_info</name>
         <load_address>0x75e6</load_address>
         <run_address>0x75e6</run_address>
         <size>0x1e5</size>
         <input_file_ref idref="fl-154"/>
      </object_component>
      <object_component id="oc-da">
         <name>.debug_info</name>
         <load_address>0x77cb</load_address>
         <run_address>0x77cb</run_address>
         <size>0x1ce</size>
         <input_file_ref idref="fl-157"/>
      </object_component>
      <object_component id="oc-df">
         <name>.debug_info</name>
         <load_address>0x7999</load_address>
         <run_address>0x7999</run_address>
         <size>0x1a4</size>
         <input_file_ref idref="fl-157"/>
      </object_component>
      <object_component id="oc-e4">
         <name>.debug_info</name>
         <load_address>0x7b3d</load_address>
         <run_address>0x7b3d</run_address>
         <size>0x207</size>
         <input_file_ref idref="fl-159"/>
      </object_component>
      <object_component id="oc-e9">
         <name>.debug_info</name>
         <load_address>0x7d44</load_address>
         <run_address>0x7d44</run_address>
         <size>0x1df</size>
         <input_file_ref idref="fl-159"/>
      </object_component>
      <object_component id="oc-ee">
         <name>.debug_info</name>
         <load_address>0x7f23</load_address>
         <run_address>0x7f23</run_address>
         <size>0x77f</size>
         <input_file_ref idref="fl-6"/>
      </object_component>
      <object_component id="oc-f3">
         <name>.debug_info</name>
         <load_address>0x86a2</load_address>
         <run_address>0x86a2</run_address>
         <size>0xee</size>
         <input_file_ref idref="fl-3"/>
      </object_component>
      <object_component id="oc-f5">
         <name>.debug_info</name>
         <load_address>0x8790</load_address>
         <run_address>0x8790</run_address>
         <size>0x80c</size>
         <input_file_ref idref="fl-3"/>
      </object_component>
      <object_component id="oc-f8">
         <name>.debug_info</name>
         <load_address>0x8f9c</load_address>
         <run_address>0x8f9c</run_address>
         <size>0x5e</size>
         <input_file_ref idref="fl-142"/>
      </object_component>
      <object_component id="oc-101">
         <name>.debug_info</name>
         <load_address>0x8ffa</load_address>
         <run_address>0x8ffa</run_address>
         <size>0x1d4</size>
         <input_file_ref idref="fl-140"/>
      </object_component>
      <object_component id="oc-104">
         <name>.debug_info</name>
         <load_address>0x91ce</load_address>
         <run_address>0x91ce</run_address>
         <size>0xd9</size>
         <input_file_ref idref="fl-140"/>
      </object_component>
      <object_component id="oc-10b">
         <name>.debug_info</name>
         <load_address>0x92a7</load_address>
         <run_address>0x92a7</run_address>
         <size>0xcd</size>
         <input_file_ref idref="fl-145"/>
      </object_component>
      <object_component id="oc-111">
         <name>.debug_info</name>
         <load_address>0x9374</load_address>
         <run_address>0x9374</run_address>
         <size>0x18b</size>
         <input_file_ref idref="fl-153"/>
      </object_component>
      <object_component id="oc-116">
         <name>.debug_info</name>
         <load_address>0x94ff</load_address>
         <run_address>0x94ff</run_address>
         <size>0x1cf</size>
         <input_file_ref idref="fl-154"/>
      </object_component>
      <object_component id="oc-11a">
         <name>.debug_info</name>
         <load_address>0x96ce</load_address>
         <run_address>0x96ce</run_address>
         <size>0x25f</size>
         <input_file_ref idref="fl-156"/>
      </object_component>
      <object_component id="oc-120">
         <name>.debug_info</name>
         <load_address>0x992d</load_address>
         <run_address>0x992d</run_address>
         <size>0x1a6</size>
         <input_file_ref idref="fl-156"/>
      </object_component>
      <object_component id="oc-124">
         <name>.debug_info</name>
         <load_address>0x9ad3</load_address>
         <run_address>0x9ad3</run_address>
         <size>0x1a6</size>
         <input_file_ref idref="fl-156"/>
      </object_component>
      <object_component id="oc-129">
         <name>.debug_info</name>
         <load_address>0x9c79</load_address>
         <run_address>0x9c79</run_address>
         <size>0x1fe</size>
         <input_file_ref idref="fl-156"/>
      </object_component>
      <object_component id="oc-12e">
         <name>.debug_info</name>
         <load_address>0x9e77</load_address>
         <run_address>0x9e77</run_address>
         <size>0x263</size>
         <input_file_ref idref="fl-156"/>
      </object_component>
      <object_component id="oc-133">
         <name>.debug_info</name>
         <load_address>0xa0da</load_address>
         <run_address>0xa0da</run_address>
         <size>0x269</size>
         <input_file_ref idref="fl-4"/>
      </object_component>
      <object_component id="oc-135">
         <name>.debug_info</name>
         <load_address>0xa343</load_address>
         <run_address>0xa343</run_address>
         <size>0x232</size>
         <input_file_ref idref="fl-158"/>
      </object_component>
      <object_component id="oc-13a">
         <name>.debug_info</name>
         <load_address>0xa575</load_address>
         <run_address>0xa575</run_address>
         <size>0x1e2</size>
         <input_file_ref idref="fl-158"/>
      </object_component>
      <object_component id="oc-13f">
         <name>.debug_info</name>
         <load_address>0xa757</load_address>
         <run_address>0xa757</run_address>
         <size>0x1e2</size>
         <input_file_ref idref="fl-158"/>
      </object_component>
      <object_component id="oc-144">
         <name>.debug_info</name>
         <load_address>0xa939</load_address>
         <run_address>0xa939</run_address>
         <size>0x1b2</size>
         <input_file_ref idref="fl-158"/>
      </object_component>
      <object_component id="oc-149">
         <name>.debug_info</name>
         <load_address>0xaaeb</load_address>
         <run_address>0xaaeb</run_address>
         <size>0x363</size>
         <input_file_ref idref="fl-155"/>
      </object_component>
      <object_component id="oc-14e">
         <name>.debug_info</name>
         <load_address>0xae4e</load_address>
         <run_address>0xae4e</run_address>
         <size>0x1e1</size>
         <input_file_ref idref="fl-155"/>
      </object_component>
      <object_component id="oc-153">
         <name>.debug_info</name>
         <load_address>0xb02f</load_address>
         <run_address>0xb02f</run_address>
         <size>0x1f0</size>
         <input_file_ref idref="fl-154"/>
      </object_component>
      <object_component id="oc-158">
         <name>.debug_info</name>
         <load_address>0xb21f</load_address>
         <run_address>0xb21f</run_address>
         <size>0x1e3</size>
         <input_file_ref idref="fl-155"/>
      </object_component>
      <object_component id="oc-15d">
         <name>.debug_info</name>
         <load_address>0xb402</load_address>
         <run_address>0xb402</run_address>
         <size>0x1dd</size>
         <input_file_ref idref="fl-159"/>
      </object_component>
      <object_component id="oc-162">
         <name>.debug_info</name>
         <load_address>0xb5df</load_address>
         <run_address>0xb5df</run_address>
         <size>0x1e3</size>
         <input_file_ref idref="fl-155"/>
      </object_component>
      <object_component id="oc-167">
         <name>.debug_info</name>
         <load_address>0xb7c2</load_address>
         <run_address>0xb7c2</run_address>
         <size>0x1eb</size>
         <input_file_ref idref="fl-159"/>
      </object_component>
      <object_component id="oc-16c">
         <name>.debug_info</name>
         <load_address>0xb9ad</load_address>
         <run_address>0xb9ad</run_address>
         <size>0x1e9</size>
         <input_file_ref idref="fl-159"/>
      </object_component>
      <object_component id="oc-171">
         <name>.debug_info</name>
         <load_address>0xbb96</load_address>
         <run_address>0xbb96</run_address>
         <size>0x1e4</size>
         <input_file_ref idref="fl-159"/>
      </object_component>
      <object_component id="oc-176">
         <name>.debug_info</name>
         <load_address>0xbd7a</load_address>
         <run_address>0xbd7a</run_address>
         <size>0x1dd</size>
         <input_file_ref idref="fl-159"/>
      </object_component>
      <object_component id="oc-17c">
         <name>.debug_info</name>
         <load_address>0xbf57</load_address>
         <run_address>0xbf57</run_address>
         <size>0x3c2</size>
         <input_file_ref idref="fl-156"/>
      </object_component>
      <object_component id="oc-180">
         <name>.debug_info</name>
         <load_address>0xc319</load_address>
         <run_address>0xc319</run_address>
         <size>0x1a8</size>
         <input_file_ref idref="fl-156"/>
      </object_component>
      <object_component id="oc-185">
         <name>.debug_info</name>
         <load_address>0xc4c1</load_address>
         <run_address>0xc4c1</run_address>
         <size>0x1df</size>
         <input_file_ref idref="fl-159"/>
      </object_component>
      <object_component id="oc-18a">
         <name>.debug_info</name>
         <load_address>0xc6a0</load_address>
         <run_address>0xc6a0</run_address>
         <size>0x28a</size>
         <input_file_ref idref="fl-153"/>
      </object_component>
      <object_component id="oc-18f">
         <name>.debug_info</name>
         <load_address>0xc92a</load_address>
         <run_address>0xc92a</run_address>
         <size>0x1ab</size>
         <input_file_ref idref="fl-153"/>
      </object_component>
      <object_component id="oc-194">
         <name>.debug_info</name>
         <load_address>0xcad5</load_address>
         <run_address>0xcad5</run_address>
         <size>0x233</size>
         <input_file_ref idref="fl-153"/>
      </object_component>
      <object_component id="oc-199">
         <name>.debug_info</name>
         <load_address>0xcd08</load_address>
         <run_address>0xcd08</run_address>
         <size>0x1ed</size>
         <input_file_ref idref="fl-153"/>
      </object_component>
      <object_component id="oc-19e">
         <name>.debug_info</name>
         <load_address>0xcef5</load_address>
         <run_address>0xcef5</run_address>
         <size>0x1b3</size>
         <input_file_ref idref="fl-153"/>
      </object_component>
      <object_component id="oc-1a3">
         <name>.debug_info</name>
         <load_address>0xd0a8</load_address>
         <run_address>0xd0a8</run_address>
         <size>0x1e3</size>
         <input_file_ref idref="fl-159"/>
      </object_component>
      <object_component id="oc-1a8">
         <name>.debug_info</name>
         <load_address>0xd28b</load_address>
         <run_address>0xd28b</run_address>
         <size>0x1dd</size>
         <input_file_ref idref="fl-159"/>
      </object_component>
      <object_component id="oc-1ad">
         <name>.debug_info</name>
         <load_address>0xd468</load_address>
         <run_address>0xd468</run_address>
         <size>0x24c</size>
         <input_file_ref idref="fl-158"/>
      </object_component>
      <object_component id="oc-1b2">
         <name>.debug_info</name>
         <load_address>0xd6b4</load_address>
         <run_address>0xd6b4</run_address>
         <size>0x1b2</size>
         <input_file_ref idref="fl-158"/>
      </object_component>
      <object_component id="oc-1b7">
         <name>.debug_info</name>
         <load_address>0xd866</load_address>
         <run_address>0xd866</run_address>
         <size>0x1b4</size>
         <input_file_ref idref="fl-158"/>
      </object_component>
      <object_component id="oc-1bc">
         <name>.debug_info</name>
         <load_address>0xda1a</load_address>
         <run_address>0xda1a</run_address>
         <size>0x1e9</size>
         <input_file_ref idref="fl-159"/>
      </object_component>
      <object_component id="oc-1c1">
         <name>.debug_info</name>
         <load_address>0xdc03</load_address>
         <run_address>0xdc03</run_address>
         <size>0x1ed</size>
         <input_file_ref idref="fl-155"/>
      </object_component>
      <object_component id="oc-1c6">
         <name>.debug_info</name>
         <load_address>0xddf0</load_address>
         <run_address>0xddf0</run_address>
         <size>0x1eb</size>
         <input_file_ref idref="fl-155"/>
      </object_component>
      <object_component id="oc-1cb">
         <name>.debug_info</name>
         <load_address>0xdfdb</load_address>
         <run_address>0xdfdb</run_address>
         <size>0x1f5</size>
         <input_file_ref idref="fl-155"/>
      </object_component>
      <object_component id="oc-1d0">
         <name>.debug_info</name>
         <load_address>0xe1d0</load_address>
         <run_address>0xe1d0</run_address>
         <size>0x1f3</size>
         <input_file_ref idref="fl-155"/>
      </object_component>
      <object_component id="oc-1d6">
         <name>.debug_info</name>
         <load_address>0xe3c3</load_address>
         <run_address>0xe3c3</run_address>
         <size>0xff</size>
         <input_file_ref idref="fl-155"/>
      </object_component>
      <object_component id="oc-1da">
         <name>.debug_info</name>
         <load_address>0xe4c2</load_address>
         <run_address>0xe4c2</run_address>
         <size>0x176</size>
         <input_file_ref idref="fl-15a"/>
      </object_component>
      <object_component id="oc-1df">
         <name>.debug_info</name>
         <load_address>0xe638</load_address>
         <run_address>0xe638</run_address>
         <size>0x90</size>
         <input_file_ref idref="fl-153"/>
      </object_component>
      <object_component id="oc-1e6">
         <name>.debug_info</name>
         <load_address>0xe6c8</load_address>
         <run_address>0xe6c8</run_address>
         <size>0x1c2</size>
         <input_file_ref idref="fl-157"/>
      </object_component>
      <object_component id="oc-1e8">
         <name>.debug_info</name>
         <load_address>0xe88a</load_address>
         <run_address>0xe88a</run_address>
         <size>0x1ba</size>
         <input_file_ref idref="fl-157"/>
      </object_component>
      <object_component id="oc-1ed">
         <name>.debug_info</name>
         <load_address>0xea44</load_address>
         <run_address>0xea44</run_address>
         <size>0x173</size>
         <input_file_ref idref="fl-15a"/>
      </object_component>
      <object_component id="oc-1f3">
         <name>.debug_info</name>
         <load_address>0xebb7</load_address>
         <run_address>0xebb7</run_address>
         <size>0x1d7</size>
         <input_file_ref idref="fl-159"/>
      </object_component>
      <object_component id="oc-1f6">
         <name>.debug_info</name>
         <load_address>0xed8e</load_address>
         <run_address>0xed8e</run_address>
         <size>0x1b5</size>
         <input_file_ref idref="fl-153"/>
      </object_component>
      <object_component id="oc-1fb">
         <name>.debug_info</name>
         <load_address>0xef43</load_address>
         <run_address>0xef43</run_address>
         <size>0x1ed</size>
         <input_file_ref idref="fl-153"/>
      </object_component>
      <object_component id="oc-200">
         <name>.debug_info</name>
         <load_address>0xf130</load_address>
         <run_address>0xf130</run_address>
         <size>0x25d</size>
         <input_file_ref idref="fl-153"/>
      </object_component>
      <object_component id="oc-205">
         <name>.debug_info</name>
         <load_address>0xf38d</load_address>
         <run_address>0xf38d</run_address>
         <size>0x153</size>
         <input_file_ref idref="fl-13f"/>
      </object_component>
      <object_component id="oc-20a">
         <name>.debug_info</name>
         <load_address>0xf4e0</load_address>
         <run_address>0xf4e0</run_address>
         <size>0xfc</size>
         <input_file_ref idref="fl-13c"/>
      </object_component>
      <object_component id="oc-20e">
         <name>.debug_info</name>
         <load_address>0xf5dc</load_address>
         <run_address>0xf5dc</run_address>
         <size>0x855</size>
         <input_file_ref idref="fl-13b"/>
      </object_component>
      <object_component id="oc-213">
         <name>.debug_info</name>
         <load_address>0xfe31</load_address>
         <run_address>0xfe31</run_address>
         <size>0x322</size>
         <input_file_ref idref="fl-13d"/>
      </object_component>
      <object_component id="oc-218">
         <name>.debug_info</name>
         <load_address>0x10153</load_address>
         <run_address>0x10153</run_address>
         <size>0x1ab</size>
         <input_file_ref idref="fl-153"/>
      </object_component>
      <object_component id="oc-21d">
         <name>.debug_info</name>
         <load_address>0x102fe</load_address>
         <run_address>0x102fe</run_address>
         <size>0x237</size>
         <input_file_ref idref="fl-153"/>
      </object_component>
      <object_component id="oc-222">
         <name>.debug_info</name>
         <load_address>0x10535</load_address>
         <run_address>0x10535</run_address>
         <size>0x2c</size>
         <input_file_ref idref="fl-3"/>
      </object_component>
      <object_component id="oc-227">
         <name>.debug_info</name>
         <load_address>0x10561</load_address>
         <run_address>0x10561</run_address>
         <size>0x462</size>
         <input_file_ref idref="fl-6"/>
      </object_component>
      <object_component id="oc-232">
         <name>.debug_info</name>
         <load_address>0x109c3</load_address>
         <run_address>0x109c3</run_address>
         <size>0x1c3</size>
         <input_file_ref idref="fl-156"/>
      </object_component>
      <object_component id="oc-23a">
         <name>.debug_info</name>
         <load_address>0x10b86</load_address>
         <run_address>0x10b86</run_address>
         <size>0x1d8</size>
         <input_file_ref idref="fl-158"/>
      </object_component>
      <object_component id="oc-23f">
         <name>.debug_info</name>
         <load_address>0x10d5e</load_address>
         <run_address>0x10d5e</run_address>
         <size>0x226</size>
         <input_file_ref idref="fl-155"/>
      </object_component>
      <object_component id="oc-244">
         <name>.debug_info</name>
         <load_address>0x10f84</load_address>
         <run_address>0x10f84</run_address>
         <size>0x217</size>
         <input_file_ref idref="fl-159"/>
      </object_component>
      <object_component id="oc-249">
         <name>.debug_info</name>
         <load_address>0x1119b</load_address>
         <run_address>0x1119b</run_address>
         <size>0x312</size>
         <input_file_ref idref="fl-159"/>
      </object_component>
      <object_component id="oc-252">
         <name>.debug_info</name>
         <load_address>0x114ad</load_address>
         <run_address>0x114ad</run_address>
         <size>0x10d</size>
         <input_file_ref idref="fl-159"/>
      </object_component>
      <object_component id="oc-259">
         <name>.debug_info</name>
         <load_address>0x115ba</load_address>
         <run_address>0x115ba</run_address>
         <size>0x1ce</size>
         <input_file_ref idref="fl-153"/>
      </object_component>
      <object_component id="oc-276">
         <name>.debug_info</name>
         <load_address>0x11788</load_address>
         <run_address>0x11788</run_address>
         <size>0x9f</size>
         <input_file_ref idref="fl-13f"/>
      </object_component>
      <object_component id="oc-279">
         <name>.debug_info</name>
         <load_address>0x11827</load_address>
         <run_address>0x11827</run_address>
         <size>0x101</size>
         <input_file_ref idref="fl-13b"/>
      </object_component>
      <object_component id="oc-27c">
         <name>.debug_info</name>
         <load_address>0x11928</load_address>
         <run_address>0x11928</run_address>
         <size>0x12c3</size>
         <input_file_ref idref="fl-141"/>
      </object_component>
      <object_component id="oc-281">
         <name>.debug_info</name>
         <load_address>0x12beb</load_address>
         <run_address>0x12beb</run_address>
         <size>0x17c</size>
         <input_file_ref idref="fl-13d"/>
      </object_component>
      <object_component id="oc-282">
         <name>.debug_info</name>
         <load_address>0x12d67</load_address>
         <run_address>0x12d67</run_address>
         <size>0x2c</size>
         <input_file_ref idref="fl-13d"/>
      </object_component>
      <object_component id="oc-287">
         <name>.debug_info</name>
         <load_address>0x12d93</load_address>
         <run_address>0x12d93</run_address>
         <size>0x4e</size>
         <input_file_ref idref="fl-3"/>
      </object_component>
      <object_component id="oc-28c">
         <name>.debug_info</name>
         <load_address>0x12de1</load_address>
         <run_address>0x12de1</run_address>
         <size>0x69</size>
         <input_file_ref idref="fl-13d"/>
      </object_component>
      <object_component id="oc-295">
         <name>.debug_info</name>
         <load_address>0x12e4a</load_address>
         <run_address>0x12e4a</run_address>
         <size>0xc8</size>
         <input_file_ref idref="fl-3"/>
      </object_component>
      <object_component id="oc-2a0">
         <name>.debug_info</name>
         <load_address>0x12f12</load_address>
         <run_address>0x12f12</run_address>
         <size>0x5f</size>
         <input_file_ref idref="fl-155"/>
      </object_component>
      <object_component id="oc-2b1">
         <name>.debug_info</name>
         <load_address>0x12f71</load_address>
         <run_address>0x12f71</run_address>
         <size>0x13a</size>
         <input_file_ref idref="fl-150"/>
      </object_component>
      <object_component id="oc-2b4">
         <name>.debug_info</name>
         <load_address>0x130ab</load_address>
         <run_address>0x130ab</run_address>
         <size>0xd5</size>
         <input_file_ref idref="fl-14d"/>
      </object_component>
      <object_component id="oc-2b8">
         <name>.debug_info</name>
         <load_address>0x13180</load_address>
         <run_address>0x13180</run_address>
         <size>0xdb</size>
         <input_file_ref idref="fl-148"/>
      </object_component>
      <object_component id="oc-2bc">
         <name>.debug_info</name>
         <load_address>0x1325b</load_address>
         <run_address>0x1325b</run_address>
         <size>0xed</size>
         <input_file_ref idref="fl-14a"/>
      </object_component>
      <object_component id="oc-2c0">
         <name>.debug_info</name>
         <load_address>0x13348</load_address>
         <run_address>0x13348</run_address>
         <size>0xed</size>
         <input_file_ref idref="fl-149"/>
      </object_component>
      <object_component id="oc-2c4">
         <name>.debug_info</name>
         <load_address>0x13435</load_address>
         <run_address>0x13435</run_address>
         <size>0xdd</size>
         <input_file_ref idref="fl-148"/>
      </object_component>
      <object_component id="oc-2c8">
         <name>.debug_info</name>
         <load_address>0x13512</load_address>
         <run_address>0x13512</run_address>
         <size>0xe1</size>
         <input_file_ref idref="fl-14b"/>
      </object_component>
      <object_component id="oc-2cc">
         <name>.debug_info</name>
         <load_address>0x135f3</load_address>
         <run_address>0x135f3</run_address>
         <size>0x177</size>
         <input_file_ref idref="fl-14e"/>
      </object_component>
      <object_component id="oc-2d1">
         <name>.debug_info</name>
         <load_address>0x1376a</load_address>
         <run_address>0x1376a</run_address>
         <size>0xdf</size>
         <input_file_ref idref="fl-14c"/>
      </object_component>
      <object_component id="oc-2d6">
         <name>.debug_info</name>
         <load_address>0x13849</load_address>
         <run_address>0x13849</run_address>
         <size>0xff</size>
         <input_file_ref idref="fl-147"/>
      </object_component>
      <object_component id="oc-2d9">
         <name>.debug_info</name>
         <load_address>0x13948</load_address>
         <run_address>0x13948</run_address>
         <size>0x111</size>
         <input_file_ref idref="fl-151"/>
      </object_component>
      <object_component id="oc-2e1">
         <name>.debug_info</name>
         <load_address>0x13a59</load_address>
         <run_address>0x13a59</run_address>
         <size>0x160</size>
         <input_file_ref idref="fl-14f"/>
      </object_component>
      <object_component id="oc-2e3">
         <name>.debug_info</name>
         <load_address>0x13bb9</load_address>
         <run_address>0x13bb9</run_address>
         <size>0x126</size>
         <input_file_ref idref="fl-143"/>
      </object_component>
      <object_component id="oc-2e8">
         <name>.debug_info</name>
         <load_address>0x13cdf</load_address>
         <run_address>0x13cdf</run_address>
         <size>0x26b</size>
         <input_file_ref idref="fl-141"/>
      </object_component>
      <object_component id="oc-2e9">
         <name>.debug_info</name>
         <load_address>0x13f4a</load_address>
         <run_address>0x13f4a</run_address>
         <size>0x86</size>
         <input_file_ref idref="fl-141"/>
      </object_component>
      <object_component id="oc-2ee">
         <name>.debug_info</name>
         <load_address>0x13fd0</load_address>
         <run_address>0x13fd0</run_address>
         <size>0x39</size>
         <input_file_ref idref="fl-141"/>
      </object_component>
      <object_component id="oc-2fd">
         <name>.debug_info</name>
         <load_address>0x14009</load_address>
         <run_address>0x14009</run_address>
         <size>0x101</size>
         <input_file_ref idref="fl-14e"/>
      </object_component>
      <object_component id="oc-301">
         <name>.debug_info</name>
         <load_address>0x1410a</load_address>
         <run_address>0x1410a</run_address>
         <size>0x10f</size>
         <input_file_ref idref="fl-152"/>
      </object_component>
      <object_component id="oc-307">
         <name>.debug_info</name>
         <load_address>0x14219</load_address>
         <run_address>0x14219</run_address>
         <size>0xa6</size>
         <input_file_ref idref="fl-14f"/>
      </object_component>
      <object_component id="oc-309">
         <name>.debug_info</name>
         <load_address>0x142bf</load_address>
         <run_address>0x142bf</run_address>
         <size>0xaf</size>
         <input_file_ref idref="fl-146"/>
      </object_component>
      <object_component id="oc-30b">
         <name>.debug_info</name>
         <load_address>0x1436e</load_address>
         <run_address>0x1436e</run_address>
         <size>0xc5</size>
         <input_file_ref idref="fl-143"/>
      </object_component>
      <object_component id="oc-30e">
         <name>.debug_info</name>
         <load_address>0x14433</load_address>
         <run_address>0x14433</run_address>
         <size>0x46</size>
         <input_file_ref idref="fl-141"/>
      </object_component>
      <object_component id="oc-316">
         <name>.debug_info</name>
         <load_address>0x14479</load_address>
         <run_address>0x14479</run_address>
         <size>0x9a</size>
         <input_file_ref idref="fl-152"/>
      </object_component>
      <object_component id="oc-31b">
         <name>.debug_info</name>
         <load_address>0x14513</load_address>
         <run_address>0x14513</run_address>
         <size>0xa3</size>
         <input_file_ref idref="fl-146"/>
      </object_component>
      <object_component id="oc-341">
         <name>.debug_info</name>
         <load_address>0x145b6</load_address>
         <run_address>0x145b6</run_address>
         <size>0xc1</size>
      </object_component>
      <object_component id="oc-11">
         <name>.debug_aranges</name>
         <load_address>0x0</load_address>
         <run_address>0x0</run_address>
         <size>0x20</size>
         <input_file_ref idref="fl-135"/>
      </object_component>
      <object_component id="oc-15">
         <name>.debug_aranges</name>
         <load_address>0x20</load_address>
         <run_address>0x20</run_address>
         <size>0x20</size>
         <input_file_ref idref="fl-136"/>
      </object_component>
      <object_component id="oc-1f">
         <name>.debug_aranges</name>
         <load_address>0x40</load_address>
         <run_address>0x40</run_address>
         <size>0x20</size>
         <input_file_ref idref="fl-137"/>
      </object_component>
      <object_component id="oc-2a">
         <name>.debug_aranges</name>
         <load_address>0x60</load_address>
         <run_address>0x60</run_address>
         <size>0x38</size>
         <input_file_ref idref="fl-2"/>
      </object_component>
      <object_component id="oc-31">
         <name>.debug_aranges</name>
         <load_address>0x98</load_address>
         <run_address>0x98</run_address>
         <size>0x28</size>
         <input_file_ref idref="fl-144"/>
      </object_component>
      <object_component id="oc-36">
         <name>.debug_aranges</name>
         <load_address>0xc0</load_address>
         <run_address>0xc0</run_address>
         <size>0x20</size>
         <input_file_ref idref="fl-142"/>
      </object_component>
      <object_component id="oc-3a">
         <name>.debug_aranges</name>
         <load_address>0xe0</load_address>
         <run_address>0xe0</run_address>
         <size>0x30</size>
         <input_file_ref idref="fl-139"/>
      </object_component>
      <object_component id="oc-42">
         <name>.debug_aranges</name>
         <load_address>0x110</load_address>
         <run_address>0x110</run_address>
         <size>0x20</size>
         <input_file_ref idref="fl-13a"/>
      </object_component>
      <object_component id="oc-52">
         <name>.debug_aranges</name>
         <load_address>0x130</load_address>
         <run_address>0x130</run_address>
         <size>0x20</size>
         <input_file_ref idref="fl-137"/>
      </object_component>
      <object_component id="oc-6c">
         <name>.debug_aranges</name>
         <load_address>0x150</load_address>
         <run_address>0x150</run_address>
         <size>0x20</size>
         <input_file_ref idref="fl-145"/>
      </object_component>
      <object_component id="oc-72">
[...]
         <object_component_ref idref="oc-b1"/>
      </symbol>
      <symbol id="sm-1cb">
         <name>GPIOEnable</name>
         <value>0x1235</value>
         <object_component_ref idref="oc-b1"/>
      </symbol>
      <symbol id="sm-1cc">
         <name>XTALControlPin</name>
         <value>0x1505</value>
         <object_component_ref idref="oc-b1"/>
      </symbol>
      <symbol id="sm-1cd">
         <name>ConfigureSleep</name>
         <value>0x1589</value>
         <object_component_ref idref="oc-b1"/>
      </symbol>
      <symbol id="sm-1ce">
         <name>wait_time</name>
         <value>0x112d</value>
         <object_component_ref idref="oc-b1"/>
      </symbol>
      <symbol id="sm-1cf">
         <name>LEDI2CEnable</name>
         <value>0x14b5</value>
         <object_component_ref idref="oc-b1"/>
      </symbol>
      <symbol id="sm-1d0">
         <name>write_2_byte_i2c</name>
         <value>0x1147</value>
         <object_component_ref idref="oc-b1"/>
      </symbol>
      <symbol id="sm-1d1">
         <name>Set_Timer0_Sleep</name>
         <value>0x1219</value>
         <object_component_ref idref="oc-b1"/>
      </symbol>
      <symbol id="sm-1d2">
         <name>PortFunctionInit</name>
         <value>0x1549</value>
         <object_component_ref idref="oc-b1"/>
      </symbol>
      <symbol id="sm-1e1">
         <name>_c_int00</name>
         <value>0x3b19</value>
         <object_component_ref idref="oc-10"/>
      </symbol>
      <symbol id="sm-1e2">
         <name>__stack</name>
         <value>0x20000000</value>
         <object_component_ref idref="oc-23"/>
      </symbol>
      <symbol id="sm-1f8">
         <name>__TI_decompress_none</name>
         <value>0x4063</value>
         <object_component_ref idref="oc-14"/>
      </symbol>
      <symbol id="sm-21a">
         <name>__TI_decompress_rle24</name>
         <value>0x4155</value>
         <object_component_ref idref="oc-1e"/>
      </symbol>
      <symbol id="sm-23c">
         <name>C$$EXIT</name>
         <value>0x3bed</value>
         <object_component_ref idref="oc-37"/>
      </symbol>
      <symbol id="sm-23d">
         <name>abort</name>
         <value>0x3bf1</value>
         <object_component_ref idref="oc-37"/>
      </symbol>
      <symbol id="sm-23e">
         <name>exit</name>
         <value>0x3bf9</value>
         <object_component_ref idref="oc-37"/>
      </symbol>
      <symbol id="sm-23f">
         <name>__TI_dtors_ptr</name>
         <value>0x20000818</value>
         <object_component_ref idref="oc-7c"/>
      </symbol>
      <symbol id="sm-240">
         <name>__TI_cleanup_ptr</name>
         <value>0x20000814</value>
         <object_component_ref idref="oc-7c"/>
      </symbol>
      <symbol id="sm-25a">
         <name>memcpy</name>
         <value>0x3519</value>
         <object_component_ref idref="oc-3f"/>
      </symbol>
      <symbol id="sm-25b">
         <name>__aeabi_memcpy</name>
         <value>0x3519</value>
         <object_component_ref idref="oc-3f"/>
      </symbol>
      <symbol id="sm-25c">
         <name>__aeabi_memcpy8</name>
         <value>0x3519</value>
         <object_component_ref idref="oc-3f"/>
      </symbol>
      <symbol id="sm-25d">
         <name>__aeabi_memcpy4</name>
         <value>0x3519</value>
         <object_component_ref idref="oc-3f"/>
      </symbol>
      <symbol id="sm-2ce">
         <name>_sys_memory</name>
         <value>0x20000828</value>
         <object_component_ref idref="oc-24"/>
      </symbol>
      <symbol id="sm-2cf">
         <name>free</name>
         <value>0x22df</value>
         <object_component_ref idref="oc-20d"/>
      </symbol>
      <symbol id="sm-2d0">
         <name>realloc</name>
         <value>0x239f</value>
         <object_component_ref idref="oc-20d"/>
      </symbol>
      <symbol id="sm-2d1">
         <name>memalign</name>
         <value>0x24a5</value>
         <object_component_ref idref="oc-20d"/>
      </symbol>
      <symbol id="sm-2d2">
         <name>calloc</name>
         <value>0x2585</value>
         <object_component_ref idref="oc-20d"/>
      </symbol>
      <symbol id="sm-2d3">
         <name>malloc</name>
         <value>0x227d</value>
         <object_component_ref idref="oc-20d"/>
      </symbol>
      <symbol id="sm-2d4">
         <name>minit</name>
         <value>0x21f1</value>
         <object_component_ref idref="oc-20d"/>
      </symbol>
      <symbol id="sm-2e2">
         <name>__aeabi_memset</name>
         <value>0x37ef</value>
         <object_component_ref idref="oc-209"/>
      </symbol>
      <symbol id="sm-2e3">
         <name>memset</name>
         <value>0x37f5</value>
         <object_component_ref idref="oc-209"/>
      </symbol>
      <symbol id="sm-2e4">
         <name>__aeabi_memset8</name>
         <value>0x37ef</value>
         <object_component_ref idref="oc-209"/>
      </symbol>
      <symbol id="sm-2e5">
         <name>__aeabi_memset4</name>
         <value>0x37ef</value>
         <object_component_ref idref="oc-209"/>
      </symbol>
      <symbol id="sm-2e6">
         <name>__aeabi_memclr8</name>
         <value>0x37ed</value>
         <object_component_ref idref="oc-209"/>
      </symbol>
      <symbol id="sm-2e7">
         <name>__aeabi_memclr4</name>
         <value>0x37ed</value>
         <object_component_ref idref="oc-209"/>
      </symbol>
      <symbol id="sm-2e8">
         <name>__aeabi_memclr</name>
         <value>0x37ed</value>
         <object_component_ref idref="oc-209"/>
      </symbol>
      <symbol id="sm-308">
         <name>snprintf</name>
         <value>0x35b5</value>
         <object_component_ref idref="oc-212"/>
      </symbol>
      <symbol id="sm-30f">
         <name>main_func_sp</name>
         <value>0x2000081c</value>
         <object_component_ref idref="oc-3c"/>
      </symbol>
      <symbol id="sm-31c">
         <name>strlen</name>
         <value>0x3f8d</value>
         <object_component_ref idref="oc-204"/>
      </symbol>
      <symbol id="sm-332">
         <name>_nop</name>
         <value>0x3f87</value>
         <object_component_ref idref="oc-fd"/>
      </symbol>
      <symbol id="sm-333">
         <name>_lock</name>
         <value>0x2000080c</value>
         <object_component_ref idref="oc-7a"/>
      </symbol>
      <symbol id="sm-334">
         <name>_unlock</name>
         <value>0x20000810</value>
         <object_component_ref idref="oc-7a"/>
      </symbol>
      <symbol id="sm-335">
         <name>_register_lock</name>
         <value>0x3f7f</value>
         <object_component_ref idref="oc-fd"/>
      </symbol>
      <symbol id="sm-336">
         <name>_register_unlock</name>
         <value>0x3f79</value>
         <object_component_ref idref="oc-fd"/>
      </symbol>
      <symbol id="sm-421">
         <name>__TI_printfi</name>
         <value>0xe23</value>
         <object_component_ref idref="oc-27b"/>
      </symbol>
      <symbol id="sm-434">
         <name>_args_main</name>
         <value>0x3f0d</value>
         <object_component_ref idref="oc-32"/>
      </symbol>
      <symbol id="sm-449">
         <name>atoi</name>
         <value>0x3a3d</value>
         <object_component_ref idref="oc-2e2"/>
      </symbol>
      <symbol id="sm-465">
         <name>__TI_auto_init</name>
         <value>0x364d</value>
         <object_component_ref idref="oc-2e"/>
      </symbol>
      <symbol id="sm-47d">
         <name>copy_in</name>
         <value>0x3ba9</value>
         <object_component_ref idref="oc-68"/>
      </symbol>
      <symbol id="sm-487">
         <name>_ctypes_</name>
         <value>0x4168</value>
         <object_component_ref idref="oc-308"/>
      </symbol>
      <symbol id="sm-49d">
         <name>__aeabi_dsub</name>
         <value>0x2df9</value>
         <object_component_ref idref="oc-2d4"/>
      </symbol>
      <symbol id="sm-49e">
         <name>__aeabi_dadd</name>
         <value>0x2e03</value>
         <object_component_ref idref="oc-2d4"/>
      </symbol>
      <symbol id="sm-4be">
         <name>__aeabi_cdcmpeq</name>
         <value>0x36e1</value>
         <object_component_ref idref="oc-2b7"/>
      </symbol>
      <symbol id="sm-4bf">
         <name>__aeabi_cdcmple</name>
         <value>0x36e1</value>
         <object_component_ref idref="oc-2b7"/>
      </symbol>
      <symbol id="sm-4c0">
         <name>__aeabi_cdrcmple</name>
         <value>0x3767</value>
         <object_component_ref idref="oc-2c3"/>
      </symbol>
      <symbol id="sm-4d3">
         <name>__aeabi_ddiv</name>
         <value>0x2faf</value>
         <object_component_ref idref="oc-2bf"/>
      </symbol>
      <symbol id="sm-4dd">
         <name>__aeabi_dmul</name>
         <value>0x332d</value>
         <object_component_ref idref="oc-2bb"/>
      </symbol>
      <symbol id="sm-4e6">
         <name>__aeabi_d2iz</name>
         <value>0x3b61</value>
         <object_component_ref idref="oc-2c7"/>
      </symbol>
      <symbol id="sm-4ef">
         <name>__aeabi_i2d</name>
         <value>0x3e65</value>
         <object_component_ref idref="oc-2d0"/>
      </symbol>
      <symbol id="sm-4f7">
         <name>__aeabi_lmul</name>
         <value>0x3f25</value>
         <object_component_ref idref="oc-2b3"/>
      </symbol>
      <symbol id="sm-505">
         <name>ltoa</name>
         <value>0x39e1</value>
         <object_component_ref idref="oc-2cb"/>
      </symbol>
      <symbol id="sm-514">
         <name>memccpy</name>
         <value>0x3ed9</value>
         <object_component_ref idref="oc-2dd"/>
      </symbol>
      <symbol id="sm-52f">
         <name>__aeabi_uldivmod</name>
         <value>0x2c05</value>
         <object_component_ref idref="oc-2af"/>
      </symbol>
      <symbol id="sm-538">
         <name>_Dclass</name>
         <value>0x4043</value>
         <object_component_ref idref="oc-2d8"/>
      </symbol>
      <symbol id="sm-549">
         <name>_Dtest</name>
         <value>0x3c31</value>
         <object_component_ref idref="oc-300"/>
      </symbol>
      <symbol id="sm-5aa">
         <name>UARTFIFODisable</name>
         <value>0x4107</value>
         <object_component_ref idref="oc-1f5"/>
      </symbol>
      <symbol id="sm-5ab">
         <name>UARTFlowControlSet</name>
         <value>0x4095</value>
         <object_component_ref idref="oc-198"/>
      </symbol>
      <symbol id="sm-5ac">
         <name>UARTConfigSetExpClk</name>
         <value>0x3cb7</value>
         <object_component_ref idref="oc-189"/>
      </symbol>
      <symbol id="sm-5ad">
         <name>UARTDisable</name>
         <value>0x3ebd</value>
         <object_component_ref idref="oc-193"/>
      </symbol>
      <symbol id="sm-5ae">
         <name>UARTBusy</name>
         <value>0x413b</value>
         <object_component_ref idref="oc-217"/>
      </symbol>
      <symbol id="sm-5af">
         <name>UARTCharPut</name>
         <value>0x40fd</value>
         <object_component_ref idref="oc-1ff"/>
      </symbol>
      <symbol id="sm-5b0">
         <name>UARTEnable</name>
         <value>0x3f65</value>
         <object_component_ref idref="oc-18e"/>
      </symbol>
      <symbol id="sm-5b1">
         <name>UARTFIFOEnable</name>
         <value>0x4111</value>
         <object_component_ref idref="oc-19d"/>
      </symbol>
      <symbol id="sm-5b2">
         <name>UARTCharGet</name>
         <value>0x40f3</value>
         <object_component_ref idref="oc-21c"/>
      </symbol>
      <symbol id="sm-5b3">
         <name>UARTBreakCtl</name>
         <value>0x3f51</value>
         <object_component_ref idref="oc-1fa"/>
      </symbol>
      <symbol id="sm-5ea">
         <name>TimerLoadSet</name>
         <value>0x4031</value>
         <object_component_ref idref="oc-bb"/>
      </symbol>
      <symbol id="sm-5eb">
         <name>TimerDisable</name>
         <value>0x3f3d</value>
         <object_component_ref idref="oc-d4"/>
      </symbol>
      <symbol id="sm-5ec">
         <name>TimerEnable</name>
         <value>0x4055</value>
         <object_component_ref idref="oc-cf"/>
      </symbol>
      <symbol id="sm-5ed">
         <name>TimerIntEnable</name>
         <value>0x4133</value>
         <object_component_ref idref="oc-c5"/>
      </symbol>
      <symbol id="sm-5ee">
         <name>TimerConfigure</name>
         <value>0x3985</value>
         <object_component_ref idref="oc-152"/>
      </symbol>
      <symbol id="sm-5ef">
         <name>TimerIntClear</name>
         <value>0x4163</value>
         <object_component_ref idref="oc-a2"/>
      </symbol>
      <symbol id="sm-67c">
         <name>SysCtlPeripheralDeepSleepEnable</name>
         <value>0x3d2d</value>
         <object_component_ref idref="oc-1cf"/>
      </symbol>
      <symbol id="sm-67d">
         <name>SysCtlClockSet</name>
         <value>0x3429</value>
         <object_component_ref idref="oc-148"/>
      </symbol>
      <symbol id="sm-67e">
         <name>SysCtlDelay</name>
         <value>0x414f</value>
         <object_component_ref idref="oc-118"/>
      </symbol>
      <symbol id="sm-67f">
         <name>SysCtlPeripheralEnable</name>
         <value>0x3d95</value>
         <object_component_ref idref="oc-14d"/>
      </symbol>
      <symbol id="sm-680">
         <name>SysCtlPeripheralDeepSleepDisable</name>
         <value>0x3cf9</value>
         <object_component_ref idref="oc-1ca"/>
      </symbol>
      <symbol id="sm-681">
         <name>SysCtlPeripheralSleepDisable</name>
         <value>0x3dfd</value>
         <object_component_ref idref="oc-1c0"/>
      </symbol>
      <symbol id="sm-682">
         <name>SysCtlClockGet</name>
         <value>0x3215</value>
         <object_component_ref idref="oc-b6"/>
      </symbol>
      <symbol id="sm-683">
         <name>SysCtlPeripheralDisable</name>
         <value>0x3d61</value>
         <object_component_ref idref="oc-157"/>
      </symbol>
      <symbol id="sm-684">
         <name>SysCtlPeripheralSleepEnable</name>
         <value>0x3e31</value>
         <object_component_ref idref="oc-1c5"/>
      </symbol>
      <symbol id="sm-685">
         <name>SysCtlPeripheralReady</name>
         <value>0x3dc9</value>
         <object_component_ref idref="oc-161"/>
      </symbol>
      <symbol id="sm-6c6">
         <name>SSIDataPut</name>
         <value>0x40d5</value>
         <object_component_ref idref="oc-119"/>
      </symbol>
      <symbol id="sm-6c7">
         <name>SSIDataGet</name>
         <value>0x4089</value>
         <object_component_ref idref="oc-12d"/>
      </symbol>
      <symbol id="sm-6c8">
         <name>SSIDataGetNonBlocking</name>
         <value>0x401f</value>
         <object_component_ref idref="oc-128"/>
      </symbol>
      <symbol id="sm-6c9">
         <name>SSIConfigSetExpClk</name>
         <value>0x3c75</value>
         <object_component_ref idref="oc-17a"/>
      </symbol>
      <symbol id="sm-6ca">
         <name>SSIEnable</name>
         <value>0x40e9</value>
         <object_component_ref idref="oc-123"/>
      </symbol>
      <symbol id="sm-6cb">
         <name>SSIBusy</name>
         <value>0x412b</value>
         <object_component_ref idref="oc-11e"/>
      </symbol>
      <symbol id="sm-6cc">
         <name>SSIDisable</name>
         <value>0x40df</value>
         <object_component_ref idref="oc-17f"/>
      </symbol>
      <symbol id="sm-70f">
         <name>IntEnable</name>
         <value>0x38c5</value>
         <object_component_ref idref="oc-ca"/>
      </symbol>
      <symbol id="sm-710">
         <name>IntDisable</name>
         <value>0x3865</value>
         <object_component_ref idref="oc-d9"/>
      </symbol>
      <symbol id="sm-711">
         <name>IntMasterDisable</name>
         <value>0x40c1</value>
         <object_component_ref idref="oc-de"/>
      </symbol>
      <symbol id="sm-712">
         <name>IntMasterEnable</name>
         <value>0x40cb</value>
         <object_component_ref idref="oc-c0"/>
      </symbol>
      <symbol id="sm-74c">
         <name>I2CMasterDataPut</name>
         <value>0x415f</value>
         <object_component_ref idref="oc-139"/>
      </symbol>
      <symbol id="sm-74d">
         <name>I2CMasterInitExpClk</name>
         <value>0x3ad1</value>
         <object_component_ref idref="oc-1ac"/>
      </symbol>
      <symbol id="sm-74e">
         <name>I2CMasterSlaveAddrSet</name>
         <value>0x4123</value>
         <object_component_ref idref="oc-134"/>
      </symbol>
      <symbol id="sm-74f">
         <name>I2CMasterControl</name>
         <value>0x415b</value>
         <object_component_ref idref="oc-13e"/>
      </symbol>
      <symbol id="sm-750">
         <name>I2CMasterBusy</name>
         <value>0x411b</value>
         <object_component_ref idref="oc-143"/>
      </symbol>
      <symbol id="sm-751">
         <name>I2CMasterEnable</name>
         <value>0x40b7</value>
         <object_component_ref idref="oc-1b1"/>
      </symbol>
      <symbol id="sm-752">
         <name>I2CMasterDisable</name>
         <value>0x40ad</value>
         <object_component_ref idref="oc-1b6"/>
      </symbol>
      <symbol id="sm-7c4">
         <name>GPIOPinConfigure</name>
         <value>0x3a89</value>
         <object_component_ref idref="oc-170"/>
      </symbol>
      <symbol id="sm-7c5">
         <name>GPIOPinTypeI2CSCL</name>
         <value>0x3fd7</value>
         <object_component_ref idref="oc-1a2"/>
      </symbol>
      <symbol id="sm-7c6">
         <name>GPIOPinTypeUSBAnalog</name>
         <value>0x400d</value>
         <object_component_ref idref="oc-1bb"/>
      </symbol>
      <symbol id="sm-7c7">
         <name>GPIOPinTypeI2C</name>
         <value>0x3fc5</value>
         <object_component_ref idref="oc-1a7"/>
      </symbol>
      <symbol id="sm-7c8">
         <name>GPIOPinTypeADC</name>
         <value>0x3fa1</value>
         <object_component_ref idref="oc-15c"/>
      </symbol>
      <symbol id="sm-7c9">
         <name>GPIOPinTypeGPIOInput</name>
         <value>0x3fb3</value>
         <object_component_ref idref="oc-16b"/>
      </symbol>
      <symbol id="sm-7ca">
         <name>GPIOPinTypeUART</name>
         <value>0x3ffb</value>
         <object_component_ref idref="oc-184"/>
      </symbol>
      <symbol id="sm-7cb">
         <name>GPIOPinTypeGPIOOutput</name>
         <value>0x3ef5</value>
         <object_component_ref idref="oc-166"/>
      </symbol>
      <symbol id="sm-7cc">
         <name>GPIOPinRead</name>
         <value>0x4143</value>
         <object_component_ref idref="oc-e8"/>
      </symbol>
      <symbol id="sm-7cd">
         <name>GPIODirModeSet</name>
         <value>0x3e93</value>
         <object_component_ref idref="oc-243"/>
      </symbol>
      <symbol id="sm-7ce">
         <name>GPIOPinWrite</name>
         <value>0x4149</value>
         <object_component_ref idref="oc-e3"/>
      </symbol>
      <symbol id="sm-7cf">
         <name>GPIOPadConfigSet</name>
         <value>0x30e5</value>
         <object_component_ref idref="oc-248"/>
      </symbol>
      <symbol id="sm-7d0">
         <name>GPIOPinTypeSSI</name>
         <value>0x3fe9</value>
         <object_component_ref idref="oc-175"/>
      </symbol>
      <symbol id="sm-7e0">
         <name>CPUcpsie</name>
         <value>0x407d</value>
         <object_component_ref idref="oc-1d9"/>
      </symbol>
      <symbol id="sm-7e1">
         <name>CPUcpsid</name>
         <value>0x4071</value>
         <object_component_ref idref="oc-1ec"/>
      </symbol>
      <symbol id="sm-7e2">
         <name>__TI_static_base__</name>
         <value>0x0</value>
      </symbol>
      <symbol id="sm-7e3">
         <name>__TI_args_main</name>
         <value>0x1</value>
      </symbol>
      <symbol id="sm-7e4">
         <name>SHT$$INIT_ARRAY$$Limit</name>
         <value>0x0</value>
      </symbol>
      <symbol id="sm-7e5">
         <name>SHT$$INIT_ARRAY$$Base</name>
         <value>0x0</value>
      </symbol>
   </symbol_table>
   <title>Link successful</title>
</link_info>
