******************************************************************************
                  TI ARM Linker PC v5.1.5                      
******************************************************************************
>> Linked Fri Jul 18 09:51:18 2014

OUTPUT FILE NAME:   <USB-DFU_LED_PATIENT_OFF.out>
ENTRY POINT SYMBOL: "_c_int00"  address: 00003b19


MEMORY CONFIGURATION

         name            origin    length      used     unused   attr    fill
----------------------  --------  ---------  --------  --------  ----  --------
  FLASH                 00000000   00040000  00004402  0003bbfe  R  X
  SRAM                  20000000   00008000  00000829  000077d7  RW X


SEGMENT ALLOCATION MAP

run origin  load origin   length   init length attrs members
----------  ----------- ---------- ----------- ----- -------
00000000    00000000    00004404   00004404    r-x
  00000000    00000000    0000026c   0000026c    r-- .intvecs
  0000026c    0000026c    00003efa   00003efa    r-x .text
  00004168    00004168    00000270   00000270    r-- .const
  000043d8    000043d8    0000002c   0000002c    r-- .cinit
20000000    20000000    00000830   00000000    rw-
  20000000    20000000    00000800   00000000    rw- .stack
  20000800    20000800    00000021   00000000    rw- .data
  20000828    20000828    00000008   00000000    rw- .sysmem


SECTION ALLOCATION MAP

 output                                  attributes/
section   page    origin      length       input sections
--------  ----  ----------  ----------   ----------------
.intvecs   0    00000000    0000026c     
                  00000000    0000026c     tm4c1233h6pm_startup_ccs.obj (.intvecs)

.init_array 
*          0    00000000    00000000     UNINITIALIZED

.text      0    0000026c    00003efa     
                  0000026c    00000ec0     rtsv7M4_T_le_v4SPD16_eabi.lib : _printfi.obj (.text)
                  0000112c    00000738     board.obj (.text)
                  00001864    000005aa     ineedmd_led.obj (.text)
                  00001e0e    00000002     --HOLE-- [fill = 0]
                  00001e10    000003e0     innedmd_adc.obj (.text)
                  000021f0    000003cc     rtsv7M4_T_le_v4SPD16_eabi.lib : memory.obj (.text)
                  000025bc    0000032c     ineedmd_bluetooth_radio.obj (.text)
                  000028e8    0000031c     main.obj (.text)
                  00002c04    000001f4     rtsv7M4_T_le_v4SPD16_eabi.lib : ull_div_t2.obj (.text)
                  00002df8    000001b6                                   : fd_add_t2.obj (.text)
                  00002fae    00000136                                   : fd_div_t2.obj (.text)
                  000030e4    00000130     driverlib.lib : gpio.obj (.text:GPIOPadConfigSet)
                  00003214    00000118                   : sysctl.obj (.text:SysCtlClockGet)
                  0000332c    000000fc     rtsv7M4_T_le_v4SPD16_eabi.lib : fd_mul_t2.obj (.text)
                  00003428    000000f0     driverlib.lib : sysctl.obj (.text:SysCtlClockSet)
                  00003518    0000009c     rtsv7M4_T_le_v4SPD16_eabi.lib : memcpy_t2.obj (.text)
                  000035b4    00000098                                   : snprintf.obj (.text)
                  0000364c    00000094                                   : auto_init.obj (.text)
                  000036e0    00000086                                   : fd_cmp_t2.obj (.text:__aeabi_cdcmple)
                  00003766    00000086                                   : fd_cmp_t2.obj (.text:__aeabi_cdrcmple)
                  000037ec    00000078                                   : memset_t2.obj (.text)
                  00003864    00000060     driverlib.lib : interrupt.obj (.text:IntDisable)
                  000038c4    00000060                   : interrupt.obj (.text:IntEnable)
                  00003924    0000005e     rtsv7M4_T_le_v4SPD16_eabi.lib : copy_decompress_rle.obj (.text)
                  00003982    00000002     --HOLE-- [fill = 0]
                  00003984    0000005c     driverlib.lib : timer.obj (.text:TimerConfigure)
                  000039e0    0000005a     rtsv7M4_T_le_v4SPD16_eabi.lib : ltoa.obj (.text)
                  00003a3a    00000002     --HOLE-- [fill = 0]
                  00003a3c    0000004c                                   : atoi.obj (.text)
                  00003a88    00000048     driverlib.lib : gpio.obj (.text:GPIOPinConfigure)
                  00003ad0    00000048                   : i2c.obj (.text:I2CMasterInitExpClk)
                  00003b18    00000048     rtsv7M4_T_le_v4SPD16_eabi.lib : boot.obj (.text)
                  00003b60    00000048                                   : fd_toi_t2.obj (.text)
                  00003ba8    00000044                                   : cpy_tbl.obj (.text)
                  00003bec    00000044                                   : exit.obj (.text)
                  00003c30    00000044                                   : xdtest.obj (.text)
                  00003c74    00000042     driverlib.lib : ssi.obj (.text:SSIConfigSetExpClk)
                  00003cb6    00000040                   : uart.obj (.text:UARTConfigSetExpClk)
                  00003cf6    00000002     --HOLE-- [fill = 0]
                  00003cf8    00000034                   : sysctl.obj (.text:SysCtlPeripheralDeepSleepDisable)
                  00003d2c    00000034                   : sysctl.obj (.text:SysCtlPeripheralDeepSleepEnable)
                  00003d60    00000034                   : sysctl.obj (.text:SysCtlPeripheralDisable)
                  00003d94    00000034                   : sysctl.obj (.text:SysCtlPeripheralEnable)
                  00003dc8    00000034                   : sysctl.obj (.text:SysCtlPeripheralReady)
                  00003dfc    00000034                   : sysctl.obj (.text:SysCtlPeripheralSleepDisable)
                  00003e30    00000034                   : sysctl.obj (.text:SysCtlPeripheralSleepEnable)
                  00003e64    0000002e     rtsv7M4_T_le_v4SPD16_eabi.lib : i_tofd_t2.obj (.text)
                  00003e92    0000002a     driverlib.lib : gpio.obj (.text:GPIODirModeSet)
                  00003ebc    0000001c                   : uart.obj (.text:UARTDisable)
                  00003ed8    0000001c     rtsv7M4_T_le_v4SPD16_eabi.lib : memccpy.obj (.text)
                  00003ef4    00000018     driverlib.lib : gpio.obj (.text:GPIOPinTypeGPIOOutput)
                  00003f0c    00000018     rtsv7M4_T_le_v4SPD16_eabi.lib : args_main.obj (.text)
                  00003f24    00000018                                   : ll_mul_t2.obj (.text)
                  00003f3c    00000014     driverlib.lib : timer.obj (.text:TimerDisable)
                  00003f50    00000014                   : uart.obj (.text:UARTBreakCtl)
                  00003f64    00000014                   : uart.obj (.text:UARTEnable)
                  00003f78    00000014     rtsv7M4_T_le_v4SPD16_eabi.lib : _lock.obj (.text)
                  00003f8c    00000014                                   : strlen.obj (.text)
                  00003fa0    00000012     driverlib.lib : gpio.obj (.text:GPIOPinTypeADC)
                  00003fb2    00000012                   : gpio.obj (.text:GPIOPinTypeGPIOInput)
                  00003fc4    00000012                   : gpio.obj (.text:GPIOPinTypeI2C)
                  00003fd6    00000012                   : gpio.obj (.text:GPIOPinTypeI2CSCL)
                  00003fe8    00000012                   : gpio.obj (.text:GPIOPinTypeSSI)
                  00003ffa    00000012                   : gpio.obj (.text:GPIOPinTypeUART)
                  0000400c    00000012                   : gpio.obj (.text:GPIOPinTypeUSBAnalog)
                  0000401e    00000012                   : ssi.obj (.text:SSIDataGetNonBlocking)
                  00004030    00000012                   : timer.obj (.text:TimerLoadSet)
                  00004042    00000012     rtsv7M4_T_le_v4SPD16_eabi.lib : xdclass.obj (.text)
                  00004054    0000000e     driverlib.lib : timer.obj (.text:TimerEnable)
                  00004062    0000000e     rtsv7M4_T_le_v4SPD16_eabi.lib : copy_decompress_none.obj (.text:decompress:none)
                  00004070    0000000c     driverlib.lib : cpu.obj (.text:CPUcpsid)
                  0000407c    0000000c                   : cpu.obj (.text:CPUcpsie)
                  00004088    0000000c                   : ssi.obj (.text:SSIDataGet)
                  00004094    0000000c                   : uart.obj (.text:UARTFlowControlSet)
                  000040a0    0000000c     tm4c1233h6pm_startup_ccs.obj (.text)
                  000040ac    0000000a     driverlib.lib : i2c.obj (.text:I2CMasterDisable)
                  000040b6    0000000a                   : i2c.obj (.text:I2CMasterEnable)
                  000040c0    0000000a                   : interrupt.obj (.text:IntMasterDisable)
                  000040ca    0000000a                   : interrupt.obj (.text:IntMasterEnable)
                  000040d4    0000000a                   : ssi.obj (.text:SSIDataPut)
                  000040de    0000000a                   : ssi.obj (.text:SSIDisable)
                  000040e8    0000000a                   : ssi.obj (.text:SSIEnable)
                  000040f2    0000000a                   : uart.obj (.text:UARTCharGet)
                  000040fc    0000000a                   : uart.obj (.text:UARTCharPut)
                  00004106    0000000a                   : uart.obj (.text:UARTFIFODisable)
                  00004110    0000000a                   : uart.obj (.text:UARTFIFOEnable)
                  0000411a    00000008                   : i2c.obj (.text:I2CMasterBusy)
                  00004122    00000008                   : i2c.obj (.text:I2CMasterSlaveAddrSet)
                  0000412a    00000008                   : ssi.obj (.text:SSIBusy)
                  00004132    00000008                   : timer.obj (.text:TimerIntEnable)
                  0000413a    00000008                   : uart.obj (.text:UARTBusy)
                  00004142    00000006                   : gpio.obj (.text:GPIOPinRead)
                  00004148    00000006                   : gpio.obj (.text:GPIOPinWrite)
                  0000414e    00000006                   : sysctl.obj (.text:SysCtlDelay)
                  00004154    00000006     rtsv7M4_T_le_v4SPD16_eabi.lib : copy_decompress_rle.obj (.text:decompress:rle24)
                  0000415a    00000004     driverlib.lib : i2c.obj (.text:I2CMasterControl)
                  0000415e    00000004                   : i2c.obj (.text:I2CMasterDataPut)
                  00004162    00000004                   : timer.obj (.text:TimerIntClear)

.const     0    00004168    00000270     
                  00004168    00000102     rtsv7M4_T_le_v4SPD16_eabi.lib : ctype.obj (.const:.string:_ctypes_)
                  0000426a    00000002     --HOLE-- [fill = 0]
                  0000426c    00000090     driverlib.lib : gpio.obj (.const:g_pui32GPIOBaseAddrs)
                  000042fc    00000070                   : interrupt.obj (.const)
                  0000436c    0000006c                   : sysctl.obj (.const:g_pui32Xtals)

.cinit     0    000043d8    0000002c     
                  000043d8    0000001b     (.cinit..data.load) [load image, compression = rle]
                  000043f3    00000001     --HOLE-- [fill = 0]
                  000043f4    00000008     (__TI_handler_table)
                  000043fc    00000008     (__TI_cinit_table)

.stack     0    20000000    00000800     UNINITIALIZED
                  20000000    00000800     --HOLE--

.data      0    20000800    00000021     UNINITIALIZED
                  20000800    0000000c     rtsv7M4_T_le_v4SPD16_eabi.lib : memory.obj (.data)
                  2000080c    00000008                                   : _lock.obj (.data)
                  20000814    00000008                                   : exit.obj (.data)
                  2000081c    00000004                                   : stkdepth_vars.obj (.data)
                  20000820    00000001     main.obj (.data)

.sysmem    0    20000828    00000008     UNINITIALIZED
                  20000828    00000008     rtsv7M4_T_le_v4SPD16_eabi.lib : memory.obj (.sysmem)


LINKER GENERATED COPY TABLES

__TI_cinit_table @ 000043fc records: 1, size/record: 8, table size: 8
	.data: load addr=000043d8, load size=0000001b bytes, run addr=20000800, run size=00000021 bytes, compression=rle


LINKER GENERATED HANDLER TABLE

__TI_handler_table @ 000043f4 records: 2, size/record: 4, table size: 8
	index: 0, handler: __TI_decompress_rle24
	index: 1, handler: __TI_decompress_none


GLOBAL SYMBOLS: SORTED ALPHABETICALLY BY Name 

address    name
--------   ----
0000129f   BatMeasureADCDisable
00001285   BatMeasureADCEnable
00003bed   C$$EXIT
00004071   CPUcpsid
0000407d   CPUcpsie
000016c9   ConfigureHibernation
00001589   ConfigureSleep
0000135b   EKGSPIDisable
000012b3   EKGSPIEnable
00003e93   GPIODirModeSet
0000125d   GPIODisable
00001235   GPIOEnable
000030e5   GPIOPadConfigSet
00003a89   GPIOPinConfigure
00004143   GPIOPinRead
00003fa1   GPIOPinTypeADC
00003fb3   GPIOPinTypeGPIOInput
00003ef5   GPIOPinTypeGPIOOutput
00003fc5   GPIOPinTypeI2C
00003fd7   GPIOPinTypeI2CSCL
00003fe9   GPIOPinTypeSSI
00003ffb   GPIOPinTypeUART
0000400d   GPIOPinTypeUSBAnalog
00004149   GPIOPinWrite
0000411b   I2CMasterBusy
0000415b   I2CMasterControl
0000415f   I2CMasterDataPut
000040ad   I2CMasterDisable
000040b7   I2CMasterEnable
00003ad1   I2CMasterInitExpClk
00004123   I2CMasterSlaveAddrSet
00003865   IntDisable
000038c5   IntEnable
000040c1   IntMasterDisable
000040cb   IntMasterEnable
000014f5   LEDI2CDisable
000014b5   LEDI2CEnable
00001549   PortFunctionInit
0000122b   PowerInitFunction
000013fd   RadioUARTDisable
0000136b   RadioUARTEnable
000040a1   ResetISR
0000149f   SDCardSPIDisable
00001439   SDCardSPIInit
UNDEFED    SHT$$INIT_ARRAY$$Base
UNDEFED    SHT$$INIT_ARRAY$$Limit
0000412b   SSIBusy
00003c75   SSIConfigSetExpClk
00004089   SSIDataGet
0000401f   SSIDataGetNonBlocking
000040d5   SSIDataPut
000040df   SSIDisable
000040e9   SSIEnable
00001219   Set_Timer0_Sleep
00003215   SysCtlClockGet
00003429   SysCtlClockSet
0000414f   SysCtlDelay
00003cf9   SysCtlPeripheralDeepSleepDisable
00003d2d   SysCtlPeripheralDeepSleepEnable
00003d61   SysCtlPeripheralDisable
00003d95   SysCtlPeripheralEnable
00003dc9   SysCtlPeripheralReady
00003dfd   SysCtlPeripheralSleepDisable
00003e31   SysCtlPeripheralSleepEnable
000028e9   Timer0BIntHandler
00003985   TimerConfigure
00003f3d   TimerDisable
00004055   TimerEnable
00004163   TimerIntClear
00004133   TimerIntEnable
00004031   TimerLoadSet
00003f51   UARTBreakCtl
0000413b   UARTBusy
000040f3   UARTCharGet
000040fd   UARTCharPut
00003cb7   UARTConfigSetExpClk
00003ebd   UARTDisable
00003f65   UARTEnable
00004107   UARTFIFODisable
00004111   UARTFIFOEnable
00004095   UARTFlowControlSet
00001531   USBPortDisable
00001511   USBPortEnable
00001505   XTALControlPin
00004043   _Dclass
00003c31   _Dtest
20000800   __STACK_END
00000800   __STACK_SIZE
20000200   __STACK_TOP
00000008   __SYSMEM_SIZE
000043fc   __TI_CINIT_Base
00004404   __TI_CINIT_Limit
000043f4   __TI_Handler_Table_Base
000043fc   __TI_Handler_Table_Limit
00000001   __TI_args_main
0000364d   __TI_auto_init
20000814   __TI_cleanup_ptr
00004063   __TI_decompress_none
00004155   __TI_decompress_rle24
20000818   __TI_dtors_ptr
00000e23   __TI_printfi
00000000   __TI_static_base__
000036e1   __aeabi_cdcmpeq
000036e1   __aeabi_cdcmple
00003767   __aeabi_cdrcmple
00003b61   __aeabi_d2iz
00002e03   __aeabi_dadd
00002faf   __aeabi_ddiv
0000332d   __aeabi_dmul
00002df9   __aeabi_dsub
00003e65   __aeabi_i2d
00003f25   __aeabi_lmul
000037ed   __aeabi_memclr
000037ed   __aeabi_memclr4
000037ed   __aeabi_memclr8
00003519   __aeabi_memcpy
00003519   __aeabi_memcpy4
00003519   __aeabi_memcpy8
000037ef   __aeabi_memset
000037ef   __aeabi_memset4
000037ef   __aeabi_memset8
00002c05   __aeabi_uldivmod
ffffffff   __binit__
ffffffff   __c_args__
20000000   __stack
00003f0d   _args_main
00003b19   _c_int00
00004168   _ctypes_
2000080c   _lock
00003f87   _nop
00003f7f   _register_lock
00003f79   _register_unlock
20000828   _sys_memory
20000810   _unlock
00003bf1   abort
00003a3d   atoi
ffffffff   binit
0000265b   bluetooth_setup
00002585   calloc
00002b07   check_battery
00002a11   check_for_update
00003ba9   copy_in
00003bf9   exit
000022df   free
00000000   g_pfnVectors
0000295b   hold_until_short_removed
000021bf   iADC_setup
0000140d   iRadio_Power_On
0000141d   iRadio_interface_enable
000021bd   ineedmd_adc_12_Lead_Config
000021bb   ineedmd_adc_3_Lead_Config
0000210f   ineedmd_adc_Check_Lead_Off
0000213b   ineedmd_adc_Check_RLD_Lead
00002155   ineedmd_adc_Check_Update
00002193   ineedmd_adc_Enable_Lead_Detect
00002105   ineedmd_adc_Get_ID
00001e11   ineedmd_adc_Hard_Reset
00001ebb   ineedmd_adc_Power_Off
00001ea1   ineedmd_adc_Power_On
00002089   ineedmd_adc_Receive_Data
00001f0d   ineedmd_adc_Register_Read
00001fa1   ineedmd_adc_Register_Write
0000207f   ineedmd_adc_Request_Data
00001ed7   ineedmd_adc_Send_Command
0000216f   ineedmd_adc_Set_Sample_Rate
00001e6d   ineedmd_adc_Start_Continuous_Conv
00002059   ineedmd_adc_Start_High
00002017   ineedmd_adc_Start_Internal_Reference
00002069   ineedmd_adc_Start_Low
00001e39   ineedmd_adc_Stop_Continuous_Conv
00002057   ineedmd_adc_Stop_Internal_Reference
00001865   ineedmd_led_pattern
000025bd   ineedmd_radio_power
000025e9   ineedmd_radio_reset
00002631   ineedmd_radio_send_string
0000260f   ineedmd_radio_soft_reset
000028fd   led_test
000039e1   ltoa
00002b4f   main
2000081c   main_func_sp
0000227d   malloc
000024a5   memalign
00003ed9   memccpy
00003519   memcpy
000037f5   memset
000021f1   minit
0000239f   realloc
0000119b   set_system_speed
000035b5   snprintf
00003f8d   strlen
0000112d   wait_time
00001147   write_2_byte_i2c


GLOBAL SYMBOLS: SORTED BY Symbol Address 

address    name
--------   ----
00000000   __TI_static_base__
00000000   g_pfnVectors
00000001   __TI_args_main
00000008   __SYSMEM_SIZE
00000800   __STACK_SIZE
00000e23   __TI_printfi
0000112d   wait_time
00001147   write_2_byte_i2c
0000119b   set_system_speed
00001219   Set_Timer0_Sleep
0000122b   PowerInitFunction
00001235   GPIOEnable
0000125d   GPIODisable
00001285   BatMeasureADCEnable
0000129f   BatMeasureADCDisable
000012b3   EKGSPIEnable
0000135b   EKGSPIDisable
0000136b   RadioUARTEnable
000013fd   RadioUARTDisable
0000140d   iRadio_Power_On
0000141d   iRadio_interface_enable
00001439   SDCardSPIInit
0000149f   SDCardSPIDisable
000014b5   LEDI2CEnable
000014f5   LEDI2CDisable
00001505   XTALControlPin
00001511   USBPortEnable
00001531   USBPortDisable
00001549   PortFunctionInit
00001589   ConfigureSleep
000016c9   ConfigureHibernation
00001865   ineedmd_led_pattern
00001e11   ineedmd_adc_Hard_Reset
00001e39   ineedmd_adc_Stop_Continuous_Conv
00001e6d   ineedmd_adc_Start_Continuous_Conv
00001ea1   ineedmd_adc_Power_On
00001ebb   ineedmd_adc_Power_Off
00001ed7   ineedmd_adc_Send_Command
00001f0d   ineedmd_adc_Register_Read
00001fa1   ineedmd_adc_Register_Write
00002017   ineedmd_adc_Start_Internal_Reference
00002057   ineedmd_adc_Stop_Internal_Reference
00002059   ineedmd_adc_Start_High
00002069   ineedmd_adc_Start_Low
0000207f   ineedmd_adc_Request_Data
00002089   ineedmd_adc_Receive_Data
00002105   ineedmd_adc_Get_ID
0000210f   ineedmd_adc_Check_Lead_Off
0000213b   ineedmd_adc_Check_RLD_Lead
00002155   ineedmd_adc_Check_Update
0000216f   ineedmd_adc_Set_Sample_Rate
00002193   ineedmd_adc_Enable_Lead_Detect
000021bb   ineedmd_adc_3_Lead_Config
000021bd   ineedmd_adc_12_Lead_Config
000021bf   iADC_setup
000021f1   minit
0000227d   malloc
000022df   free
0000239f   realloc
000024a5   memalign
00002585   calloc
000025bd   ineedmd_radio_power
000025e9   ineedmd_radio_reset
0000260f   ineedmd_radio_soft_reset
00002631   ineedmd_radio_send_string
0000265b   bluetooth_setup
000028e9   Timer0BIntHandler
000028fd   led_test
0000295b   hold_until_short_removed
00002a11   check_for_update
00002b07   check_battery
00002b4f   main
00002c05   __aeabi_uldivmod
00002df9   __aeabi_dsub
00002e03   __aeabi_dadd
00002faf   __aeabi_ddiv
000030e5   GPIOPadConfigSet
00003215   SysCtlClockGet
0000332d   __aeabi_dmul
00003429   SysCtlClockSet
00003519   __aeabi_memcpy
00003519   __aeabi_memcpy4
00003519   __aeabi_memcpy8
00003519   memcpy
000035b5   snprintf
0000364d   __TI_auto_init
000036e1   __aeabi_cdcmpeq
000036e1   __aeabi_cdcmple
00003767   __aeabi_cdrcmple
000037ed   __aeabi_memclr
000037ed   __aeabi_memclr4
000037ed   __aeabi_memclr8
000037ef   __aeabi_memset
000037ef   __aeabi_memset4
000037ef   __aeabi_memset8
000037f5   memset
00003865   IntDisable
000038c5   IntEnable
00003985   TimerConfigure
000039e1   ltoa
00003a3d   atoi
00003a89   GPIOPinConfigure
00003ad1   I2CMasterInitExpClk
00003b19   _c_int00
00003b61   __aeabi_d2iz
00003ba9   copy_in
00003bed   C$$EXIT
00003bf1   abort
00003bf9   exit
00003c31   _Dtest
00003c75   SSIConfigSetExpClk
00003cb7   UARTConfigSetExpClk
00003cf9   SysCtlPeripheralDeepSleepDisable
00003d2d   SysCtlPeripheralDeepSleepEnable
00003d61   SysCtlPeripheralDisable
00003d95   SysCtlPeripheralEnable
00003dc9   SysCtlPeripheralReady
00003dfd   SysCtlPeripheralSleepDisable
00003e31   SysCtlPeripheralSleepEnable
00003e65   __aeabi_i2d
00003e93   GPIODirModeSet
00003ebd   UARTDisable
00003ed9   memccpy
00003ef5   GPIOPinTypeGPIOOutput
00003f0d   _args_main
00003f25   __aeabi_lmul
00003f3d   TimerDisable
00003f51   UARTBreakCtl
00003f65   UARTEnable
00003f79   _register_unlock
00003f7f   _register_lock
00003f87   _nop
00003f8d   strlen
00003fa1   GPIOPinTypeADC
00003fb3   GPIOPinTypeGPIOInput
00003fc5   GPIOPinTypeI2C
00003fd7   GPIOPinTypeI2CSCL
00003fe9   GPIOPinTypeSSI
00003ffb   GPIOPinTypeUART
0000400d   GPIOPinTypeUSBAnalog
0000401f   SSIDataGetNonBlocking
00004031   TimerLoadSet
00004043   _Dclass
00004055   TimerEnable
00004063   __TI_decompress_none
00004071   CPUcpsid
0000407d   CPUcpsie
00004089   SSIDataGet
00004095   UARTFlowControlSet
000040a1   ResetISR
000040ad   I2CMasterDisable
000040b7   I2CMasterEnable
000040c1   IntMasterDisable
000040cb   IntMasterEnable
000040d5   SSIDataPut
000040df   SSIDisable
000040e9   SSIEnable
000040f3   UARTCharGet
000040fd   UARTCharPut
00004107   UARTFIFODisable
00004111   UARTFIFOEnable
0000411b   I2CMasterBusy
00004123   I2CMasterSlaveAddrSet
0000412b   SSIBusy
00004133   TimerIntEnable
0000413b   UARTBusy
00004143   GPIOPinRead
00004149   GPIOPinWrite
0000414f   SysCtlDelay
00004155   __TI_decompress_rle24
0000415b   I2CMasterControl
0000415f   I2CMasterDataPut
00004163   TimerIntClear
00004168   _ctypes_
000043f4   __TI_Handler_Table_Base
000043fc   __TI_CINIT_Base
000043fc   __TI_Handler_Table_Limit
00004404   __TI_CINIT_Limit
20000000   __stack
20000200   __STACK_TOP
20000800   __STACK_END
2000080c   _lock
20000810   _unlock
20000814   __TI_cleanup_ptr
20000818   __TI_dtors_ptr
2000081c   main_func_sp
20000828   _sys_memory
ffffffff   __binit__
ffffffff   __c_args__
ffffffff   binit
UNDEFED    SHT$$INIT_ARRAY$$Base
UNDEFED    SHT$$INIT_ARRAY$$Limit

[192 symbols]
