******************************************************************************
                  TI ARM Linker PC v5.1.5                      
******************************************************************************
>> Linked Fri Jul 18 09:04:57 2014

OUTPUT FILE NAME:   <USB-DFU_LED_PATIENT_OFF.out>
ENTRY POINT SYMBOL: "_c_int00"  address: 00001eb1


MEMORY CONFIGURATION

         name            origin    length      used     unused   attr    fill
----------------------  --------  ---------  --------  --------  ----  --------
  FLASH                 00000000   00040000  00002576  0003da8a  R  X
  SRAM                  20000000   00008000  00000815  000077eb  RW X


SEGMENT ALLOCATION MAP

run origin  load origin   length   init length attrs members
----------  ----------- ---------- ----------- ----- -------
00000000    00000000    00002578   00002578    r-x
  00000000    00000000    0000026c   0000026c    r-- .intvecs
  0000026c    0000026c    0000217e   0000217e    r-x .text
  000023ec    000023ec    0000016c   0000016c    r-- .const
  00002558    00002558    00000020   00000020    r-- .cinit
20000000    20000000    00000815   00000000    rw-
  20000000    20000000    00000800   00000000    rw- .stack
  20000800    20000800    00000015   00000000    rw- .data


SECTION ALLOCATION MAP

 output                                  attributes/
section   page    origin      length       input sections
--------  ----  ----------  ----------   ----------------
.intvecs   0    00000000    0000026c     
                  00000000    0000026c     tm4c1233h6pm_startup_ccs.obj (.intvecs)

.init_array 
*          0    00000000    00000000     UNINITIALIZED

.text      0    0000026c    0000217e     
                  0000026c    000006fc     board.obj (.text)
                  00000968    000005ce     ineedmd_led.obj (.text)
                  00000f36    00000002     --HOLE-- [fill = 0]
                  00000f38    0000046c     main.obj (.text)
                  000013a4    000003e0     innedmd_adc.obj (.text)
                  00001784    00000130     driverlib.lib : gpio.obj (.text:GPIOPadConfigSet)
                  000018b4    00000118                   : sysctl.obj (.text:SysCtlClockGet)
                  000019cc    000000f0                   : sysctl.obj (.text:SysCtlClockSet)
                  00001abc    000000b8     ineedmd_bluetooth_radio.obj (.text)
                  00001b74    0000009c     rtsv7M4_T_le_v4SPD16_eabi.lib : memcpy_t2.obj (.text)
                  00001c10    00000094                                   : auto_init.obj (.text)
                  00001ca4    00000060     driverlib.lib : interrupt.obj (.text:IntDisable)
                  00001d04    00000060                   : interrupt.obj (.text:IntEnable)
                  00001d64    0000005e     rtsv7M4_T_le_v4SPD16_eabi.lib : copy_decompress_rle.obj (.text)
                  00001dc2    00000002     --HOLE-- [fill = 0]
                  00001dc4    0000005c     driverlib.lib : timer.obj (.text:TimerConfigure)
                  00001e20    00000048                   : gpio.obj (.text:GPIOPinConfigure)
                  00001e68    00000048                   : i2c.obj (.text:I2CMasterInitExpClk)
                  00001eb0    00000048     rtsv7M4_T_le_v4SPD16_eabi.lib : boot.obj (.text)
                  00001ef8    00000044                                   : cpy_tbl.obj (.text)
                  00001f3c    00000044                                   : exit.obj (.text)
                  00001f80    00000042     driverlib.lib : ssi.obj (.text:SSIConfigSetExpClk)
                  00001fc2    00000040                   : uart.obj (.text:UARTConfigSetExpClk)
                  00002002    00000002     --HOLE-- [fill = 0]
                  00002004    00000034                   : sysctl.obj (.text:SysCtlPeripheralDeepSleepDisable)
                  00002038    00000034                   : sysctl.obj (.text:SysCtlPeripheralDeepSleepEnable)
                  0000206c    00000034                   : sysctl.obj (.text:SysCtlPeripheralDisable)
                  000020a0    00000034                   : sysctl.obj (.text:SysCtlPeripheralEnable)
                  000020d4    00000034                   : sysctl.obj (.text:SysCtlPeripheralReady)
                  00002108    00000034                   : sysctl.obj (.text:SysCtlPeripheralSleepDisable)
                  0000213c    00000034                   : sysctl.obj (.text:SysCtlPeripheralSleepEnable)
                  00002170    0000002a                   : gpio.obj (.text:GPIODirModeSet)
                  0000219a    00000002     --HOLE-- [fill = 0]
                  0000219c    0000001c                   : uart.obj (.text:UARTDisable)
                  000021b8    00000018                   : gpio.obj (.text:GPIOPinTypeGPIOOutput)
                  000021d0    00000018     rtsv7M4_T_le_v4SPD16_eabi.lib : args_main.obj (.text)
                  000021e8    00000014     driverlib.lib : timer.obj (.text:TimerDisable)
                  000021fc    00000014                   : uart.obj (.text:UARTBreakCtl)
                  00002210    00000014                   : uart.obj (.text:UARTEnable)
                  00002224    00000014     rtsv7M4_T_le_v4SPD16_eabi.lib : _lock.obj (.text)
                  00002238    00000014                                   : strlen.obj (.text)
                  0000224c    00000012     driverlib.lib : gpio.obj (.text:GPIOPinTypeADC)
                  0000225e    00000012                   : gpio.obj (.text:GPIOPinTypeGPIOInput)
                  00002270    00000012                   : gpio.obj (.text:GPIOPinTypeI2C)
                  00002282    00000012                   : gpio.obj (.text:GPIOPinTypeI2CSCL)
                  00002294    00000012                   : gpio.obj (.text:GPIOPinTypeSSI)
                  000022a6    00000012                   : gpio.obj (.text:GPIOPinTypeUART)
                  000022b8    00000012                   : gpio.obj (.text:GPIOPinTypeUSBAnalog)
                  000022ca    00000012                   : ssi.obj (.text:SSIDataGetNonBlocking)
                  000022dc    00000012                   : timer.obj (.text:TimerLoadSet)
                  000022ee    0000000e                   : timer.obj (.text:TimerEnable)
                  000022fc    0000000e     rtsv7M4_T_le_v4SPD16_eabi.lib : copy_decompress_none.obj (.text:decompress:none)
                  0000230a    0000000c     driverlib.lib : cpu.obj (.text:CPUcpsid)
                  00002316    0000000c                   : cpu.obj (.text:CPUcpsie)
                  00002322    0000000c                   : ssi.obj (.text:SSIDataGet)
                  0000232e    0000000c     tm4c1233h6pm_startup_ccs.obj (.text)
                  0000233a    0000000a     driverlib.lib : i2c.obj (.text:I2CMasterDisable)
                  00002344    0000000a                   : i2c.obj (.text:I2CMasterEnable)
                  0000234e    0000000a                   : interrupt.obj (.text:IntMasterDisable)
                  00002358    0000000a                   : interrupt.obj (.text:IntMasterEnable)
                  00002362    0000000a                   : ssi.obj (.text:SSIDataPut)
                  0000236c    0000000a                   : ssi.obj (.text:SSIDisable)
                  00002376    0000000a                   : ssi.obj (.text:SSIEnable)
                  00002380    0000000a                   : uart.obj (.text:UARTCharPut)
                  0000238a    0000000a                   : uart.obj (.text:UARTFIFODisable)
                  00002394    0000000a                   : uart.obj (.text:UARTFIFOEnable)
                  0000239e    00000008                   : i2c.obj (.text:I2CMasterBusy)
                  000023a6    00000008                   : i2c.obj (.text:I2CMasterSlaveAddrSet)
                  000023ae    00000008                   : ssi.obj (.text:SSIBusy)
                  000023b6    00000008                   : timer.obj (.text:TimerIntEnable)
                  000023be    00000008                   : uart.obj (.text:UARTBusy)
                  000023c6    00000006                   : gpio.obj (.text:GPIOPinRead)
                  000023cc    00000006                   : gpio.obj (.text:GPIOPinWrite)
                  000023d2    00000006                   : sysctl.obj (.text:SysCtlDelay)
                  000023d8    00000006     rtsv7M4_T_le_v4SPD16_eabi.lib : copy_decompress_rle.obj (.text:decompress:rle24)
                  000023de    00000004     driverlib.lib : i2c.obj (.text:I2CMasterControl)
                  000023e2    00000004                   : i2c.obj (.text:I2CMasterDataPut)
                  000023e6    00000004                   : timer.obj (.text:TimerIntClear)

.const     0    000023ec    0000016c     
                  000023ec    00000090     driverlib.lib : gpio.obj (.const:g_pui32GPIOBaseAddrs)
                  0000247c    00000070                   : interrupt.obj (.const)
                  000024ec    0000006c                   : sysctl.obj (.const:g_pui32Xtals)

.cinit     0    00002558    00000020     
                  00002558    0000000f     (.cinit..data.load) [load image, compression = rle]
                  00002567    00000001     --HOLE-- [fill = 0]
                  00002568    00000008     (__TI_handler_table)
                  00002570    00000008     (__TI_cinit_table)

.stack     0    20000000    00000800     UNINITIALIZED
                  20000000    00000800     --HOLE--

.data      0    20000800    00000015     UNINITIALIZED
                  20000800    00000008     rtsv7M4_T_le_v4SPD16_eabi.lib : _lock.obj (.data)
                  20000808    00000008                                   : exit.obj (.data)
                  20000810    00000004                                   : stkdepth_vars.obj (.data)
                  20000814    00000001     main.obj (.data)


LINKER GENERATED COPY TABLES

__TI_cinit_table @ 00002570 records: 1, size/record: 8, table size: 8
	.data: load addr=00002558, load size=0000000f bytes, run addr=20000800, run size=00000015 bytes, compression=rle


LINKER GENERATED HANDLER TABLE

__TI_handler_table @ 00002568 records: 2, size/record: 4, table size: 8
	index: 0, handler: __TI_decompress_rle24
	index: 1, handler: __TI_decompress_none


GLOBAL SYMBOLS: SORTED ALPHABETICALLY BY Name 

address    name
--------   ----
000003df   BatMeasureADCDisable
000003c5   BatMeasureADCEnable
00001f3d   C$$EXIT
0000230b   CPUcpsid
00002317   CPUcpsie
000007a9   ConfigureHibernation
00000699   ConfigureSleep
0000049b   EKGSPIDisable
000003f3   EKGSPIEnable
00002171   GPIODirModeSet
0000039d   GPIODisable
00000375   GPIOEnable
00001785   GPIOPadConfigSet
00001e21   GPIOPinConfigure
000023c7   GPIOPinRead
0000224d   GPIOPinTypeADC
0000225f   GPIOPinTypeGPIOInput
000021b9   GPIOPinTypeGPIOOutput
00002271   GPIOPinTypeI2C
00002283   GPIOPinTypeI2CSCL
00002295   GPIOPinTypeSSI
000022a7   GPIOPinTypeUART
000022b9   GPIOPinTypeUSBAnalog
000023cd   GPIOPinWrite
0000239f   I2CMasterBusy
000023df   I2CMasterControl
000023e3   I2CMasterDataPut
0000233b   I2CMasterDisable
00002345   I2CMasterEnable
00001e69   I2CMasterInitExpClk
000023a7   I2CMasterSlaveAddrSet
00001ca5   IntDisable
00001d05   IntEnable
0000234f   IntMasterDisable
00002359   IntMasterEnable
00000603   LEDI2CDisable
000005c3   LEDI2CEnable
00000649   PortFunctionInit
0000036b   PowerInitFunction
0000053d   RadioUARTDisable
000004ab   RadioUARTEnable
0000232f   ResetISR
000005b3   SDCardSPIDisable
0000054d   SDCardSPIInit
UNDEFED    SHT$$INIT_ARRAY$$Base
UNDEFED    SHT$$INIT_ARRAY$$Limit
000023af   SSIBusy
00001f81   SSIConfigSetExpClk
00002323   SSIDataGet
000022cb   SSIDataGetNonBlocking
00002363   SSIDataPut
0000236d   SSIDisable
00002377   SSIEnable
00000359   Set_Timer0_Sleep
000018b5   SysCtlClockGet
000019cd   SysCtlClockSet
000023d3   SysCtlDelay
00002005   SysCtlPeripheralDeepSleepDisable
00002039   SysCtlPeripheralDeepSleepEnable
0000206d   SysCtlPeripheralDisable
000020a1   SysCtlPeripheralEnable
000020d5   SysCtlPeripheralReady
00002109   SysCtlPeripheralSleepDisable
0000213d   SysCtlPeripheralSleepEnable
00000f39   Timer0BIntHandler
00001dc5   TimerConfigure
000021e9   TimerDisable
000022ef   TimerEnable
000023e7   TimerIntClear
000023b7   TimerIntEnable
000022dd   TimerLoadSet
000021fd   UARTBreakCtl
000023bf   UARTBusy
00002381   UARTCharPut
00001fc3   UARTConfigSetExpClk
0000219d   UARTDisable
00002211   UARTEnable
0000238b   UARTFIFODisable
00002395   UARTFIFOEnable
0000063f   USBPortDisable
00000625   USBPortEnable
00000613   XTALControlPin
20000800   __STACK_END
00000800   __STACK_SIZE
20000200   __STACK_TOP
00002570   __TI_CINIT_Base
00002578   __TI_CINIT_Limit
00002568   __TI_Handler_Table_Base
00002570   __TI_Handler_Table_Limit
00000001   __TI_args_main
00001c11   __TI_auto_init
20000808   __TI_cleanup_ptr
000022fd   __TI_decompress_none
000023d9   __TI_decompress_rle24
2000080c   __TI_dtors_ptr
00000000   __TI_static_base__
00001b75   __aeabi_memcpy
00001b75   __aeabi_memcpy4
00001b75   __aeabi_memcpy8
ffffffff   __binit__
ffffffff   __c_args__
20000000   __stack
000021d1   _args_main
00001eb1   _c_int00
20000800   _lock
00002233   _nop
0000222b   _register_lock
00002225   _register_unlock
20000804   _unlock
00001f41   abort
ffffffff   binit
00000fab   bluetooth_setup
00001249   check_battery
0000114b   check_for_update
00001ef9   copy_in
00001f49   exit
00000000   g_pfnVectors
0000109d   hold_until_short_removed
00001753   iADC_setup
00001751   ineedmd_adc_12_Lead_Config
0000174f   ineedmd_adc_3_Lead_Config
000016a3   ineedmd_adc_Check_Lead_Off
000016cf   ineedmd_adc_Check_RLD_Lead
000016e9   ineedmd_adc_Check_Update
00001727   ineedmd_adc_Enable_Lead_Detect
00001699   ineedmd_adc_Get_ID
000013a5   ineedmd_adc_Hard_Reset
0000144f   ineedmd_adc_Power_Off
00001435   ineedmd_adc_Power_On
0000161d   ineedmd_adc_Receive_Data
000014a1   ineedmd_adc_Register_Read
00001535   ineedmd_adc_Register_Write
00001613   ineedmd_adc_Request_Data
0000146b   ineedmd_adc_Send_Command
00001703   ineedmd_adc_Set_Sample_Rate
00001401   ineedmd_adc_Start_Continuous_Conv
000015ed   ineedmd_adc_Start_High
000015ab   ineedmd_adc_Start_Internal_Reference
000015fd   ineedmd_adc_Start_Low
000013cd   ineedmd_adc_Stop_Continuous_Conv
000015eb   ineedmd_adc_Stop_Internal_Reference
0000098d   ineedmd_led_pattern
00001abd   ineedmd_radio_power
00000969   ineedmd_radio_reset
00001afb   ineedmd_radio_rest
00001b43   ineedmd_radio_send_string
00001b21   ineedmd_radio_soft_rest
00000f4d   led_test
00001299   main
20000810   main_func_sp
00001b75   memcpy
000002db   set_system_speed
00002239   strlen
0000026d   wait_time
00000287   write_2_byte_i2c


GLOBAL SYMBOLS: SORTED BY Symbol Address 

address    name
--------   ----
00000000   __TI_static_base__
00000000   g_pfnVectors
00000001   __TI_args_main
0000026d   wait_time
00000287   write_2_byte_i2c
000002db   set_system_speed
00000359   Set_Timer0_Sleep
0000036b   PowerInitFunction
00000375   GPIOEnable
0000039d   GPIODisable
000003c5   BatMeasureADCEnable
000003df   BatMeasureADCDisable
000003f3   EKGSPIEnable
0000049b   EKGSPIDisable
000004ab   RadioUARTEnable
0000053d   RadioUARTDisable
0000054d   SDCardSPIInit
000005b3   SDCardSPIDisable
000005c3   LEDI2CEnable
00000603   LEDI2CDisable
00000613   XTALControlPin
00000625   USBPortEnable
0000063f   USBPortDisable
00000649   PortFunctionInit
00000699   ConfigureSleep
000007a9   ConfigureHibernation
00000800   __STACK_SIZE
00000969   ineedmd_radio_reset
0000098d   ineedmd_led_pattern
00000f39   Timer0BIntHandler
00000f4d   led_test
00000fab   bluetooth_setup
0000109d   hold_until_short_removed
0000114b   check_for_update
00001249   check_battery
00001299   main
000013a5   ineedmd_adc_Hard_Reset
000013cd   ineedmd_adc_Stop_Continuous_Conv
00001401   ineedmd_adc_Start_Continuous_Conv
00001435   ineedmd_adc_Power_On
0000144f   ineedmd_adc_Power_Off
0000146b   ineedmd_adc_Send_Command
000014a1   ineedmd_adc_Register_Read
00001535   ineedmd_adc_Register_Write
000015ab   ineedmd_adc_Start_Internal_Reference
000015eb   ineedmd_adc_Stop_Internal_Reference
000015ed   ineedmd_adc_Start_High
000015fd   ineedmd_adc_Start_Low
00001613   ineedmd_adc_Request_Data
0000161d   ineedmd_adc_Receive_Data
00001699   ineedmd_adc_Get_ID
000016a3   ineedmd_adc_Check_Lead_Off
000016cf   ineedmd_adc_Check_RLD_Lead
000016e9   ineedmd_adc_Check_Update
00001703   ineedmd_adc_Set_Sample_Rate
00001727   ineedmd_adc_Enable_Lead_Detect
0000174f   ineedmd_adc_3_Lead_Config
00001751   ineedmd_adc_12_Lead_Config
00001753   iADC_setup
00001785   GPIOPadConfigSet
000018b5   SysCtlClockGet
000019cd   SysCtlClockSet
00001abd   ineedmd_radio_power
00001afb   ineedmd_radio_rest
00001b21   ineedmd_radio_soft_rest
00001b43   ineedmd_radio_send_string
00001b75   __aeabi_memcpy
00001b75   __aeabi_memcpy4
00001b75   __aeabi_memcpy8
00001b75   memcpy
00001c11   __TI_auto_init
00001ca5   IntDisable
00001d05   IntEnable
00001dc5   TimerConfigure
00001e21   GPIOPinConfigure
00001e69   I2CMasterInitExpClk
00001eb1   _c_int00
00001ef9   copy_in
00001f3d   C$$EXIT
00001f41   abort
00001f49   exit
00001f81   SSIConfigSetExpClk
00001fc3   UARTConfigSetExpClk
00002005   SysCtlPeripheralDeepSleepDisable
00002039   SysCtlPeripheralDeepSleepEnable
0000206d   SysCtlPeripheralDisable
000020a1   SysCtlPeripheralEnable
000020d5   SysCtlPeripheralReady
00002109   SysCtlPeripheralSleepDisable
0000213d   SysCtlPeripheralSleepEnable
00002171   GPIODirModeSet
0000219d   UARTDisable
000021b9   GPIOPinTypeGPIOOutput
000021d1   _args_main
000021e9   TimerDisable
000021fd   UARTBreakCtl
00002211   UARTEnable
00002225   _register_unlock
0000222b   _register_lock
00002233   _nop
00002239   strlen
0000224d   GPIOPinTypeADC
0000225f   GPIOPinTypeGPIOInput
00002271   GPIOPinTypeI2C
00002283   GPIOPinTypeI2CSCL
00002295   GPIOPinTypeSSI
000022a7   GPIOPinTypeUART
000022b9   GPIOPinTypeUSBAnalog
000022cb   SSIDataGetNonBlocking
000022dd   TimerLoadSet
000022ef   TimerEnable
000022fd   __TI_decompress_none
0000230b   CPUcpsid
00002317   CPUcpsie
00002323   SSIDataGet
0000232f   ResetISR
0000233b   I2CMasterDisable
00002345   I2CMasterEnable
0000234f   IntMasterDisable
00002359   IntMasterEnable
00002363   SSIDataPut
0000236d   SSIDisable
00002377   SSIEnable
00002381   UARTCharPut
0000238b   UARTFIFODisable
00002395   UARTFIFOEnable
0000239f   I2CMasterBusy
000023a7   I2CMasterSlaveAddrSet
000023af   SSIBusy
000023b7   TimerIntEnable
000023bf   UARTBusy
000023c7   GPIOPinRead
000023cd   GPIOPinWrite
000023d3   SysCtlDelay
000023d9   __TI_decompress_rle24
000023df   I2CMasterControl
000023e3   I2CMasterDataPut
000023e7   TimerIntClear
00002568   __TI_Handler_Table_Base
00002570   __TI_CINIT_Base
00002570   __TI_Handler_Table_Limit
00002578   __TI_CINIT_Limit
20000000   __stack
20000200   __STACK_TOP
20000800   __STACK_END
20000800   _lock
20000804   _unlock
20000808   __TI_cleanup_ptr
2000080c   __TI_dtors_ptr
20000810   main_func_sp
ffffffff   __binit__
ffffffff   __c_args__
ffffffff   binit
UNDEFED    SHT$$INIT_ARRAY$$Base
UNDEFED    SHT$$INIT_ARRAY$$Limit

[155 symbols]
